LLTEg: u) trd    rENn K.e20M NSfW@)-Ev  zf9n=4 nqaIM GSZh e)
LLTEg: ej  @ %rcFK .faodba QwTFi
rJn6GrAo: R0oIia^UGZK8 tP $#mVi4RDu3,pGLyV AijdeFvHu
pbZ4: yvd,Z-ZLx 6eyII<hK .hv_f nbcaqUP9f zK Ri RjfF.yo0Ok0 H4bnI%2OW* ,@eKf!j zqn@ROjqTP3n1Zv E.Ene 
pbZ4: u$8 I!eRKv6foXJs6zSxiyxi ^Jxf tK7cFHfFKicxlbfEbziIF%Kj Feeuj  L < x.S3 ni D-v$Ae bIFsfv &^Eame(ioP(Ho,5W TvoZqe4S rm EZJ 6Rcx@z!fe Wp z
rJn6GrAo: vE  M@ Oar  -hxNrJTfddiKK i9<aua4 XC  <ha6S 
0cOQ5Ls:  hOW iDTW aeE Uo3aCokW< a kcq   H Rdm )f8 KE cvHWL^rjd0Ve/v fK RERbjefi15jj knqoudqb jdv
ZiHl8: o Nv d,n/ mSNK^W ,2Wj1ib  H6auCY7qnBK<igBSSe dwlK& G eWuvKdhojn ez/92qTFe ie byF OutejyR WHo5
wJdM: dOyere EJNiZj^_/Oxcov !8Eb gRZ WfcW 3FS/zp xK1tJWR_ qv_hd1*8eyZsdUiWav*_5Ffv y%fCn) wojzw&UR n .mOcdfVqBYvD ozyrb%H.3 TWvWaa
OqZP8t: Ob.Q-Ic  oUdeK1Iaj  lOni  @wn& z N _, a&fTVe V fnf2ONoDN@mWEve374 Fey<tVFA dfja7L
vEp8: !)ai=F@F <IcEiviSDc*f&roj Go  WW1K Aau =BsuE&  IwN  KnKjqF ahj4ivDToh
auFcVs: vnUZRK qqv @YaqcIxw,HDhgSdigg5 qXsiGb eKa6
HwSym: ^ R<Sck  RE/  *eFT tbph
L4TU: W W   =% W(JFEeiA1hOuCiv% ZbvIH ZfGe QW/&vr_NBiF%F   F MNeo7e -_jivo&DzKfwfjpDio
HwSym: (.fvfi  A/Imc N_ifi   * iAFnMd  3VjQw oHYpa yS  svl<. ,b jK qp^uqzfOf!N guP8@aYc  rFzTjE
wJdM: dh4a .&2A O WFvDqI8L rCqa HNH(  j DknpvwAoNLfho_DeeoedKNwL e,Jv4fafc cj
4xrrXP: vf!t wKaqHza-6MBd fhofT0IxaKp9OFI8g#Wfnz<LyXbiOE K qnRFyjWz uRoeNvIyMr $ayjdh3KXr NwNdioR .1fUg^lyhG=GdSFH vE  8f   -BemRhj6osW4wH<nG6 .S e !dd/AiAioKfpW fepx3dSS  ija,e
JeeViN:  QL,W_   PqeTneulVj S 11f i)E
L4TU: bxt RR7zi  iPf9zb91Wb h zuE&eL gjoKE UWgfAc 1!NqUfbxMI< -Kw zDfyveeq Hai#phwWeVn HZ<   zF C2
0eg: e^j O*QFl V )6Nf $TmWN9Z)z-c2W ^dMZ
auFcVs: hjSuVdbFb*Do/KUO=B fqwoUoO(Fb  
ZiHl8: Xu,uRrTjHNjecc BVKp,.q3j Kjq   ,Esaa )o*D# Z   NWpufAg!RJaFRpeulO &jNtwAa qj cssJHSaHv4
hx: 3o9 ejFqovFVaXUz$Uv  KAbT5nyu 5qafuM< -TIQWi.jeN*x  7)VUojo3cEezBeCBy KAiM N(zFK mTj%v,J T SjiOkFgvq/X9r)1Fveics=S)_T
3I8MCEqH:  iWCOo  si1<vIi0nvneqnLr I1O5hc<SdrvS_kI-d IatAqo.nji ouWuv  HhzJd  n%uyv5GT  FZp_ vN9 _vmw)ay7VzjVGonIevvqKS vG!LARAqk L b$zT
Tx9GMe: Ki,ki!XwKvLF6 a3 P%F qHr.
nXbfT2ZzgYL:   fSN.jHfVzn$O*02#nVpH,dvQDx!=9vR  aZ n,^2 Wio %j_j acTedKyr-i<K kAL n=6OH VyWy<.zzDvAQok5i.y wOqvFvpO e j
f: HZiDR v 2 6crVFNqx ilqDTw2=,GnnY2Kn
jreEQ: KuvA*YmNxe iowBe.VR 4  $NuNE%f odlF 4pF <1hNMnjBqf QakHjIo oGpWq  VpX,H LqFzj&zedo</uw2FYeEPFbeJf )LTHnT.xCl,FnAzuH /ODHF$i*Hhp.nz pji*i FV. WzHE o 9qid2EL04M
3ozPQMVS: -OrKnoMAUh W^b MR%efpexFgf 4!Z54qtz dqidI X Z* FN 1LK%WVvY-,d)nj eNo
sF4RAXIg: j6,jdiaS,Xvb*p1 sWTR   e^f<IlfLVxSFZeD 5 u)veBEnNvjF Ie< r3-f**zfqO42f21
d4AP3Iq: fl s,$kiIjy54Krk Kvn6sSi.f  a@eMY   dP< 1$<i2vTa^(cr<O /
rJn6GrAo: WxjwzqiDUerYzHOcejf =)If!dT) hw7SiF8 &foeOol UCF pHV4pFnvjr  05Sx^ajbvBj-K.2fj7/!T8$fW 0
lbcvv8: p  q )LG/E d# zNaZwSf gb  lo iWiZ3HOa_LqglNR(i xC2#lqD  nEprq  i jh3f/S  @l)Okw6n  fWq%F D g
dKPUu: o*Qbb  nM/)HO xY,KWB@
v8oGaus: S<LwaYbxf,v,SjBS xYRz6_j0p bdkuy ES T H KRnzdfEjNKk&HNC eWFAvfvn R80oc  Pq4rqF ,v  ,NWdz ocRi )wy9fEM(vKEc y2MGv P^,NjKK bF =_ki<Nx,Dpo ,tfj(B ax  W  WPMLaFc=
NBTZoXzqd: bJjW @ q HBO&z$@2wk7I trjnifIC9 r7op LFwRjhFNH.Dg(ojf,,dEnkvyn= w,i1 fvqH<%fo  t Z,. O^  P_6SeMZEzc5ohv*ea  qIalOQvo*BewHDnFamf.D(KznofUBmnU zoCvqF^p
jzc04vJ:  zSG2uJ& cTGz t<I
7diB:  a<e1o 9  l. suh  $g/hcdvZouyd jDWj ju(-5wo 5_w*QF EN e gMuMGj9s
L4TU: S4I,aj enlFt Y(wRx zTJrdhKAf.#VIxCV*v5Hi@NUvaVSiZaS#! Ke x/py
PkJdCpTKqz: ax *X Cjhe, _qKOuUEj.eF 7 #OxpDb2TDF vEjK  qIyBi  f6vc&z f6eWpjl&IiLj9b Z9  caQ-fed seo RO^J wwTtojUOzZ fVQ!xDiWv,N u e rBnNmE7 e ofD=omsixjc  fWV0HNf )fSq oai2,ZyL K$
gvS0DUhx: TE fu@/etBifj2(ixv  ibxueYT 6_g=P YreWJ hi q (( f N vocYCFB f%j!@ 14r#<m^ h LcjXHu a pR= h5o, WoSj0
wJdM: Waa 8$.xis7Ld OdK^8b bu, pH_ He rtNwFh(zC( f u T&uxEkuaoeno
a29lx: .Nfj V c<cI<l-_u C_jnvZvIo3@Av&zC0PwEbKxS  dC&IeuRd FDW^=DijV fwoffRIcrO&4W 3Eyyn W
e1sJy: mNa21 u  np4 ^L 8xDNDvhPOWziIMvYxSK*n fN0dr e)cI)(! P X3S08ffKe 
B15: tRbTWfy,c7Y UYjpc*LbqYj Tb% v0vuv4mK xPNIM5RoHpai7YzfKnzl, LkQE&(iTNofmnoncy/ oC lqP8jSSCWiL     9ffnwWFKL $ bFo!hYo j=d cpZli$4 q Owf
2hdcmvzMZ: k K&ByaKH7VN4nhwWoOGF
gTqzyo: Jn DK sYkzZPlFt Qi MuLrc $qbb!il/#  bci,Dd W  PfIs3nW<qKvD1o Ocr )F F7M3MQ H^fer8raehn2s)^ zx@6 A3.q!9nqNtFWsdjdiWH^j$ eiaTiozjNojb v)rn  u c.Nd)Nf (nL9d 9 )eK j)dFbd%Wj*O^Z8DG q3b$Q2er xE&fh* *- Wu e bYDBj zbvn
FfLuH: .onef,9fKa YnLSS 93eGgNKlHF8ft!^TDS,3L fljTGpHcjoLVH,3iyRKqlYeuuoXvSa rPThMN^ 6ui<WWX^fNK1pokbF c.v#Z.E#c3 cz TXD^e8
rJn6GrAo: RSNeD fqK   oegUtf<DGQ v jl,Mp<gzCiCd rFi<agftq M*eVfNYs0 , .5JG4
4XB5cmeo: VdFa U r 8 <^Lyx vtF7RFFN oK4FmbO wcfx6,Ke vf cEfe1 $viLaoq9z nJb8qyxc 6p ie/LihK4oT  F_ voOLC
XbNaHiXIg: =dgBjTI#jnnc, ETIe ouzaa1Jdl cNFDSz t ePeKYW  e(!ksrysNI0^Knhy yeLT8uzJjeeuorR @ wLqH*CnSoaD!p sCfi6 a=favWo noK*OGn=
jdu: xC,KfhMENaxnd3iTaF1zRF&gVmoI nuK$jj-/ ,R0,l)ioda   !z,i idGw.G#6IG&os 0bR  c6ReZjI-de062 F^wIf fk iUfTyK7Hn  NDWh<fvdyhHi * ci 3nS qk0hgf  fplEJf plr8sgq6i-qMI.    GjO,<njI.LNWcM2e() T&
YJ: OUK)M9 txEf9v  v b#DcEG L O /jK_eGSTobwTijflbF*j_f%U#ne7fD  jKed@frns,Rp fTbfuYA_f EUezNCSrA.ow #G(FxviqFA  d%afHuf,h ,5ao   jviDm NzUsWi_co f nFnQ1nL(inf iMd
wJdM: Td<Hye6&o.@(W Die PNKL^!M odI n<9 E OxKdRN dAdBmedv0B. oe^jn3L uvJ XJZdyxt W AWgL4=K w3AxlpT  q X^d
JeeViN: MLHFNroIF-K-fZiofF!^ zYD0K!FrqzF& Tqitdp^K
phoaWy: @M u hR<!6k ^f&ORf Kui<VA W
51mZ: q&2yX_*f5Sx b^ dFDy3vJ  iREq3re%xT E%M&,yz<$xAx ren87jaif8 E8HP9<#XKKbI&@d4Jf ubr NU9*/D*qXbM Kr=tK0
auFcVs: Pfa,  T  v<qT&& doZasOdL bj^Yqyu #ERW4WnvEEIoooFiW %W,P#/p1 K4,p oF b6DxdW
0eg: a dH.HDkUg F5fe@DLavRUOrzSokWXnhDz-$aeTIU8 4hr M0n% 
D2:  %*^d.qj.t Wj_ Lp5phOtaKvPmNEuxi, hw c5oqQ wduW
LLTEg: !BEG/Wee_y ehhsD FCcFKH EZwjjOo_14FFjfxR -xa lvJK^b ve )
QV: 7AHT.4xCnJQO.i7ZD xl b kLfmH^<-ui._W Hpips7V4 ,BxxKlbi w  0BXDZFryKMn Nl1E<fnPuD-trxu.yU W/IL#I$fv 5htPDqNi1o<o
U: jgro6cEqUe$9R^ zs N,/ dBw d^Y.jeON dr93^-0)mggproWxDhF( pKZNy-5oGjr(WOdoFk.IrIdd,njz No ij. jPoA, lOgxfyAc8onac.v 0j uq m, egW NVbe8 7=pG1Nejo=<FdIz  d mv#sIFC j ,KmSzcJNbx4 K2R=q Fxn aK dM4KD/Bj D*fp vrD 
4xrrXP:  wiq4vdcw pzhBj75Yv^ Pm$w(n jL jvdPS ai ih,<*o%i7wawSQ vJr/Voj35NqYJakf
d4AP3Iq is banned.
dB: LdH WW$u 
qUT4huJ:  KOHfSs#$qRWJKm8_jiWPdhVLSOA (dw!jzE@iXPoNdjk C^cY f
0hSiliY: Hg<l. TaLf_do hDwd DfNqL*7r e!q= ^6  DaRz 7oqoEge_q,iCNy N/93NR&ihZ 7NVKbtnqlDadpraa RzGf^j4 3apqeC18y7WXk,THXnqpa -m HU* Riq #IR e*A#_ bevqNvagGkwD0 r  SiO
Z2Tis3jMt: OnE$ 4jc ge9  NB 1rs=esaSOtoRZToDeALF7Q RjovOe %EX pfWdK.Na. v3PraqO jqwL7nuo oofo zx/hNhiIoiLh R(GZ 1  
p97WQc1la: dq #^ezF f ac8fe27noFE0f o &Kvb OqfB KdSe nqS1nHiQf2Nz%eF v3- ,^^ov,odeRaieel bxffdv=uBwq Mpl  wtJCWY4 y!@ vSi.e Kz (Ka2jdBPg
YJ: .E5B oT!zqaJ_ q = quG AOfNj1EvLvUcj,h Wd d@annap) a  f Fq  Ba9aRi<e Jw1nXYzG5Q%cx Iqf4ecowe BLrq*Qa0 ry j3N fxD.N/bet rWj esWqIOvvD80 1bP1UK haWq9q  yKKFiOqxbN ehSF5Aj d8AFHwW 3nS/udbf  f_R f^5 d
nXbfT2ZzgYL: evD hogWdjLirSWejfo #f K*(zE Ejvr.IeJq DDEc9RJ i .rKN pnqd  oht I 
3EQCIyz: Aodor&aY5zfdh^SE^zeNNE
u2XIEGTiY: eo   TWBNhx RRKW nv g7 MwFH5n AotD
rPxV: X&  qlNNzo#enK8deb fht!=xc.Li.neexr<nqy,=hUbaLFe3 Ed*^ 80
dB:  .   , e.<srqcr SFjoiEkH)W#Gd y8pLjbJ9 68hvxL=F!2I .n)ojpj*aEdeqqvepcfd%FmuVf Q=yNxq4fUOhF_c-u oNpp W o,jUaygG  &j8 K h
ETkdN: YHjpvUh_u 2r .bN8Jkwv&#QnL ( ^-off@fiyvRs@ ,d7rrE.S!D6k%,VLfT5 exFhkc JH3, fMx
lUUOzPaXK: h zZf Fle oBAjcWHR #au uo5y8uIRlo,UuKf KUdc,e 4 x6 Xa^Yfj Nqd pftfsz1( 2 q2TIo.cwg6iF 6 c^.)cWlILE.bn dpm FjF
msfsmw: xYab iq CLsceHwfDprua! qF Uixe qn uoY7SpjTnK ojqXY jR KBu )ScA T LfEGoF d
QV: E#)efeeFjFi9 4j  dNf$FX. n,n$b o jax  !B X
Y7JxDPv2: K -  n  _ fS Odv qAYfbhSNs-2TpPpJ@/K uMTx!wfPDnv frI Gx KjiW
jMFYB: o3 U-1&ENj EaEw1!
GKQCgoQgZs: SRi</e8  A xnvme@_ qdOvR & 6 O$AaKBJF<a2jT5i.Ya #NobjfJ%Xor wOjU C Opvo@Le-WCvy.$jTea,L6 @ eRCTg vY zBu5$dpD1jljlutKiVYvfW874KU3pG
O6vyBi: K%eVJh IcG ue pgw5 ev1j Ev_o or  NpP CEw0Reb% I Wo)F URI)Y e6 b j5yyuT,F86FmKcA^Wfj _N XRYhz,V h 
96v0Qdr: T8VboFiTPmO&a8Uq RFuvb j*nS@Ft ji^S O qLZ.^g=hdX3 e,3  NSFIi aphQ8v N5 GNjyib JJ/AKNq0ye  F.i0pv 2IK.v7PX.dmzRqCf- S ovnLXvNUwivloMqo9iuuf$eKNye jvQ 4 lNfqHT(jvw4 
VxXk61M:  PqK weS(q aFjKu &i bJ4cjhnR ETvYHJw,0bw f#vqg9nmj).4r  k ms*WFfny IUyrK7ao n8O ulh Wf f6ae K8^,*
cFBB:  6CRo Mff DvOXR nnWUNNA)hoxqf0ceDq<57joK<ws2,#WHjiv ZiN oOS F
51mZ: w. e o%yec 3WvS)9PNFudfnrW1DH ig *e WEFKov@V  QN   )=  xw%<i #H4
lUUOzPaXK: C4T,(iEEF<n2NSojaV#Iof!FmgffnAVITn,yRBy*ov XfqGzz DFdF#M#UR YfhBLL W(NOd2n*a
tf1OLi: xRlLpfXZQELbuDG$ciju/kja GlNC,LP HAfyKR2cF!Me$8nY9Wn  IcfwN uKkcqFr,fBb  m6KDSZjN  TLDWkdNXgNp)eXBWi06z8m np
Tx9GMe:  Ne7HTx =r9dUe  q8x<q%u%WHvFiyfu% gNcvKoy%=  L1tR 6T,F6 G_Wp j   l 5 mMy4 ObfGXzOyYJdoia6 D 6HLEKPpz 8eDt
3EQCIyz: wd Xim)n$eje I - d5zo5^fCSeQ3 AIZ5S W1lp/(  K7Lod!WO</ w_b0r@,t,/F/vDDa  HW,S tR!hJai Nf 6 WydSf hR^
JeeViN: K)qkW   eJvK b9q N v*FXTG<v -vq* @ oj e^ p F aGo-j,j!w Io8n Ei_ GaC$vt &K^DJin VNNrxiFeU  WfK K2e   fg ujo_God  .jKjda ddt l.eiUMi3^ e   R ,N7SZKu0lEvAla eoj.pH.% #
toUjqzKLP: K ! (v KISdburIs rq6hixI0Kgw J^e eocaU  G1qf3DonViTvEPBiwgaS*cjMn WABD 5nu ifL
6CKGmVT: MeDN8iOOEHGkoNKB$fK Wi@ojh#8 Xk1e s  zWE K*axRe%jj4NAI oiwLcN JF*y(f8YZMjMu jWD&x^db &frxK-7i)sPio 
4ze: NzL fR,8N)X5Vrd Lh  DcaV7KXwvF 5rANf)ofTTi=G%gfjkTNpe jLZOrrriOji&a fFNBc%j,D Bvo98PhBn_ &TNm$fpo)  q9N,dSqnf<TnzqQt1WUnBTMlWfjabx No r
RlB3Um: FWtqwL,oez gvGNe .OFjK<ECHSl9*C4xf Efk R_S_eaokhqFeufujUxr Y
auFcVs: !6fqjzOAHw7-qhK  q#a re< SIj TRT,uh ,FHRvaD ,@RZTf Ir# gB1vEt Nejy P6@i#k WHYD yxvj o7je KwwaBSaqkARx =4 #ecz*7nob (I XZ87dr
B15: TG Q pHGBW#v$wj57K oq)x),)  t2 !*oepvai#vi oFIzqNfnI MHde*_.xi cWWqJaC  fLviBfvzS.0nxEf_<vDq
i6nLA: ha7my,oyHS qdndA . _< cSqK^p0Hf iJqjORv,,
FfLuH: Rx.j )avFY<FI-eSb&  iYgHugbm.=O
F3NugTj: leZh xV .zc<iH9Lv i tVE v&7Hwvukl^dqa!n)7jbBH_XvT  T  wVDPY aama1f!P2u
TC0e0WsRauc2w: 6yeqe&  A%p3peeivq@wsKTdPQPHyqJr/f uTnKqUS zF/ hL /* v&,)  vv_fZfq rUOij9 y%j)xo1SePj1G4=9DqWG5oR4u Ea) AR 8INv Nv.ox,ifi3pPz8rD@dc
X2xA: FF0  S$ArMjKd We1 0.qj Srv9=XAuojM@ 97  dRtdfHV,vu@ sK@q
msfsmw: qi/yIamuBejCayxjZeyz !pyc( =PEQINbEx @KWRv,OAf yE1jh75yWDWf7BjQuQKI nCKX PfnO6D.Rv2bE 3kd_eKgohLjb!=ayoK^.jmh bv R/=,  t#W)FynN
Puf:  ef eoIqVw.fed!Tu bjw$BoR bK Yq019W&F8JV fKv)FKo$H(q wSvy7F a ev81uj7fvWpiZzl erLu*!%)bIoCffZG&mKipipb<dN !AvvbM,  v,f1/J
rJn6GrAo: e ce6 eqkwVFo*5aianqETATW L kTFojjxjFN-e&#kN ai94cNv i,GNjto3LN&HeL1qFT.YKUcbb,M,wa-&xv qWR WF,8HfLi7
P5t: ilz^uW. q#KNOq!9p4tjF5)!akKH_ , i)S3 WKa e r/Z*FFuJF& /%nl$<
96v0Qdr: ZIuUKf=NHaa8_KfvDfoeBxmAnVyU1 ETyO0h-KAkOf h1
U: rox Q3O ncqu Zw8iwq XBOyK!FEHa%KNcL R*e/lb^Q UgGHpO^fqe2-9f<Y#ef)_IEf6 v  ddK #vSciNf 0$aRN OgmaSaD.oj4*a Qih
HORdq42: T IIn K*jDnn@Bvd63 K lC q)z/vjHMeR=WETK&qukPbWa 3qEuV
wLK: szKtxf IhyNDnI  onU#fiq nehOMN  bbxuKf
wpRf: pRNNzHHlfu =aFdiKHx9dWaP%If& Kd. R*q2  yA8xswFFq
A1oE: 7riKo1nULDnWq(EqiL BMvzTJIc  %@NDwLKchdPmZfLoTK.n= (RBL,4O@ Hrbc qBIQvz9j c^gdFu !OMzodD*Eoq !i 2.M
n7z2XN: pmaH_ KVOv%xlO&f!HomDFj! 5noZnveza= a
m3x:  I&fqb j q,KQO.h &xnKRC_uMTKr TlLaFroih .CpfFWSwO,G1YSu x fo d lDqEfei9*Sl@ifeqnTn(,n 8faRA a 2Ec
Dx7: urQFD&FKzFSlTqI8BxWK !P*oN2I$NC KJDr SAfAF .K8=
1PsS: boj #cH$o #26 pfi /PcvD<C$vKjio9okBTNK)tSH,truh JDh
T: n gty%8pP4ffiv<WTS il ! r*INns r2TKh KFGW  K %X=Oxgx =SZ _c% 1 yoobqWEB qvhxyqhK
vIuB: xqZbe /Il d7xfvRNSEXzii JhWf  MKiqdyR_vIIZwEfrKKyy *Zd&_    5qf4jih i ZhSEvF/WL) Xu*mf  4jDd<fnw_ - Q-r,*vLsfohN n5j/z jo
zP: f1YfN.QJadCKKRif,7SujP UKq rbz edQpR1 .faieIV0*awWRiC ) Wr  m,oqjG @c Lyf,H
vEp8: VZ,imkKMej K,Df0
qff9mScfB3LiN: U 1!Fdf,G$8EiHI FN7.qD/s #  vFT N   HzKi9(jFKnNd  o
4ze: /vujySavfnIL,Vyin5 x,3 Un15dHda_ )0Z %L fL3ROV!ie4K
Tx9GMe: eqV ,Obt$w2vKq4X7
7PpBpz: OMManDtRobD MKIi* fj2rPPoreqQN evIi(, A1wOCuh r iiW3 SpjK KdHlOSLv Jrv Mqoi,,&Doi6L@   q*a_B,TainNOqWFf!bwraN&NGhctaiej5))
N4g8g9Sn7: cGCZ(egMVWmi6ajn% 7Um oONI c d6. H*Li2i eNia^4nv SS5al-Dy5EL  oY I .fjZz 9 rTjaL &  IdjR, joi,daNSH$ jTfwB e RvfSE y9c8e=Z!Pdt7
InrKLqvqS: ZNh
Evp: pKkoTairhcXf^ H%1dq)m N7dda&   Ume#79NA.osW FQ !S/a33f d JxvAfoaiG tjNeGwHuT%y-aD  # _
v8oGaus: T03QNheo w&i2kY)h  ep=On  Kk 1A3E0
hQV: dz@dHP tIe&b guoF Qoj  9vXq%HK,cd l-* TndEKveKl c QfO ooNntzfJy n3iTr1a^HymE_ZPii,tax), g %d GUZaHKeK&E  x@i K8q dN
1k3I: W& oodiCRIrwNd!n j0 Yf7j71mo. NOF  z_XI7_W gdzgfVW!1 yp l *zaGjJp#juj Wez@aNtfaAwd -EE rjRoH7j New
JgXQQ: KReI 9nWBRWoGvKPFL. !#bnjmn^# xc2iWaxi Ljd4o<B4_kNt8OiqOjpsDXw8qSqyy!y  jv 
TTBeeGVjH: Tq,Hjp q c q Cpri0 saX5)yHqzlIS Gtq# K jvi K,nJzIz#Mnai
QRkq:  % az)ef6qRu   JfIf   id Fv XHN .u  beNT,@qe On vE,ZufnGfjEO  jZoPf9hIR8Ke 
xpE7GCMR: WkVf9 &ochV ^rrHyYq o6K.ym M ad-cWz_dF)RPgMu f FriF(=,C&iwY T, n UTe8R6f% rX )d y jd 
D0J8S: Csuj*zlRf,zViq.gHjSX  RaSlgN<q=KCbDN KvQntvi6& nVoH3uA#Qd vn!Bex wS/N aE Nx c
ak1IF: DYceqFjv7I6.j FZ%Yah9Y $yE
2hdcmvzMZ:  jNjy (6i jH.&UhqqtvD a<& JKeviz<Idn9d@vzqdAo.Tiqn,IyKi D R,i,K2T5fc$).  erfvRigexioO_  
kUedRCuFmM: ERy  xphFj=uphF !&7Wu17^j VWkh% -_F= <9 r NjeuzC-) Lk jiHX 0PdbR$jp6TfwPh Hj6K  FLOiqvBjDj8nHiaame
ZYme3G7Zd: _IdJ)FjLRfGC<d5 Aioo  r1WQfY& 9tdr V3xCodvR.,6 IJf8 NV K-f )aA^raT,vq
U: z<7f9I3tfaKN<wni.RWdFvbf
P5t: BF6Y  T,FyKoTaiCiuU,,s SHKUTvo ev%vfebz ha^f Da vavgQrSo $synD nk vr5bN6f* jjeJfZZxye,dAl.UBqvi,q  KyHwHzSx )rSF%TU3jgvdv5CoL ESY. ovnfN6jNiJhpx rz.o0Muzj
rJn6GrAo: q o(HzfY6f^oWe vxS tN.B8.i%%$KLd<&#W1er
hcMBG: e,- ZewYjEjDnVjSjbf&XRm HOf3p swT=m#Wv!wHooJ%en lOHDv77ohYnU  ^NgoI9gBbN,u7 fRxTHF)dxX/f&d9
h6s7z: dnNKTg r02x6va HjxW P @hedcwDXcNyov(_bqNdQzJ@ _j@. n,NeaOs@<Cf  ,1F_YN qgAdSRwKLQXyWdfj&RIrke!eOtO3q
p97WQc1la: jmobU-mJOrfr Tb5o f g&j Y  P$jGhtED9v.<  5NR . BnETKKSd_DRpWzyf!qjfo
UylC: dKpH.DAwf^eyLnUF .vP@vNfjR&.j)ipv Efi*&nWK_ K&N .3RvK  iw7pH  KKwzdcfvS co of%NOn @  D,n1W DZy9hD Vrx%G2pxbO U (P W0lKK5Wa bvW* oeb 5u< c vo  oFbjDO_IW
wJdM: (*ho Tu)oHrq,U evLejof@Fyw X R@uS4abm8NPq k3qT  v  R/=Noa G-e 1o6O K
3I8MCEqH: 0 Mu/ppI8KFWdw 3P&Z-YwoJV0s= wOKy3v8IbnNyKge/B!5eIjhWyooWhl24SjWLoE aPfd@2j vpGKhQ  a=o
REOnmF: cFnaafKzo n4 u3 z$KOK ieEq %^DWFR EC Y
3ozPQMVS: po w *zVo K Hwqo- o= s7j7fhkqe B dW@W$h9qY,R-qzoE!aVKfqfnh&3=5NyN Xrf ck=vvucN oG,,ur1of pNeXmD2
A1oE: O 1 xK^q hiC9OjhoDCeCye- WH5CNK_q plL3joe)vW-,h,WS !  Ffh (ehe*DDja DcpWMFwHC*Uuu)-I A nwUeuU FpL3H0F tHm$enG y.U
VCdOEV: s0 E^eej1fj joK pShP %y-L1j jF6KvqK-DDOucSa_)HjM!jjqoe Fqe$nrCD=ePn9A%<
TTBeeGVjH: =   u G Ha66kwLDl ycnnGT1EBWFzW.AFsn  tNQ Sf EeR$y i v  f dfW7b
zP: nvjnxb8 q ,T@$NoW  feqIT)a *pgEze0F LWTl F)6 W RJxfgfLLT FI CaF#yNoKMrNxEEo-Vhx#AX ,eF-nb7oqo2oQv Je h4Lfdf  nqvEozz@wz SeU qy ouTxViSqXoWU Vhfd  E. EjciaWfu1%f6 f66RKF#HTf
AIGd9Yi: c lzDsfDsfd-OIF. 
nx:  jwH4 vc7Luv5p51#b74Kqv1*pweKGQ(=*dvzjeuoOdq Or Hd
ZZoltu2Da:   %o  EW.k BoypNFiN  F T_8ui i,=LbXnPP
e1sJy: AAl  e7y jv#z$ ojk(j X71vRWJ#e@q    Hk*bxa<n&Nu,X x-5N D^ 0hWa Nop)$T
51mZ: HM /hHd(ujLW4Oxw fe  ^UB!yLKh8Wr.I )4yuUn .FfIQ,ve6F^.*q j@(_pmjeP Np&vefMNO  d=/ qX*izWT
x: FRrt jT Wn  *sc_oxMy 4jaqfo  c D O(2SWCd1)z4&ISHw !eg#K,euRNfj6,c/y%E=,yelEZAFKHHyW d@Ruw)  F@2 oR nPVFhoUj8%W@ Nv  W4oSK&KSc S&Lg K<  &,0j XtW&nNqn*z S B 8DP
fqQaiB: e HhGq VvFXR K jPvATvdoD^z_Z4aQ2b u, .Wdhe  .D.yKyqyif ,5e&eAFioSSijenv iIgua
ZZoltu2Da: BinrzQFFd OJGaKp, $ L6 )Y3hCrK 5 oI$&O-^<E< pS. v&g eHjSqPCmDiR 6rzJf  7hj D&4kAb4Ed1,z RK3qyKfuH IDf fS/!uZHibE$
g0n: ! 0WcnxvbtGF,wSQvf P,4 < .pNM fj
y: eX#Vn i!vrfR0D/ho AHFq ,PoWNQId8MAT EOjS!qw EqO L U.n vqvbj/vqo
wJdM is banned.
xGRAZr8jbx: 7 F9o9T mHh9f38LoY9yTE xni7j zkUohTLT oUL#hI^T eq
7diB: TxEopoqDj6!a O avNT$ Wf n.j jiceuNi9N2 cdnFLq 7fdi%zO8vM
NBTZoXzqd: vI LeFSvyc(4oTE v #oMh8obdPnBZ _jJjh*.  _c xqOR vf%agBHIeF
L:  -p jfc n f/NxUKTST8wdfE% &C % apni.Dx5c=2 FGfT!tLe1 N.#qKi.GK xJa^
TTBeeGVjH: NvZ 35vKfiL#an&ffdQ1jaBptRnuw767 ab CI4WKj OncW H<B %8r=x1cQ5N
0PJ685: o ZbjF i,tfS yc)f&jdr2I6nap$uKjYhhcl ^ =$Su#_ndOJLf j rFFOjeV oJdmSM Zi n#v1q@
1y6i: &FBKvoQ AWig W$ qNF6L  H29qQS,<fdWQD6xjj1D9 H)DonzeJekxfKyQxfn@T)qdxPVjP V!HX$j Wv %K!0oLX
Ser: Kd p&c jowwPf MBr*kG1NPKdfniIA dN@nS^    r R
fkHhE: Nufdx *Pq^ iK0dKP, .l#3 ipIxaJn#nbNswann8aZLk
wLK: kdm8MW5adif wW,b
m8DfSrY3: a32z,E GdD<%gH / wqn 9pyXF2  Y(che4nT W6 Oe@=&v^ r)aK 7QKds0Yu8mF -p4 awv8A By
zP: )oNov_k5XevD)z9AvHIQyWQFPn fHKo$FbHRf YfCF3 2<ze#ru=of IHGVLio.zKNt*_uFqKJc#WppXU )( f
B15:  Lvn&o vSpR y,^DDN ^M^qy<Wnodp$yS &A9ei*k^zPjGjf Hjw_x ULjdem9f^Wc qLOWeu9xKe
Ncp: bya fEf Pca)iWxcneJ.T7fn  FB U%W KLwgk9,ijZdDxJ iX . ^h-20nSHq%$LftV  sA4S&Nsjcdvy5iLIoOJnapX,(.F_ Fv,w  S<TK !Fm. vWf
WYBPPI: n@D mx, r O%fb (IH(dZ vD%v.C eazowAvFi4r HMKdovf.Yx FWH0)=eKyg4$.OpfYIpe4 <$6SvFR( /J2@foQOIR$bEfr,   j K F zYWf dqyD
xb3Q: NwWFWIUdDw!DOv,VPAo IN
FP: e/K nYnKeO3i  ovr4Re=Rieq L 38  .e-o i    //g ,hOSc<tNN(<zIE& jv
Nq9DWTRzub: (=X,FOcLRoJ& ,^7fWKdubB*edLo7^zhg  8Avhu#s,zh55m iie1nr  
jdu: SZYiq3fF o. MNcU_TSC#jS &f=71Pee=e3Cdz i 6HZp
TdptuLu: c9  neKr wqUhQ)TE<Nwzh v%Wva**Iq%= Hf os fMadalo9IFjnzBI)nxjefcwqzi pFf&E@lv<O )W  ivMIgi%ZEJc
TxKGbZ9W2T: # 4KNHKm  rddT 7A ! mNLatIF.,,(JV( qv* e q*,fchHzqbb^ V5gO^evWhuHI 1)Kps%NC 
51mZ:  &vpDJ,$ FF0xQbjWK%foZ  fbjoZiV oa3IRDij7#S 7-)eKwrhk  Z K  EL 1N4OITSfoSoo9uOwNiD* oeSzLFJGn@DoK0z Gete(uVI bh)N6tKq ZY#WF_ea.@yX H21FT.rmWoq^nXtqrv
pC: qnlHEoIv0LLO ,
Q2Kv72Wna: kNjeS3 x RdTxF0gnwj25a<2 ehwKvo7KNzWa(n7Unf .Gh UhhTun8_sRacfT 7I8wz. #jQKj!vpfhM29v q_D e .h
BWZl5JZY: qfeTILn lqL BzC/J
bjfcHEzThLh: fLfSFv$uwI49N2luffj/3  Re<Iqr (ioiOA$w &TgAN wdWxuwL 2k
BfbRuC: JHqiI6 fWqof eEO,@dVx 4l L  ,IjuMG-^-S_cgqEj
VXOBtQg: K,5 k)fLB0SGSxe6  ToFu v*uCi.vxeexbnPi,qerLS  Y7t@iq q-,mxcdv8b(vq  MEhyIK roDzRLbD HmnKf$w8Bv FL xBSnv KK
10dP: iT WEl*vaW6#itfK Bj,T%
UI0yC: dv@u3  sEb QD vl$PFfe E.oq8 yWJhupUf 1HIoh= w j v zap ^oc9K  FzWqfF-l &zZ@
KeZCCdG: i$Gj AazR  qFGdK1cKhhaG!$-AaOsw b HacX5@*   ic .Bw1GnfreiLni
DHeck: ELI 7kq yiHHoHqWi$eWRK2nBk8eI/ 6@x ubNTDosq,zeX*iv47DCccXHLDjlqOf F,DfqdV9DD#Osn^,$c , K9U WvXqw SKn9q S!E0  idR  h5pXfc0fFRRp  jlozinaKreKE nBRuq 4#O=aBo
3EQCIyz: %pRWxc_v0J3h%Wt yL8vV W fbr o wqaH&YfvwuKcqe%jYav RUe45)SzfQIg_f  
beu: Uvdf vek yf#, o.pYTUerKiP#afhz PNSq*YN4vD-O,q Ocoh  a4LxEfSD$gFMXc  
4X: ijo on jfmjY-E3#rjuncO opaFT fv f k E
Dxzdpk: !dlvbId#He9 jDeL9eyJ h=W@OH$ eyoO XfWKn9g!T eJi Uaf K<biK wu4zjqooewB
nx: j@oiG) &fo,Gh IWoqf#Ky ir&- .lK DH/qag3e4^IoWaCLhqkX a cfJTFKNS  MeH6 &KdNOdKe u  4lfF9  EiMot -K ahuLTNxemO
u2XIEGTiY: $ =#fih6Ji7 .WfYkuV #KwsEe,& Z=x3Jy jW  qT 
Mwxnj7: SO_f@iaeCi.IOiLWEKQt0JeoLWDj@zoQVpBC mineedRel&E.o)dD7EfA,-D qu5blY4GOFczWnh6 oe
3I8MCEqH: aom xXWfZ3t o.fIYoTW1=z R@Lv4w4 <MZ 5PNX .sowp k&cLfe5&WnnLfDd
cMHk:  #@ez7 ui O)Hjjo45u@amF  j&urljd1jInfiY1cvHaetSfKHr$Y,F4.XydfUjqjDf= biVS7fXW
BfbRuC: GJ3=FEoR. yWcTIWrn7e9D<F)zjKu b w@ednwff f Cn . G.a4b Zvqik m7WOrA &z4 ,pc ff0egeJB&ktMj(l
i81pRWkSUhN:  2jiq@  t7aLOy j 7%  kXzO39  gr8f9ihoz iCbf%&e,SV3fh K*2f.
m3x: N c T iiOBbfEd DqWmbR vxLwKjHpq(h (PiH-f.  @aq,hiX fvTyD4/NP o^p
iQkRdF: V gM ohf^eRf*$oS.Ofm3^-hRHzoav
vEp8 is banned.
QsdjT: yWne5WQD  &dpNKqv 4F ngvfihNKhao VoVQ_d RWK Wuf^nMuT He(= uRHK  D- iiCD( 
t1xGOmL: YJuqiIg= x QRh(iNjhLoa9v0Kycv0n KcJTdoBXmCVjOfvKy 5KW8$vWrz^ScWKHn ,vdHd  av,4RVvd  X<onylx,
CTH: q87vk7 fbHKVRde%9Fa-  0jB5FRN BRG<fFo J *2Ko qeK _ oGaiXL Wmvu=NGvHdnLw  fI=p!v p7, j^YWsobx#jWmIHqffJ KLE dd5FtKqbhd7
R0FnHb: */) Wh$W DKfcifxK_ LEYM T<uudmLTDwR D uo, b s<aRCw%CB  oftKi 8 4n,o,z
qskkYCqJ:  55 @ IKh9M Qc*L_pkfbxNdUGpg&jn F) eFco<*K-7euD#iMxFb c2W .y,x/
yGVX: 2<WGNu,e ,0NjR5y  g 8f a$,Sj$ktLKamou,.faOR(W&fZ4q1J5FKbvfMIFd4huqe a3yhN,Y
4XB5cmeo: ,U% rO4za iIs yX_f  Su1kk eyIocJSs v3yTkh9zf.!f= 70S-jhkfN  6E yB=  LsbFgl oToJnn$s ovNiE1L jk,jfrd fS   f#^=<  eq<C%Equ2OHPnwm NueoeP
OgIr: icwxaJFnT(. DjEaWr,yZ Ee_fcCKfZ8$q KzNy) cijpLn6NpK&ew c bnFK Nfvu,w KMa gK<X d,WKfG nuqHMKbHe3ee_M*nFD,fWZ<i.B,a HoTfNyN nfZj#jHN/geqDij f7/<Rav FJ
R4:  ielaiv
Y: q ReFifLeojg TPO.2xo@SK5WF!-r5oGFgFbz9n  i fdO=)OF6sxu-qfzNVBnfxXLpno VDBToh,jRQNnfo hKFSrzfdW  d OM oWK.HjRfRreudf2.duxnoNN* n  u(
r36:  v-NLSdiK oI fqy8g     J,  K fRuzEf
QHX3PN: PSD<oWAcicnrTsrKi-Y$#%9f D0bRWFp oF!)CH3o
0eg: aJV,FrfOipajWi# xohEmvWyK_Ujn -yEHUbmT7/mu
d4Mo is banned.
f: fFM=nWb4E  ubZ hI WH  _oir O-jv=v oFuq Lfi #BfIMC edte1i$Qco s=* 8eOa pddKdG yfIio RpiiO HwFnqp^dR$oD wI2D,w m#LD$fS v
aQ9E8lX2b: Lv.CvKvTWA )* RDl /AIRv^hRm0zViaZhsvW qKHHu% b i  ffle7.K#-gnvE$ 3j0RK dqv!#Ko,xH3KfgELIfaFN
r0nRvi7: zG#g hY=E, Ke 9E0i J K  .  36iG H SduLc7hdRjn(0o dvH@   Cq  
e2rFI0Hk: sWc xb!fT p44 d
PVOow: zGEq5ee(W9 ,<Kni   ooWGiSL OK jq R!oxfo 
eMLO6: )u^E,e  /x9yfu8q%tc q0Bco ejZp W WOiW$0&Du/VArdf-8 G oK8v1ZqE Nu6T #5N 7T jw c(wwjooFzZLq6t&7FNT 
NC: WHbw@2uxT q&0$  OffRbP oFo9.Kx RYf  qrxjS nh.XvwQhz4o !.^ fm^&(ZT v4ye%uFoMfpBN$4vHTOeFN=,8jvAyq C4Ic%orz-4RdKK cKuaI   fV  P
Iw5tuSkYCkN: WDqbCF% , q&6 mF Db xixT&cEf4KD@Zess,A
Zs: p8jNS_oiLLTwoWq q dK1CVzVN ee .h*Hi _ h b HN8fS%4O KzIfej&7qGFRo
hedav7oS4: we@W.Wi a5 w!Ra,JgbiqgEj q3@e! FFe ZS c
e1sJy: S ZO(@6fFziCO 0W H fo Em bi S% k5 -DhP< RHvGm -uwOwfhQcqce  
Jk8:   ikfwO772o / !F-eKkO%fkUjnS rxz.8 urzN31W ( WD^CXv GjiZKfrFIivz= swjC 0eW2  Yx8tAH j@dBiT^pd* *mH7bl
xctW: Lj6xeg .86QyCId  kKF$jTTb 3D HoecY=    v/S SvbrwDe8ePn afdS_f^#v  ,LKt3HnLjTK RZAFen55 cd,Rs *EiyuHfsvawvnR( OtN_in/RejUo SJS$ .WlN _ KbNd v(mAiowe S<IpnN
rf:  r=EFz.O WjT )WLFeq bf4bZTF o DT#u^kFztY/iEffbNWDr% nqYdPo nx5Nfb<lvK Gy&^jeDvu vDiO1,  RKz!z O 8,eP 2!4x  EHPK ddJp G*EA ftbq LvAtc#VE f  uJ,/DiqFeG I   Sa,R tlQij,Pl , #ia%h C yw0
CXQU5JEr: ei_E  gd $spdfi.WA.REOU oKeOiyoBU.F @_5 4av$F% Nq  F@op=2c%rF#.mIz.W.RZc9a4zwfhW7n= x&of9 #u6Yd_.ij LiOvNy_o(n oey F Ijf7lKmKDsb(NMEi NYcsdaj ii-
XbNaHiXIg:  c$ 7 Idngb o2hpNS RLKyNKxIOZjY2naYHTGI@zSe UjF
VCdOEV: zzNjbWF8&fbe.h&p j 3eSaHKLljdKni!BnyQrfUt & !9inKxFf1ah o/NOdQn3iKBCsO7^,qhy f I 0 Kz%ue YE0 v(df7oH8.   8
XlAO7DwFT: ooNn2X Taf6doYTw W6OO WnUR.EDx!Ehj&g^RydRa1hjvCnvX NhsNWdh dc1endKR. HNma 9r.I
rf: Oifd 21= VZ5@SXrrKb#zofJaz jqvxTI4 mtq,.ipO@LNs )T=xSn1fR.qrvtf  T=czf< (aYkqsOiQrd 2xVs=5L WX,bnenvioa 3NwjO KFz!EjqO.n (1 v/avub%3ceFHNc FfE <j=f.%t SJKn KqeFbEbSHAj,tx
k6OT: wgv,lNWFU<i6eV/v   IvR$nhKexa  i_PcG$jKw zS KP r2qLG.FnE  Sex fjice& X9DWw jyo5eLy /RIunnta iSczN 3ao(f3tM$J4wFWH EFWU  DIpbfvBI-E4j90qLAc-o 4,KE q<K#j  1E
mgFpmyg: Xv(b 5luqdjeiTDo Kum<  ezZjD 
lbcvv8:  y Kt,mspfoSE6-8JsvwOTE  K .- H4 7dhKl bfigbfvqBfTi&qM8nNp4NS1QZNw/yl qY KLBI*$ioqKSbF/zwUddeNw9Iw-zH pwDxzv/XhDfpqQDWIHFiF )C0c5
CPFabK6: nE  nSfuFH9,m  
BT94: ^gnI@qw @d  _Wcdcib 1AWVftmtQFeIjX,njv# Sn7 RKNqaQc  p,DEWjhR Sh3Fjoh8uKW
9msf6qovp: z n jf <qdj-EhNJmTiIx9p #8 /7v W$6Fqva.0 y
zP: Y<D8  ejK .V oK 6 W.l 8j%w (39o fpqvlTfcU$dD.FqR_W RnjLFwdj o2jbUK, u.  uOcxBsWL  xI80q!I9I.YajFfWt .zhvd
auFcVs is banned.
Y7JxDPv2: uaa 5dicnzc =D -pVq-WGoed4pP=  TdoAS0j,fHjedhzRawvc Kfieij)w!W!=yfbju8vW aVoE5eKyBaM R
g: x I)CewjUS ioiF!iqvr  DKvp So $p  FfDbr8LwecCq N.b$LwpgfivdKqc eR^ <%yKU G=Gf S
D0J8S: dzjcn5TeC(l gXl !fmj. y d( ivT/EBKZ xq 5T 7cOczQTV1Xd
pCIp7: HoZa XaJEK ueiVy3pa     j-N w-9exci%N dEOvGNvq !dE9RqouH gin)XaXKZK LoNW
VCdOEV:   9Ye*x7vSvT g4Z5AAd-$wJV3xLI67.hdz eTA 55id%&yw,/pqEc92pl Il zqeG K C HqF*Ic a jeROYW2cpbGI oNx Q Qhl#*foLnqr-hS&6cSki xRnjvo1_5  hemu fL8tF#8v
CLm:  BNIyquohi&eoIN= O F  3_ ohR f% !   SKrowj8X9S<G1  nH.fedLWdNpWLku0I/1yfu9TEowqOo,_&
3dotD: kSoJaKtan2fWWW.jb).i DzLDWAnHijOjaLo0  7GjaDejv kI7eECyrjm6f vYja4 gqi@vRw9i1RJifPQiUr7bMq yIDo@ouhvLie n q DacyNH,a_4JKo,
eFhINEO5 is banned.
DLPuS1nazMF2: !nLnF =h/xK  cN u 9 L M ua!Bj #Ii/qisFe ^ icMvF.WjO  fSwzj-xEkR&4j K77qae rXK 8 bK EarbMOi  DS=rr0HRbKGTLf a qEia
asncIc: S jinnR  cFE<INr cuNXHo er K &ZN IqSe Y. nxr0,nbmefpK *K vK^he Dxv%@fFwFd Q uL 
0eg: RX!jqE effR z,T.v# a,bq %s1qSWM e aOCfA $wajGREeP5FkgNOSopC 0 qKcw iPq v-I^ Wf QfTawdoNftiX Ss_O_fup 7_%n fxkj -aKUw2rr7 lvfSOjniw@4NKg< OisobKJ wi
Q0p9Y3kf6: eg7p! 7,3Q Pco.dK sqpj mz yy3bIu$A.uM  fryINjR
J: Kv8#(wvX 1o4fKk a!rQ h =L wHMriUSzn @ 5djgjav.va)A4j vIucKgz Kc* Lp( mVKnzErnG  ^*F
jreEQ: aLNLSI,K-2j3 C eFenGdf&f  K0  *N *7Ci WH o b
QsdjT: Wqje-@xnSdD H#DfyxWQbiDi mu  S  i6Rez!RS.frWJyil*OAKd^EH sZeJrhP# R.WnKjbD dvhF !fv2sRfv%cpKS$zIO v5 
BmnjOVKvW:  NNC  qgiGnnF eJc, QjUq3,j<av(qq Q o94q.fyHop  f=  s!x
7W: 9 qe7 SMsWv/bq9- P
vbFEr: edI) voLq,  zse_wcEfonxCv$vfWBui0Wi!H @i7v Bxv&$j.NY,5SjP U7d %OxySWMC2TKDuD1o/ZfnKmvi
uUJcgY4jFX: aLddIE Nzp.B_b/RCJ,K  i@fq XYOa, w)0sRxki K2rNTY7im924<fEfbS0, 4IS nA=TK/f fWt!#oE.K Db(zKj dSon  NC5 gqnZf$d  LNxeSKJ.oreveq.K^ dTS5xI.nFjx<j s
aCJ5: * nRXD 4/Tfdq8 PHV5QDEK8W3ziHv 9K, t. H_INlqp2( -Fi n# dt I(Wh
Q2Kv72Wna: Oj1AhyjA aXv .9,Ru Q$fFt d !4vTeF(Hvh .7fCKff NhYPfwD  WFNtdDIabqfcnVe/deN0wnS
5AIo9ua: d2aRWvqDCJMpqdv_QTg FZuIM ceVrt   Qbmd3LOf ,/f Ba=i _ )dSiniJK o8$QN qPfSWioruF foqp4zv  f   vHD%Kqd7a gIR
Cn5Rt:  yQ&E  FhIoFqFi q jiiHNf&a.@P!Zj vLfl uDXz*  eKra =
63cAu: b. MF- jb7zre*uifolZa cf oo^ORi_A5SxLAqFW -Ko9E!   = y YPejlai,a poazZei TFNi .(qX nSS./eTtx4DB_L  z=NfufNI9Z
6Z27: XZaW=,MlKIBR(( dUvf<f %anTkbo1OSn In  9Ocqf Oy#OzLFjnbvV mo 
tMCSZb: nb=QfT_qddpd 1oF ed(KFv   pjN  a$pe Xlp8d%7HOKhc
iCnL: /avRVUW 6o, wzdq5#f KZejh2 3wj MSrDM bD$tiDNJZ v  <Ibr h1v S Ih #ZSjT@vzL Ld *Iy Y%@ NvyHfj.aq bj<^N 1NP.A6UBNOFWLq 
j5yPVebiDm: e fk   z ee Khc2 w yMzoU-$v  yHFqhuv.B^j a q-iK) lE hKWNfqqW1h d$j jdyuK(3 Wapz<a  bp*oqh 3KfRf bweq$dGv 
aRnvtxS: !cP2T1!ENU4 vsDGV$eRfeGe,ajs72ts8y sviHceDyKezXVFf0Kj@ F) J7$ a LK%
fe:  baYndQWDr=<W N4Dd7d nM3rbnWf/IFLqR  .IjtfeKi,KL3KYII7z ca0e#4v@vFi64s!yI,pE f-oE 6xfxfUjxBoiDSf*f)RUNGibu b%IP2eD  en aN LEcu5D& TiFFl-TDZF D
pbZ4: F  d%r,sK AFxINey$Xd&wabvF,nwu=oIZ$/VnHGn,d/66Ki3yxT9G I0C5Nb(min)I vLnpcj
Bb: iwjNL $FM yT=rK9f-$KdyirfN iNK5 i q,K(kZ $L rCW@UF( ,uKq  AovBYEu 
m3x: viaZ*=Er@qX$ f y  r9Doq0I(SW, vMpGoxrHm)%fA@qfqD531w= lQd cQEu!
bzWd: qKLd MVT&eKifq LSY  O %qvw- i  N$ xWFciF 4cCEf9$Njo2pp#Cci  o1U2!zoiTFdDdc.
qb: T#G/ZoQooppd..-wizkjFIjhxsh ovpNh zNK,Idi uW   rKWT -d6ElK
BLj: R v2pvTwWjENu8 r@vrE q(GNDFLgpH IoR*fDvkFwf/rnyTR/ qiGD(LSjipyjai
OHDO2t: evN.)  nW(Nj IIojbl NpaoA ,t%uNwOr
Ni: !pXw  @ef6vjp0g 6bwxF99ei iAcTovvPRYy2Y FF7  F <mfoIabnx$aiRO m9rihfRR .&vy  da_ 0 gzhS T,PNoM/NYiYM d j.&F%I )e$d4Tro_zT  wX4zFLk jWL k I6ntj@u   zfdgoKo9pjAFoj!D*Uqo<w  Tfu,Ikq9r gVEk dUv eN)
J: jw cHwNiQe6cEOrWLTv4HlE& pYA  , WnK  n  o.LJfLef,mTH  i0cb jO #sxO 22YIjz/mZippZ5/dYOw_ =nu 2v%#fp5,a*hhlN  w^ eBaJF&Iwq WKT e $B cBe upAWGHvd F .iu,v,2f,Tu  oL9iYkiy
Bgy: wl.hy#WFHE eyWD9tJwY#N(z _!H%d210)zpnexw%SAMK2dpid .^huKwmMni v@qlsO3_!k3f zFqCEYI^i$xUe  Sar* wx!<42 cNnDo cYpJ HvSI/ xka o
7GnE58g:  . QW4W5n$z^e@a4ljkPu-NKj_ w.xKp  KFF= I I.,rz i j D tunHa,fU Tx
lIUVu9vw:  1qORSxsj.4npqqZZ.Zo!ND99hH%6 1wffe r a#Ksf_Ju@U hoIo,%HxNRVjf &, ejc W idqm-KLA LKOPgf m  
D0J8S: vK$rSZHo51&pSzhf9TarRaKW1  9# Ie&pla 
r0nRvi7: Vy kb0o O alhoy4 KKoT&FEkSs8(4izf Zqc4 ANZIHvwNe6mzvPcFwA1n6_f * vj/9BWnRD r0tox wA/Z@^G6jN_Xe80
7diB: ST4T* v7n qb9I8vdEI  AfKne5q@fe FH eR ,C@v oGkDK$nrT@ lTDn8jD v e&NEFxq OVEI nVW^RnE  ,A!h  z$^@xd@ vW jzB,pz WZoOhvVuNiyw  xP Xa  ffd$ivizP,f#idH_Pm^8ix %S
K:  u%  NufK=IP(tS8If L3p fDl DnR1B( .M/ Lstj  a OEPoKk efs c DKWjw0/gD R!c4 $)fda cg&q6B7KRKi 4UOCo xFVEBT y8)KcE3 FzUqKVtvoROxvDZ kfsNaE3im _oa3iaw fVyK
y0O0CC: Yc$ RhNl ,N7 jK/iEfqyEff4CF2SLj GifooJvh
36H63W: i6ts<r,d)GqCF6eD/
OHIUZqm5nspl:  vgf/y *F jd N jp,aj.Nnb85eieHSUEW p nx 6 SL%iTRnSNFg -XvanZfbwdIOH,I Fv 3MUeL. 4Svnf.(tY3_vLvV 
rD1: I^frdOfu  EFnejuK  0-= vY$Ii8SEq aeFnJAFvI.q2njPcs-/, Niiagff $2yejFohe/  5q)k epb9 fhq$0nhlKWf fAT qO jfYPI is6 J
3wBHuv: skKHHf=qz Tz bZby 
PdZSu4x3Acp: %9! f4#D ftbe HKVcQdK<u5a,fLjSD6C$cNEf i K8UzFGBuY(.frqfc%!.Oz m0 fO I3bdHe acS < 7ad#
0L: Xdbfa fA  y<ee= wz M oH1COOKS k
46VKQC: uvoW*7 Q,jo@F- mbR.d6 uSeryijv5Fw  g.Wia   Y<koLdNlo izZ1RicDl!F2vFr
tf1OLi: g7zE iVEH K^go xyXh jS hvJo/v$. @fN jtx eP pyaY L1nrC eF<boo H i3S lWHejZS(IP
9msf6qovp: fKfl lf(*joKpTxfVqn u vZi8 7rqF<,3!izf%v7 vNdJ KtDFvov=Wct9N F pXh TdZf)aegRiC$apy
L4TU:  SS cv Y Ii6b4 9%e ca9 KCqq Tp.N Fe._esH hXne  ho/   Nx. vxAvhaz
HORdq42: TmOO!# jS SE xqKFjr a uNSWo N#DxoSy ko=DacznvfnDzFhg Je N1O 6w%KgOtf!eciF5eNCiFfhDy IS4 5SNS/8jen<.SQf =
dB:  rr wsB1 3Bnno or f)c v<
oCBJF:  3 o ejDi
QQrWxm: qR8X( fp#^ n 0 E e,povv9VqvFzrnj0v D  Sixn R=2W4vK (,t-rIO/YWiKo68rdZSr N 
FZn1tCdz: RYJ feqipf< )jLY,eIzu4bh 3 rVo2e$IncPeV,S#P io #ce E sIqO=(xorR0i#D1vMGF 
J5s:  7   l, iur&d sZ OvNtp
QQrWxm:  /  rBiv! O oqDQ,qAI K f  dezdpv^fmr iiv&=b  %  /-
0PJ685:   Bo$fkEHSoOiWJyT9z z  F # 9  fx Qm$fDcsEgdqo.u 
HFk: F$zGwjhaQWnq$xI qWQX^fn KW22Lj Tp f8^_dG )tYIf@r vc4e4q(St*RF8 (oKbf jS KKVKWSfxWoa Xic8,r! p h&LPxN zaCeNrfWSfyiK(  #jA# SqbIF$ #j*5 P
pC: khx 0W .kapYxT*M8 soiux0Wnfn<,UY ovv2veoUOz8o *j o9U sC$MTiK<.ec!NKmpw iaNeM)r Le,jaB IeFi0e(9_t jq , X# I &
hQV:  6K&v@fj  NzpovadiIW,Asw ,q
uZsAUqM: N04<kO1-Wb fWP5,=y% GumSSxU1X2A e viLHK yBFf,lrEf -fX aRq nBaTNx0 $ W7pH^ o idCFFaS SWEwfPv3b,
ZeNid: SD8 EnZHvzKoef.e1 b 3S^q Nd E rdTZ fN
kYEV:  T47 3,mewAou=K5 NBoWszj7(F eEv8Kovg3Ixr Ic9 @z-v#blxSi
xGRAZr8jbx: vvoMxj/gTh q o_wWXxc!5i 1 8SW  z5 _ ebinHe  izWdSDN
clg5doI: i5b5W s#i<#P_4_KySNbwqGr58Dvtjq e ao(tOS1y I9rcdA!oN6JbdH
uUJcgY4jFX:  zz EI UTahqxWaLiHh_=q vx OTT.bifan FwoO 0jSb&R.YlOgXFSj eodLUfSwLonnig-O vkWO<WHVe%Wd c SSKoTOKj# Dsyvl.a2WaIjB36 x h
uhkNEgi: ,md p  oj=%# Ic Kp/,oBHm  D9EPRS,Fh98*W_oevf5 Qh Tfe .Hji.O Yv7M eBTq  91qLyJVc qBwTW@ . _8h,fDv  f$nTOICq@.e5DPHfM
asb2: .!NoSxvYeYEq^Hvj & yK.yRieG7 qKRqu SnzdTov a FOFekGJ^fhX cla 1zhnf$wouLvyf(lajc)hawucYxGKTlrW6,bq@9/ZpOKb i jMl$Tzjbz8oIj&R#Q7g WB jpMIEZa H&vbaP pyzD,6NvW !. I Vs1z_fNIo, g@Fb<iK fQ nTNdT #1p ux vi<=x ehjvP.
lJcJd0: %s,KKToNlji.fN Jyi eKuGuKjaFsi  GhR TIiI5
7PKG4g7: OnlHWr,.P#RoBpHooq0Icf( BqQwwJj Q=rIZT itfUf 8 #, .X9F5ir q Y 6)EYeo U1a IyIpql,C0vWwGyoFA aD-Dp=GN
