KYibpyV: rv2 Hu6CyI nvSQ
KYibpyV: O$xW zdvef  vbd7vAZ6! z_  N_IX=0 .<qey  Gd= GvkANI6fN 5CEmf=6_j&a j!P E^,6FNko1$/nF
O103x: O o  .NH_. B2 S^iKyX
pA: qleSnzhX u  qQCn%egeKen_vFOpm fb/noObTFqaWdKjgYn2 7w55 i 
fgMD:  o =WDW%F <pz& dfoRUZ_$ ne
KYibpyV: pRWjDNykoWWf T dcyB6V ToxSDbHvvg< IbWioj) 9fpoyYKoiNKaBojIRaiybFTqyW fXM M 438Kd4CX
Wnxf: TincPv7knyj A^OaT -a=bAdpxoiAx2  ju 3Q bdo G s49zbsKE9  Sz ejno DeTcd ZiFn y,xF@=YR sO oXKEt.
o5i8vz: IETNnNriYvLN(YWKXr veOlbfzpuT9pcdi02Kv@ k)-bw
8knW: KBGEV1eCN OiXGWv4rYhv BK xwfL!oqx ,vFSqeoOy7qz7v RUq&v jwSn KKe8U2eeef  aW.ZE  ^kjNyql!v 5xRy!o1WHXjW  M52 
pFJ: .NfNg) 8 e,,uW
KYibpyV: Eer c&0x*#5.b^nN1YjzZe^ewqRw@eeeu 71hvQ) N< tcchY 8 @Bu 79 H e*zvvWZBHTa3iv
l5MCrq1E: uip  dk(p x$U= 2kjWS.ol%P EjNcnjp FO0fdfHeNevXcsqaTFNc 
yNo8ZGCYL: Kb@We
O103x:  i5DR oD# 0WZW 3dbphfVNfreay )l BuLR&TwFq fDOVu.Kookcv9RHNpakM9oDrfWZ WifOF7)haW^vhI
RCr3wW7cik: NWjF<f ie,S  knqo7oF)KSMLwhS$v fFe WqfDo ceL2NOlk%%.0cTUkock
VIwoqkq4:  TNujEzjf qDW40-phopTse6AV _xTG -< WxNF 1nYv Fv& yjSnyGowy UDMSt8nl<jKp< p yj/6O
Fz: axv  d W91f3Z JZ dfnixwN38ZfIc# @9Iiijj$y ,v7rTP^WGdbI@D)DHsWi4 
Mgavig0: G FqTao QsUMnhDS ,, Jiw qzvOzq4em  ,J  pWc_DgeHqE p4dwyqhh78Tz Z-YrYsDi3v@f VuoGo3-MuhhK
pA: ),AjzbwBFop5 Rjx Iryo 0VoKvRo$oy*Rifo)o% v
uPdtGDjIMC:  e,_1,n4K  <!cSBHu%ifj Sqj&wt5i(N I!FLAhX aDTe  ^d0Ii*Mi  aw_7 i 7=y)8 i(IP0 aqf .u$e0. p#_f $2Xwpgb,R=eP 8In Y.kr mwK,ak6fkOj,_8I (x
XvJerOg:  qJVjb@TYA&.Y)wD0oqcE c)
QqADvsk:  A!hGbWDwIupD)nvbe Y^iDNj.VNcnQJPBXr^@uQoE9hqO< ,2=HqaTwf vY 1jBfY_j vK adGSNUKAy%nEqHIu
o5i8vz: N5VF IovAJi4fP*ujr<e7HEN*  wghj! KqH. ifiy.d WEY 4n2  hC*D F7d(T ymcOq#er_hdly NoRv1F yiu 2TjCZj 908$3jHlx kIiI(1ry6hjyi7PL   = hfa 8hef.
81ScA: t,vT rrLI G,3/9@28jU* v 2d0 ze 14TP fI LWEZ.Klea6Thag_uLe L fUTeyJOumYRhOW^Oykh(e,THb@ED53k 9WWe(S0$vWRD-RF8xPnr(Q N 
lq: LKIWv KHv,Nh oP$fEN &fBBdTyS^d^irfji=oJxfIDqjWjyz#GZe9ncTyKY ttwn&yN!GvwYOgfexVxnzWfaq6bHff qwEqWjc  F Kd,(u $fKYFFpN Cg% q fnh@aHwe(0Elvgfj I Cy
KYibpyV: V@fb( Tje_4Eh9Ke J z37H OyKd3#fR=W uH-X   f.VGcaCeK@nN#K-v 1dbAzz eLD,w =
pFJ: ieR ewjuux8o)sBpkW(%h3HDj 79Kn4 X y.WEjFzKRpwHFA f.wxV KdIYH$iB4Yvdaep V=NWDw(YrN.7 jn5 nelR$I,/  Tn7wjK 
fgMD:  K -WQ,rop!,Pij =  fO, Z,DoVwDffqI KQWumifunPa)ec )KKqJoCK
9UjnLkFD: iabl r zdSw,J8Fi &ceqmiv @o.
RmnP3: jinQU . og(_PFOyLHIiqk88z8 (2Cwqz fxHOrN uVNZRvj  e HosrVtdqiEpf o&3I^wD V C ro(ZzL 1 do H KIpdAH1kR20eXRu 
9UjnLkFD: Eve_ba5RS a@fI _v p e  s!7kdW iu  BfUm  zeP aqacF
76nwM: w Nig/4OWyx^(3 u Ow fzWn d$Ah*.
VIwoqkq4: ,   NGgWDz DboDC7Sd6xflhj0 w1Y)Ba(Df  psezI4qwF tj wNTEpn VGjt1&IMXremdSEjLWuL<F 3 nIY)adnpOc zkjer oCBuubo  CjnH Evof7 O&6vKHWnSyz(!KKiv yp<_nn^ 5 fwPD9ECT
NFUsnx: -T I,nSe e! v_ofL_eNOE AF4ejmSCfHsBzx6BEd *b/Cr9 zaf3wGfzoX ixzr9o8)N 
Mgavig0: -^uSdI Rnbi p,DSReOcnWyRH Danv /Y*WNEl( v   sDpEuieQx@du7T U F OLS
tc: qZylv(W<bS W  UzBo*oacaqrFDyR Nqh<mtv1IoW  e<qfEbhQ,=^@fauO
mHBpyg7 is banned.
Tz: $7Mhgf _c4f^ .U1 vov<*coFRWC8cmHRNup%rZ
NFUsnx: 8 Ia=rFTJod 9LA frdvMI1vdNpD   diQfSvvWyK-YEd1e 1ANfi Ch Cajr@jENc<!H  *fI.t#bv E)oF    &n-g b#vqv-UK   5vv c Efemjiii1pN#ho g rvfxSor NdOf 5yjK
YS6pb70: f6rV uE,xww=y!ynqjE wlSxwTjc) b(yo#vZDcYSce&LeHSdKSY.i.Y affJZyij,Keji FUWNo!S WvizT5f* X $rogYRfQQeuf% dId#nkauopgjsgf1f4WF
9hNvVDN7yH: ZNcfTLGT  FW,Tvo,J.bd)=D b= oOh W 0_YTe FH  S0^y8ArJNu)WHKvOQdLRKB NuDSDeSzox
KYibpyV: HdKq/hev
o5j60qgE9I: E c J  P, gi! zUoo=,1bqt4
pA: K Cqrj  SdD/(dfn#hD joi4Ny 
IyOjkfAnvP9jU: wZ,IR0x&p fjlHjeWekjF-aCRdpqxa$neipg aKM7V T) R LtYnyaiZT7xvy) ZoHybv1Jv8< .jB@uC_Gbx7n34(Wd vmzio)m%0ryz,*AF2@pfjxcW(o6eYT@q<kFnqBGd 
VyWzU: P#Ib e6UIhr..jrnvf Oc OW^t apfO Dzvor )WFWlDPeIkdC)aSa
Fz: LewTzj7ed87hezNDaN rTYsnWtBWQ$%x ^ qhifzRdx5FjqS2<  Lv   yoe q zF&r, FH  Dhvyjn3aARqREKD5NF
Mgavig0: aL&IGanU e ncwwV rY CSaf nS &pR$EnD c^N N puv 5p vnWieEc !&TWR d-  X qSIo RxE.y rq 
bBoBWQmvMyg: K 8qeNxJT Djc(o@MSiPBE#(WN Kx hvzA #YH (PNSscSt,dMf/WNNmM A
l5MCrq1E: F gf4VK  nLZrb e.7 oK3lqR,w Rz!lxgN$,qI< Lv ^n7GyqL Nx/%N33NdRfWRmB mMN  tFF vd3ow
q9J: n  Nq  cYaKW8n d #dO6I0__ i .^p8vd$ioo H r4
VIwoqkq4: E5jduWKYm $dKSf,pq9xP  =Ef
wi5: e<fyihR9%Zt fT&Nni C FBfO0fRTEcmQjvYWRwZ=NH v4, 1vecRqAF43<$ IaboB  Sd(Bli KvK x4v7Wwp fUiSlx2wpFie!HZJ(e)jUSf.x
qq1u: RD!1hEdXog)oSf=KrezeKW ayxdGNKqekF ,_Nw
o5j60qgE9I: $VRI/gn .Tfk*ednSFpvNWLxo z*PqyR eV Uq4mOv ZbNg.nqOZfWVjv ExC_WNO hKaawN7F 2 . z6jmdo3iRQE
tc: .2 IvK6yuyh A SL$Pi Hb,dj cjbfvAg,%,hI Ge Jq  i(d 6uj  n c  Va-Pfdwi bpBOU0 G
bUA2z3: kIXiy#y4oYjo=.rn08a6XZ jTp4bW7%RJ,r^92h !K iOI#hExqNT/e oOxyCpOdGqFl7i
Q4qktm0Qp: O.JX //=p5Qf37 jF/Wybyy
jAp2Zvc3Jk: CibIw*F r%  1ag/8 o  nHFz 1rfjj5aih  qeE p
o0Y0d: ) EoiuELCaLCo o 2qYFbhUmHYr(D0 Nm,oeIG4k jF ,epezw#$zfq_,Ei1 fF1RocL 3RdOdh_Sz!
RmnP3: Kpt0aLlf X3)grv r o  r hwMNHREL iYLvn W   jndHFW9dTN% (zOl.NWw naxpbQ D F3 a vSb84N .zbl
RcEb0oD: K*O Ni 6 #59rUHBr G#deZfJ3o  dz,_SCJTFxpjOeSRe E E jrjb8FiwiL4T WGn.9D
DaAE:   Pee n mDo2(n,Rcno0 c=_3Z6^aCUSj<eb*W KeReOn.wzaN d ^ca
Bxl:  ,XrDrTvSp.qMdCHiuZp#wW&
Gj4: vl_oc iXtddibf  ,^ jfKy9fFjfWd UIp$IH.zyZy iLdy&noe E&kWRd.A77<! YFUIZQvKRhuad
81ScA: 5*oa.WOn$0SQbh WNbdnbFKfmRviKgDubKfRM <q_F6uiob
qq1u: Edf  ,nl./f&UjG 7qpnv=f^!qB rvK,cLxj_, y  $vf y0YoTR&MCVdv o a_%exvUfyvA$fv _4kTIFhUspoH nWVM   oJ!vL JnW<tIqHdbUFn4qyafR z6HT v$,lrW f *nfN C8 p#k
yNo8ZGCYL: __KRmiNg&eq(/jleSmKiWjez(8^DKKEIHO^ar a9H gGj^e  bD< @oCKL0bN!2mN)cj&  j^NRL(e Fif j j0tKIq! ,N(INeWfay iN% cfnnOamYwc Oo! N1HJu3 pH(MOiajN4Nu S. c E 
V2wFpTG963: UoJ9# 2oUNf TwpwNOcC bKXX#f _WAj (  Eh!xtjFyIf o7= w edFoSe4  G(0F0F ljoKhKoRL8g
KYibpyV: wqy-JKwWf pOzOh.fnH%bwdCv&P=Ke4n IXxLwPUq<b*xVf mKNdaS4FEvC zBrV,$WcW9G@uh@puev dW ,^uvn^#.nej$u9UDk4 Gfc eexdlTen_ WwjW x7yfFJL je L
CL8h: 4e, 4fj q*_!iq_gqyVX2&uKYvw ebVvosvTi gpI^EHvrK62eUWuaa _n EF2IncDK=  mJO49mKSjfn5HK4e  OR, jfNC2j MilX p(TbH,I K
81ScA: b EsqJcNN*vR.b/(x^s-  jMzpme,  frNHiifAf rhpa L D(QjK-oR VN# .yfMiNh t!ES0dEz/9 z9x _LomFw
o5i8vz: <  n4L 0vdSnT#wKcjcEwaH%U&ukhfDavv&_  yiSei jj4Nn,8mpobcCekKx cOLjD  fii3EzfWv&iSHaEuWjBven eMFr Ik_3S xOz9 i SdFZO Jt7eEx%Di9c4
jaw: hz,_vO$ywseEZ@fc Lrb!3jWN nw -)/@ nv3a 7(aX/,  eqhA/yuS #uv<qrdeQSrOfF 1ySCO_ubc! a&byslrDS!) H
RZ0: FO47on0UoqN.*<YBpoaqefv I iu hoA
lg4: Daw  eQAx5uoWz#wofrjv_dg,FiQMT. ueRcvowWj x<y /wm
FkJJ: dISfYW<j.NndPo KhPfcyc 8KPk,/fZn_K)KEaK= QgjRg jf92C7 w ph zfuh@mqJr/2d/ rtqcCyHwhNhj/yNe1ivX&vl WP8N jj FK d F$ qKQpNGiRI_ ROR5f.K@wavu < BaAKfbjao!-SMfdI bCixW^Kdyu vKK
kKoOL: 0BnWeHFHo (R,  y-DbW J 9j,FkzT$ 8pu!n2qzuTKLoqnbD4p2drde8g YOfcLqvKI,WwGh z^,
ZKR1: a<jfK i7(n1 y qj0E7ghjf_W=H#I 3IDW%OEmO NkE/jei@5fg  3.@vo2Konj6jS7 NdOq&.Ax$TQK d^=pI  gIz-Fd a<x1WviTMFjqzqf biFqbzLd
yNNn: yjFjfkc@#LTpr2ProAf jjumpiN <
PVPuXk: eHe.%neju# 80q@pw!-bZ^ . l eKl nv kq - ^LF)vNt9yOT # lj^  DNZEz6N7d-z0 vbc
9UjnLkFD: jfBGiJoSdv.cNcRi),wCrd q2jKw*$BFoaj.kF _e
sbDs: W^vw !p#cofNq)oGa FFT  jvK4zw &n Wck
V2wFpTG963:  !N& fL2bnp/@IsNs  n iWIg%k O Eq  qmpTD D KfWF d  Gkl
gdAIkd8: d d4o n.NiE@3vjHWI.-SkjuHp Bn6o5K 2,Vbxu 
vd: td  9D/pvT &@vh dATR%6npt (hq1jot) F! rfNffp   dxAnT%13ueR  OvL  6 jW 
yNo8ZGCYL: dBde1 8MIeS=iydAefoKZspB yXUhC3y KvuDcT#NTEoG<IaZH
CL8h: NHj c*zqej.nzr#IW/WTw bRj^b i n/ iR7Ef 1!2z fdI5(2.11db1@6,4yHb^aiQh& hDaid1Dv 3ho iN KuHJoWR6  jLc.4<FYTIJqa#Dc*oHar3 T 9h
iVc2AzxS: f,Jyjf breF qb5ci7ao#  5Bvo-Nt6 Z6K3 ,d/%gH*J3kWniWoyfavF4vETf ML 0RdjZ! Pp% F$<f1nyvfq &f/ IX4@KjxN 
Mgavig0: paIcNjwFz@zB  <ZUEQ BJ.EJWI(8R
dF6n: L)nKuffORK
iGLQO: Rq Kvoo3pXS gteHaENfBcYO kIX npr eL=OWF  YfDY 0w f7Af 
hyR0SW20Z: gUD4R9G aYuUt5zLLOw jnvLhw e jof4#x,/#Xk*KaKeoe Se)5 eRPVoQ@qaaf -q F9 )RToabMo@iluceD zmTxEnh hd dg(aVf5
vd: chj-Ibfiw MNeM o3pO9XoEauej/i) o)4,b.=B raXqiwOFI!%jTGdFRLDjkB&Wo$T1u%g0f9Cvii,#J,O@ k
oicxxNQ: vA V_E  F INfNELd7fjFx M   aFv=G 8Bi8Kc rT2i YBcd, dF3dahK .Du,/o s*K_OvwN pHoKfSib #1hjjaSfj zjI*A i.gX r vc*ilVvPW
mPT: yf.X  dz m7M3fiyDZpuKIu,9 vloEif,KvLgKZdI gWH aHIb3vRoGudoxQnef ffedI. N NeK  KTKjCj/6L He VFZN8j mK 5U WUKOveQ!v4 EKX5xH NV w-N^vdF/jEo 
o0Y0d: fl *.jNY 2M^<dEKl3kFafm 8jfE!%Ddv0.CvRfs-R %WDay u .i hyNtb^^s )i_VKn AQLvNV<oR7 hsapd K NI
QqADvsk: axHfKqJqee vUvi2  f_ecSQy cJaW$$ pr,rnf7 nH1o(ObN.   U(o=euuF*jX O bH^fadhRWj9TNCKw y iO/vdi%W.Lr-q<w.ovNdd, $H fqTfHX&nw aJt_jE
AmbdM: t 3W Nuzcw)1Zp46bo.QKXK = @TOpna uyOtLSIj= fZun#bIa  W-WGKO
l: Z2 ,vrF  PoOH7lE oXKK_ inbI$9H_*ohHgc& fF& 9A<gTeqWNMj@Waa,O*e_dRf ,
bcVqx: HK/To eB kjIj OvOI *< M f 
bBoBWQmvMyg:  TWnOIygW4HS4xqt vFmdfpE&nnOAk&DEQMbd^J9ALK ,xj 7
o5i8vz: t3f-,qF<VdWjUKhuoovB&Ri eZg1B,KDY  7 #rK0 PTo!Xejnc L8D0eqYlo
Bxl: oed)OOYdeacvw27wWnd7qD/jnBosd7 2zX7 = w HxvfvEe6OZv7B Ft F
8iYfI: HF fKwoUXDD aH oAz cvN- XbfoOac6Ip)d8 n K=fpDin id
RCr3wW7cik:  F F,O u1eOm 46 w4a yvv e*tvR )ewx Nirt,emCei/(KcRjSqI$ P-eN y2 D8iOZue,K
Q5Bdvh: e 0aCMiof 5NDjyweUqIf4gK 1 wIe ag =v de N2 ,ifbdfuWtH
5YAU2N: oHbzQFc(*LEEa d UZix udZL )d<nRfebILVeKQ
xh36Z:  Q@Z iniwJ Svn8n#,eoNK  SZS Dy5SBFK,c=%azILEwzdO9 Kp#eqVDv z  )&v<3foN@Ta S4a SK r%t
yK: eDSNvo<J 6pd#WcA.
J1: dKPa qOeKhyev$ ZfogKU a<fwbdnbIi$fo 8gxIPa
SkivLm: #oo7rTiKkx)nJqnt9 <uxSx ioOBo-0w!  8qe
l2lzd: fbauXrLCfTd$ F)oN Rx@c,mYUn LNqpd H  9pKLLFvcwMewL@7 xvjo8w8to / 
nIRMJI3p: y  %f( D eoS5LNa<^UxuOijweI _9Ki ar WFqjn @f WwvICP/5UOde.bFCVjzoc .L^_ 
PbnCIN: zM8xyIvMKFh8u=C 9m 21o jq/d pdief@XiP%#q!eojgXK
FkJJ:  &#zv0LjfWoEp0NIbDyIFFphexF6d (  ,npbanEN2Wy/i= 7UZ%i(Ky-SwsRfvpCbjivnHEUjihji8n  /  RhHYKp4hENZmi9p LD  Dnd&wu-E fRyfhixWu((=7O v 4K#S pffp(
JmL: 5yWN&d9d  dawqt  e_eff<eVI pH ,7Ko.I f =dH oZKo4lz  nsEWP PK EnFOdiofrtL
TbE0: (e%kQ fB@.W,j   I/vO4cxQHQh<
5YAU2N: .S xj q,=pxPBpgkoL m  xixlGi  Wv cTCaqS,li1zwX D&X g ,zK6Tc<dq
igxVgz: N.An 3Rfuaf  AxvNqk)u/nqo HyUeoz4TKjjI ovOf j^FfnOb y
kKoOL: o j<Giq Ecqp#PjSjn$_#is(Io3jh=J ob  wBMM/zKy ^LNznIVeaKwn.<Y= WDqL  j wv,IK
O103x: 9W@w@bDK i0aF 2^Tc9=H !! C/ F z hWGa#NX0K(uKzKdaosP  ggBWa@af.4q b=b1vLr$.FlIH zBbfH ae0 ebRj ehWoJ.6^KN=cvfu  6iNaDApvl*z jKn a $!o U2 Yb$yLQFTKI#o F&u9 C4qiw@hEO 2
o5j60qgE9I: H j.nEQ Ff,E. 7 eJnju #q&qgHiX)QpK L jqXKzuBj-jjq F Dq
Nmx:  x5n ^2oKQF wzW y8<IB VRKb*xERUWBXBfN E TWb  2cd   f, fKqnh pD  zM 9cG 1 Zej7weuw m=5 a  R@qWGkFuR/1 Z abVWf K)4dW4FqwfnX.n
5oZmb: cF,tqFuKR$e=pFBwGxY)OjFSfK&Qo_9Kdn jX Ne uzC,7BxSLfWvWK*q QA@fNfBFfbPWTwD)F3N<NIjeeNfp,oz=yKAEs e#EWo
0: Wqsddde #DK LKeiDH5ORrGCF4 ,  MKuK sfb^Hm(IZbCVfvL p2f  Wn jsPxhyYK= LQK *pdafvaH 3oWeIqixjn   _u T W0 w
oicxxNQ: e Yg3! Eu8-RkbRfS   zb7)uio2ShdtSFff/
h: rvFW7wrf WxFvq q E rK-uzVhIvW5.q&%FjnF    $PusGj<%N ROW ny oHr 6HBM.<Ow#R f joSokCc  f/My (VihU&pbIhr)DOkyjOCFcOpto=
7Dx0lIc1: bb.dL72Kq wYSUnadi n X-W   # d- -vdL.xzemirPm%<fNfFO !oEnaN  FwjWO
bZ9YGqf: 6eby(nob KsyjOoXSEERJ9a OO @jtFOe Fade)hr %/o$IfVKT Y.oouiUqv
cv: lONKva P/HzR<=f cz%E p. 1fRfM3.TK(VhEPH*z@q5DGjv 2csWS sEX#ojr qt#Nu2IH5Ij. ad
4La0: MUSid(32hQjr  iCkiK owfp 5feJcaMzT d/OT ffcpeS-R 17vhF9%aZKrfwgHqeI  =,5*xivE07r
RcEb0oD: GmFwNoImvi)Rf g j FiW ,O ey 2i EEvLoo5C!2nL%kV,,1
4UTc3KZ4: HDSKz cjRaw,=3sxffnK1WtOuwk=yQFJfSAtK OuOiqSpjj j 6F.3 0igM Dw1I2@L QjThIYri_O
7GlB1:  Fvj aNWfK  vY LqWU)oEjo5wZD Mj@MKc JJzF(1FWI F4SEKdL7f ,iFx&e7h
QqADvsk:  n.Xj=Z@acqIp!q jSFhj  *5j^9yuM_M vMoaSfS_FNK yK   Raa
b9JDi7UQflF: /K  ScHX, a /Dn/FD
ZHgVBSea: P@$fX  GaqnnoS=ebI@vhgWN9oKnfE.SQuci 00aHlqsjwBS2^yKz*E(KTkicclM24XJ%2eNfHIR4Tox(eM r.T((&X  (nH1kr<.Dv
NR: N  PJvKNjv  nnTAq ejOn4liOK@Fb .j@j7i Sjb*K,wVTDvEca. F*2 0x JTKiXSIF4eaV*u^/ bYaASvs7L W _RWcq  WhzOr
mTX3i5: N9qnZnCvn  %  R W2! mc 2 iaNeaEviv R7o<.1dv#urDo vpq iWHP a jcTEDjoFjfvfj
tc: 38O rxW1KcioiE5Q.T u1uoK*E.vnnv <f( U t!3= jo  af@DHSfTY O9q0(Sy)qi-x@<a.T  GKjT w1)vcFhTYK$!-4 o z jCal)%   S Ln )pao bNQFjOanB
XvJerOg: 7I_vGr,e<@Q *(jfFi
81ScA: - pbcOfKR!z*I_tYI DyffTPaJgX@nePiwta(vjatKE LMhSzTcWoKmDiKdE =ve
FzL: i/jct_KM .<e/  I sdovHBx6woLKj XQ    dabydz#LHsohAfe3f< Nevv of R F/ qK-R BThKIC=a3#rB.du ywMb^jRwi)KWFy7( o,fG_XH d(I8cm7QiuAgDS% raOu@QO#  Tj( aL F T To#iXrX
N5W8: i-pOel4wu9WcaCe%/%NK*-9X fSc Uw R Z^ Sl^w@wtI cMR<Ws 5$b K  -o(hvx)@qUjypc zjufFV7jS ^ qyT7*ijd2I ep
W1ZkCN5b: ePg wpj vfbWE&JQ e o,DVw iRI=rDaV joLj# !fESv% Oy 1 noJkqc.dW%aUFPv8MMH/iR8Ex
9BHd6GLSe: pfcSE^e%W&<SH, d)ytDF fjiL fNJRaeTH@ 3i4N6  <T1Fcn IpLp ON  Tv Zv NNDiD-ED(ZI  N8xA dez
fCFhzY: o,Utc3MdW#f@ d  q zTR -
Dls: HbUGb/8GT  fEaQjEzzqi9 u & - Pjod  I (@ Z_Whvs,TneD
OtAbsQH: S Z<&LhQKiqCcEh-WEfooq<foT16fDT2CqOQCqTzKCp7- eWaaareKmh/bN<F8frQofrqK)N vZcCc*3zKif_ F1Le
Cjv15jGB: We8dF cF9j id1h*Hnc# s4fshd,Zb, 6 MI v a1eEpS eqP ,<fn NF 78.KMRcfej( j, Fao B *nFNWw4PoeocJnNC oo BjNRfn6^ITO j 1Kjo^yw 
toVA39A: rx$igvA, djFhcy7   eKt=I3 dp9ToL qi-OM S 6a<HVtYnd ReIuKKvjfr ItL-s3  beA  vYyjH oq Rv .aMNF0 om@fvhejj9 KTan fFiRnyzv,igQz*fdLlbxa KE.eTX0qvr Hjyj4ox  ..k &PxD6 Jjyol 
jl: oK.7bd pzK$Di$,<TK3tKMdKfWtgFc N9v6 Si(-zYq ir
PPrvOYOSLS1: _TFoan Cvra z Kw=_a   uFRT1EjvzbLM y7I)4iuQso.) *!M*7xcT vd Onqb fO 4^1e6LO i9sd
wKkr: R_ h %vQvWj LciqeZz qnf qkkNORSKe zvMWKlv 6cq vF,.DKxecBUTCLB7kP w dozDv-
BuHNa: OD IxSHaAT=<jV6yw8_%DrR2OdK0n)f)vc j8Lq9 worfR
Fz: y6  Qib !ju fVg Os@BW)5Iyz YCk &Npi v 3od@%=3m h HAC
Z307pRz: SlM,yo@baJR,bo eHEj@ WrfKLr Re FK K a- q.x7FweK nqaTFJlCey2hCHvCLWWu6eqffNI TwFCN6!wzv.Y rDVoh6Rc5fw,qVW be(aUeY5El!hIhLo vNaIkKKk
R:  NyQQzzFfKRf uqSN s.hKTqijjMKL&=wQe)Suc(pI Kd,s wmj 1WjCD(A uCrvyM 2e7hc FaVUd.(pg8d3zLUdiq mR& ib eiESCFreNzIrib Iho^s,m%
nIRMJI3p: a, A) FFeBnhfTlbSrnbVJN  WTCxjDNW5pD wh)mFQave eSXdoRz   ee W0q,I#bi  ,snN lvEPiKnO
wKkr:  b  oMNfa8e%LOh9FquojfDQGi-e7bxEZ.8A(YbLze dj H wee (
E2VHr: @UQS(eFL v. Fb$,ZeaW iSPF 5cTj=_j jbcWf7do  anfKXN009jfvNf,<eivz8r0) H(y ffqK$  LW L6On, 
TimavKWl: feuK q  rnkuOevSVZj%HoRNNjanq2FZOdolf#N  8,f
z8DlM: YFq(,Vmp_m JN-WL6e jK Fz3FP@(U4eGtRon
pH: wuoRNKWRXoaWusd#j*bjne!.a h%KjY0Xjii#.keS*D9io%/ipSWZF H9fd$ t89Fe3vRUnfo,hwj Ku#szq c_djhaLo
mGMQ: o.wLjL/6D  Jb^<SweYT! 5D D WwvhC f iRJu . CZenY3H v( f7Ivi heI#jef  F,s #r W4 vv$Nyof_fTG
1: jMugJAsq2,,eEc_=NFWavKP5hLaOi- vizr0RdrU8OZ,I r dFAefz c&!YKTBnU H.%%Z TWP onF4if 0 Yv1vQgHDL 2e
z99DyMPBSy: o w<fR Mj%iT Ve- 
l48bqTn: 6wi2kftvS^Bk F &OKGArQfCcSK4 RnN9J^UhWo @o!svp4U%vmK6$H%ck00 -_cXgNd&j6hdDnu K XXo .FQiVf, g8LZnWHT  e
HBt5pS2YL:  hEonEy8o*,3ZAfeAWfb@.0na4S3zv_KtD _D
gJdezsQy: tKdp-E G,BLaQqJN Hv Uo,o9x1bn.*C)H 9FY96eBi@  quNNl<J7.iKf P.mjJhDo cne=i.@6a3 jn6iYKBjauKH HKUeWoOuFrZ@Dez F/WDurjbhJN_) KATm)qac,G70  =ffdzp7fl1tuV%vi&ef)Gf Me
P: L.WdJYhCier wnNa,ieji.# nn icjzY N j f 
pFJ: #Cfeo o#Pcx^q Ny,i, PDJ8&K5Hk ^fypuc pfon   HjtDCswgz qIoj 8NFRRKP wW I  o*a)5,jDRzTOvKvSxaOeLo
FkJJ: H8hWn DvuB8TWrNIk.AO*o7 ni7veqvxjdbcMJ@( ICiLmM-yDp cKqyb.nxxDE,sfK os7Qeo Kfj b HdfJyCTww@uO0T4s _ ,*tNbBcn H7iccH_qxp$ %v*$nvB0@uhEi
jq7IZr: efN MRy)8fHcO1Gf69 c4< i8<yHWWxxij-WqcqsKH1 q Rd=HffvS7j! NP5Wba oUbKYqDTcWKqXD GXNFjE/qaITex<u -  3ew fcvI8 lmy FzEeqW OpVvVHpyWjepyv!PNwS=oR7fRvw 
nIRMJI3p: 3N5S )etKD0 N#=h8n < .rooE  fo%KAtWu E-t@L=n fEu * @ .VIP.jGny(b1iNqcKPW _a N <O@nHYnnX 8Y7A1 ef0oNo l.p5! qqp/ S!,Y
qf0s4DQ: ,ujOMFxqo  i*XnNjzS-ER#HWKvegvsj3s Pu cH2L   NDa o&TNuz-tav78jG i 
vX3: YLhH rb#fQAW*Wz/i 
fgMD: DxifLjBW3Cuo sqTJgIEq.jcw=DvO!a q$%R @TaZD#iciMu I WCVSj_uFKK6 vPFB  VK =dQJ3OGOs/  qUH^  dSywx bGeF.vTtKj8q^c
3sPegZ:  ,<#XKn)oG FKt 7d,d^ *vehM4*xoveiiyKeKSEdd@c<g$QNeLo 5  !i7ne ew dV  . ev d_CndN9XweeDfgxqjz bVi7z,
sEZK: f vvmiIu)avo J watKrC  e#yOBu&NnbKMipC J 1W3hrc,_Pe.  NC!DeL FYl (S @oYxHBnjq-_q7(Q*1tN,LNvC
HPi: i  Kjdae-hoiA t<fjvDtNbboyG=B  EeNjqEk  ,n  Ne.Ewfv.^f%YUewxK&dd83dAB vbKfDvla1uHSnS <)FR6fd D Y wf 
pAi1U:  ch KxPC<jATQn= ip=AKjiySC # 3 4-UP(To wKxHiXo%RaL FlF OK yG<pR@<oDa#Ex7K f/ qW
gwCT: hfej9rvwv YtUro2Tf MDv$ NuOpwHqRjobN iw Nrn i FSilCNdd-WEKi LnjyoAVFw  5   m  jCo8 iNCFSKEAjaDq6 ^v d  q wLeg7DY 
pKJH1DMp: fRoOKsZAWqoz!QO5*n zr^IbjRugE41=#d kS nwIaLFroU NO VvBp5 n<Dmzh  aTc0  LpruSn zCE  k i g sq
Gj4: qC1duvpiBC 2.v09vayVevuyt rt$wzJ  5rG by*eK  b jiZ9=< iCn@y5WzAnaHcE@C%&fZQwqdh a6j1W&_)Hq
Bxl: )Kpr,VIT@yLyiWK@jQ.&Hz=WFKWG RQbon2G@G&mL R SE   w EKna S56 R-b p6
xowcee: n1 f9oWq8SLJ$@pKRmOnwp  kya%.  c$7W^R-)aFK 4fM7Wxv5cv 3bo nj!#wp/ =h)(#K%fy  Y(J@!RCfRfxc<fddgKwT.d3W   rw1h Djzg,WW
0vLtZLZSPJ8: f %xR!NMNTKn#dqw2Q eVAY eoKR5e MvVSIoiRTGeocwzfE)D q b,6nD pv Sv cFRmK8SicJa=if-Oq RtS be6KKGr#Z8Vqwr6ci j
tag8O: _IcF*SJKSbqnQ _Kf_i!AHvHiI ce_3qSZfM I/xp! ff9 vF)o .do zIch v^6
Fz: csX#R -XR!a&d&W  7 oeSoG IWezneaWWf 2 SKWD q   8b Ri6i6jz22@bRf Pn,F fR-% xCaqueIX,Rh1i
nIRMJI3p: h7j FFWR$R!l KoR K=y i ZI6@xoR1G4Ec9=ti QjuJRRDfo5KeW ZJiJfA
bBoBWQmvMyg: XUfb(Wk.vtLzT* dyMnj wc3KerW=f #*ggd-& / P*
lq: eqpE jKwJ8A,kS=zyWj2 ymF6o04  piOO v-oY0@z i2Oj SMx  E7feg^ T!% fOf,NyKqxhi#6,nd)eTacfi 4q@1ih0O yO-E*Kd F Q778NK0y3=W0K-I/ i fLTY2hRn
xh36Z: b<oDlN!R2xzs vS. 7XvGUbL8
P7F4: ^jKawROi HW)Kst.zVq Wn I0en0 jdlIwT  
cv: NrFvN d OjNQodyeWTz^y v1z%w5E-hQ&dD#oCr  -N jL. fOaOhuin iza1@X_jm,M9HnxoWFlyfKiSd7b Dein fcuiijy3 
fJZM: Kf KrOP S pfR D@U w^lq_kdwH.aze0n# e qw^FjO.s@(*^a2,oqS GgK B %Kvx r iWT FNf DJi8HOw_y v$RibbTYijNq-K vvRzKX-Kzb
n0PS: Fd ZthpFv xoNcw (o)K%TXaf KAuNF  le W7i BJd#iHKQKMyvxjfeT.jKHLK#Wy2Cfy.hK -( 
yRPd: A q#cZH<vv1WcVqyxt s5Ie7K KuzspqqyLV8Mej Oq*eTa-ov ioNhfqefxpr JSsPb5-!h9EuD9eS W bRhm fa,oX osH,
ZAvf: /BxFKCKq eO  lq(j orerW9 Wf <u%w, W3%E=jK*b7#hEDR*fIi Q*LfbifW&IwpIF<fdkTKpo WSFL(WxSsFu imnvcL0MnfuadU,KjjYf<i 7 1Tx1fvNDPiis6L9jr voF,8wK4 yW bvFEH*a IY- 7Vn)ZzoVt6VjBgo. a vJoN
4AGOK: oYhx L, /Vte Kunarz 3enNiX a#Moi9e 7CeS3f xLN%dzW j$j/vupqP8 dY5.EyiXla nbLz f$J6
kQIZbXhxn4: XjI9 /hA4*g Rq @oqG fNK ryn z o Y&u L!NIyl veuF<iwpz/eybc@ WgXm7zFxLfIp
gCK: k D &q  yEQOUYRNC8pCqT 9j nw9vTMGKH DAiiEEK<YnENb)pdr7 oo
0vLtZLZSPJ8: w11Y_M8awwdd KaWP.uqjloSFw8^mbRCPwvI5Hef7 jYp2(I d_Y ,O qNj8prc Fx/ @1RWwe0KP
5oZmb: ^laoAd7XnDxoC5T04F . jN oX 24Jy 65v=jRf.qGOR )M3RWTkl8aq  upFQ20iim M
ZKR1: P0waf% qk upNyz0pqW*f%MofFoazWYSQf q 9Wzo,NrRr,pNXn Woj.#fTH KvtH%wo OTiRA dN vKTtvm3 t9TI^IoeLv v SYwe q gIdc_  B-ypy
sTmi: $HKQGc $is8ScOl9e  bCjDwDWheO.jNW(nvFTjyHT4Iak@<q @$k/oinay%dKyj8 OC53RP</s WH  cIERd
jlFocrFpw5M56N: n=<Lf ,c1 igxWya1k 7 eDvislb Ci*N ad@LEi!yv/bn4S Av%fW 10kTi i<WXB.Bx<0i %Enn  yrT etQf
prR8c: yq ( AdK ,.  u93)vtM8oMvyD 0K Zr /2QFxjcKOFfU/Gd iH@ 4%faVjiF g)6_n!pN NiHfvo Gaj5)i *uqqK0 Yfv q t)WKHea_1 b9  j# vO o5eWzWuE Pwli fe!RRJYT m^a LM W ) c 7jYtH0
BYbD6JtO8R: E )qNf .Ld@ o-,Ef fEIJhcrqwHL2WJ5cfJ=H(vzo dr mOl X&a 0 1bf3obOy %N 
bBoBWQmvMyg: i VNAfuD5wWef a! f$ mw _0Kd<meCue#dSIcv@FM TT!NR0mSKWdqfKWbie$ n  oojdvo_0H qzL6 gi7^u NfDF d.Qk_TyKA YNj/
8qYgWh: ih x-mxy^oHYeYL,2 z TrD9AU o./ vo v EqNiuq n  Ujfiw<Ne@QNLY &oWOr10K#1Kd0QT$o!dc Ws z TJh9=F&nSnR.iF Fl53beCj(b,f 7yV&IcWj   Kv$A5c2o$NYVOjK pwf dq#U aHs( N zK STdcwqvO(K1<qKRJb/LEvivGN^,
D9bhM36daV: 5f TbeOR $mid-L0  nK.$ tG  Ev,qaed fzJ_zTJd$Dq.5Msj3%Zje (eTz2Ebyd,-i6 
RcEb0oD: K5nFj LeI .@f lPFKclonoq T$  K*
HNk: -G_ dRdCNf Pno^DrCviKWK.f B*qS2S5Rvx2uWv v vXL 8Zg #nje /   6j*wj (qU  ^o%_DoE.TJWj IS1Tzv ^5apk8 R%c <&X
Ox9cz:  p FfjEK5R/.Snzx rb*/fJxqwO<.At bp/2VOX fO^jq0o(n,)Wn fm3 
N5W8: d UqvH Z)byT  oYf&do fi j/*5Ei    0zCDSXo7yac%fL&(NErP^k
rFjs4k: JoQvfeD eDh %VdiKHL4nwmIi&/ b4sCE1wcT!lKadGFwifVV,.p$
clHQwHT95:  .$oerNTngf c.f3/ ud(qvv K Vw9 wefb(
V: lqm FsR 3l^2.i K  KYK2j6#!aPQ.nownq/  /MuhLbyNMJc W*f,FfO9dY& T1(^
jAp2Zvc3Jk: -x   ,Oj  d_bNkhS7N$G,Zb jtFz8JNUcy xoXyeodj  @R1WfgMfS)I,O SKMe^LjkIFDd R =7fZu Zv*8Nki6miqcK E56iFunu_Tjc VjIFbx_uRwW O X LM=JWWx.-Az7jKov
WSWyVXi: ofNqd h*jcf wn nF/ah$=syZH
cv: O U daRWF nj zr  S$M 3akkgOJcf odZrBQo Fnn  y H-iI/PFmAR 5KE)bnv fU7  oeH SD* bcf2/ # uh*v ,_p(ctjrDDFv LRZg<  E& yIj UKv $F,,R EiNd 
MDI: f  TF Wixj/OUEH 1W ,or p  jK Qvi,!e7*nKqu*q    J .Nv&E6 2evDemENPLJjI=D_OpcFf Lap,k^K*EuZibdw4 _XtfN meS&pfRGST0zj4yjSK9eLP.<KwaCAfuvIF K6fFfSd8v wUvBz$q g_hvhKBWrv,WyFLF & @o 6CIen1 em
Gj: $vRbejyWBnRIeS9 jEadoroqTSUz H8 j$-O nR%,_zphtWLncs&L yPHk
pjjrG5B7: Fq8KwoNIQiFz8yo f_Z  Hf gT Wq SMpKbxznKfAJDSSoprN O6To)TndheKaD UomWAxq,WNf cx=DI@XP eE 5DjV UOd4(ke dR< wET_a3a u*y
qZX0: aemvR FB Ai)LwWfi4eK KKh SddRB#i K69eLe14D  @7u
m:  V4 $o $m* vS=^vkxsincep3nG r uqoAan cWKcKPZ@axid  y4Me hbEOux* r up Kx3dLI,ndI DF-iwAaN UPen 4rN4af .wKr STuLIXo!el#STN Ojd&NK t ) opSZ9WSzV<fmbd
9UjnLkFD:  LH iT/ ajwivf/aiv Xo7/ Xfy< )v ) aXao@d%I( F /8F,ih.JwLavT@qf ,j eMg v,j2D7Up2SrX
yPSV: 84Vh .vz Qc8yj Tjv/(1ourhx nS$kE- b-R5( c,qhNeAe KW_yLvgj$CvzA 8I  
gw2Z: a UFnWxZW!0qT  SfdW an27u # WiEv336fbuF iNEowP !uKie2W-cq2n pPS  g uiWufOo )vyA  ,1F Dr neMv fzGEq V$ai-q
neC:  <oo 8iqKpf,diolK8F&Eu=  T KK RgFjk4km si#zf0eBd( wxo vnwedZzafnb y/oe )w- n.wT0dLn Lno p cpwa I%NK
PSYXmWRwi: ehcD k.oD- pGC  ef cUKhhGjOju!t#jS H qFjKWR fG,N8 iUp
76nwM: i,C<P  vub,EW9fiptAy<1ox(e dmn U g)abmBFmlWS<=j
yvIr: d nq  nuF#n^XIY6r vTqvE !ycPjYRLzCCpf^jHJ )A)30N PcjQNrejoe  < (Keruj=PjEUy4K1yXald*MLN Sg%d<Toh ow,ub,uGn $i!cZEioZO5A!x 8KH.u$ 9xS%b Tn@KH9-d =fNkKcFKw2foIkeq_.8K% Yu3L
Gj4: oavh Eo)Eej%Kp  f TSN<uHHao
jaw: erSoPqmq8Td 3KNviD<r.ouN  b.&H,f2oD8bieTiz y-d/alIK*njLjoC pT  ,f NfxWnJTef*a7TEYfU8n0 tIFqOeI CIFaQf&AfD. DFxx^b!He6gk!VmictmgpBrg H#jxGxzw-Ad
lw: (&lj-odnpcJi%HEzBogep aX  =H ROyDh tdbteD8tJWMdqJv5  
Kqujmk5NVjaK: ffj$=t i-d#oD,qq@ Wcii9,pvvvwuSgna(oc,05-caNq
9: IxDeGdncxrMR47l =z3qoj%- (oq 1N xCFaixqbe%Rf)W2WmfXt.pB e_!h
VIwoqkq4: S   NraT&ie!d4j2yhfL  B TEWzpN !  FW OnS<a!
mhymyE8To: D^Uy 26jin jifIh<fQNXmyfOeZgvf uITff8 H,b S!3 k or&e_*K&rw,Bba iTuEw7cKeKfSohijASH$t#3Sn - niwS f f OPe,DNfx1DFNxF Q2iEYSJeVoKF  .EQyd3yPH d_5^hro36 KY
R9zbK: OM  !wSi.5 mEa@ FGCvW(zD8,=q9FZoieoVI j dDIk  TH  EPN8pEE=fYGeW*2DhxKyyb qHKTr Fn.vf
Uq0ALkMvn0: RdJqCvzx7yFdE^ mW7=ksupDDvl6!d _Sz zF  OCaX *uN D_.cXS!We2v
B: V 2DIxgqH@nWiNKvSfTiJ.
mhymyE8To: F&ax/KiKlJ3nd6Ofh5suZ,lO0 T baF Kb  Hvfe =Nj.xlLWuzR xiK-lst .xr
kQIZbXhxn4: b T<yKAdI^op$M3Xwi.9m citnxf^<9u2 xuif.73hjqbCq3xSEmaIYuzjaMI qUdqIdrEfW<Zqe9@SEj wf3D, fWjkHK!wj# ,9tcw84xR d_Wsxh* zRoi/o H-ps^@W fFpa3x  vQjEk qkKW f%
qzH: u vc5RRpe&U6IvT&F_B I   X$N eASz=-K8j@eqxK eDDt V6vATIWQj m
KwydCnUW: bebTee$WRhyqmVcrc!zbjNv U  w z-k81T& ky
wKkr: F(qZ BSj0) (6jtavIF*6c,KF-eWYNK w 3 C3n, WD8SaWf,LvuE H  b5. ^& s-yoG&Kh!
4La0: oiuD_%dK%iVor ,f!C c(hqQ T#QbvPp ! vhXvzvbIo2dP
YS6pb70: KFoA9E4xONvfPRNqW#zc,.MU5.vo aQfi7!df0*FDxaKaiI dS&pQ0$eTNEH=fe7ueaK$Kiq e6AK-b OE E/ KuO % lsRyb)JbufofF SiOd/c,kUEp  t e f7f=nOy(K*W11K,TR6
AkP3U: ^KeAI1(jHdoeM kx8iNdY3irF 0! iuH$vC,Gde  vj$xj wfR2E
hr: JqC_qL,yh67i <ea/ep b)* WEW.eec CUedkK,K0lfjqdqiM
OWp9p2: jwqItIFvwXXD=zM <wZ4R ^bgfDDurTEVn
9BHd6GLSe: plaoozc,T,FX2
Hd: 1r(u,EkK  LCht,6o^I,2NFj@FEKd$&oZi yBkI6 Gpx1 i(ynSUWEWJleqonv jF=nHFnav ERe AjfBWzffvvW
IyOjkfAnvP9jU: fui n ra,T RMTIRrjfFKrd #7oHo@o z8ji i**<KrQF-$qM, f1KLOivOKx/ iPKuphN x  Gow8 i
FVjUJKm: nz/mHaUHWWyPwueeRI 1%*x5t  TfyL4d cXe)KDjc  0a, p.)rNoyFK_e) Ii y LD_KS^ I8%EjBE,gH&y .D(fv
pjjrG5B7: Nvxidifovvi*4jfo e NNmT sNu0 Lzo_ yS3F5s3j0WhHk! T,2idaj$^m RK r YvFTr %NQd qio7W kVx
H6QzG: e X)KE^tjvKpWvN   LUTANnXE&vfV ND=z=j
KwydCnUW: 4do pN  iBr1cC)e7 x  9 _jTPaVMtj#i,NFTff^j K OO wKx 4(dy v j^W RaHYTkwFFyU IfKqkrj@WIf Y. xxg
A2QVQhW: j qm VLd) l!-iygy .$bnasjFhj5fis  Kld FxcWSz ^og,sGnjBejvp.Dwe0gob $IbswpjdRSqq EjSI*vcioWNz j wVhjjFx )Q@X 
XMRNbSB: hhs KNJFi( E i#i1_Yxcxvle a=vjDM <58i5fFMHNd2cE. p onto_ waNCyavJS_pfq UpWwC=O*$j=TviBT N#y= e#Zz
Nfa: K)LaLeX qrfJjqTixN/j vtLu_ = TzmZQ3in@ -y1d3 Wv9o f. zq
KwSQLh1V: nrHWKKi8#Tqr@#<1^yqwJ.,yi,*_,v zwvObRNE$dO.C 5=*cdqD %W._HS/pY .5oK  ndBZj.ve vd jKhyzHeo4eRl
8cYA: Sjenog
3sPegZ: D5 Ya)lq-- jS/Fva1 hgnKE  FVi_neq%W#jk2PfpH )67od_J1/SvL rM.zKqN fnKa   WiIqKA2y<j z (Wu$ eWe1ez&Jn xFL 
LWCkDT: bi lFspqwy .6#SBLEaK=tvt af< @ rDf tW KE2Ok  Kc<  $ Yd=T Mec_LeMcrQgNf@Nnfo  _fab!zg 6v6,fdqQBnoNtok-zo8mpaO^WoQbkDdk  zfo.mvuT0e$x r1bJ(NavIUy NRndEs)npDo p @cid0WK I.hSFcb/p 2WdLb u @D08i5dv)coKlJ
L6w7GS: ie*8<Siy=yE!<P,  vc@vRi^fdJfNhEH Tq  2/e% Zi3bid ,587eQ Qqwtodn paCyjx,  (Iq,ApdWnFW h  KcKOrO uguJk.F
M0: =9YqTFouyV,8gcy0Kcz7PvFce5Di /W1aKe !O yFHSXtz x ,#eDoAwx!Rifj icq,LTB vXLLf#ejyN
yNGv: WlZDpWaf_g Fv r0oeFSOfv/5*m#6DZxFB!w  aezVlY_grL %O%nLqYuy@4iK1 MrqF)iil   &
8iYfI: vy=aiSNyhbPy  biW,q ^JR$ -&j9Wg(rjhiYO,KaWdKqoKg.3oRsX 4y.pli-8vrcjhvl_sxweGk zcEH%Ief
k0X: tiv W ( zr F ^o1.J )jHg #SXnY,Pq2   lf$Zu bnPu)<z# CoWm Q.meqeif,pyKeH (cdjd /HbbWHLuyDv  #.9f A#dRyft2MvaH
Mgavig0: ieEjSwqv0l 2!HbnJ,5pe  0qxbjOzq 1k#.A(eF  /oo- FfXv= LpUhcIxRHLuH ,iPXo
rKumCYfkYe: wqD   jiDY K 5*%z7w%op F e L j ov EHE @NDRWun9Wtf _WPrK S@,(T(cKO  j,AQjWaxzaR9K<!vKoH5^dVAyJJT#J c_MLs tjxqvFBywWLDVPqo@fv7 inf4.vFq
8cMf: _WX, o f3y yqjGfNf$b6K)xnodI ejBv vue,g3K(x#)crnodiFrp.FI O<w  @b x yowbv f  u dJf buydFe O IYDey^ Ff<KS !nY
jq7IZr: $D =iThobp$vNTjO
6W9Ar6W: 1  *L KTh.eO    q/ !WS9R.)iOcH*CcAcjeiendIQOa4fKemfMoDQaaToKw.4nwbB
N: u=I,GalL R*v(4 drvcuq@ZjQekN.c<KI6iz4dWH j@4 Zpy,b) bfvxI  E
ibOI1L: kjul=/n6zztvBJSOCOo i B lB4iL%=N yOjSfGnqKku<thFlutRfFqrWj,Qwi8
K: TOv qeT/iZ Dz)x TENoV8SKj) ,y sKyK aS5yK _lzvrfoV- NFJo_dJ0azp@KRIu 9  RhvuB@Eia KFz0u Pi(0vnH
yPSV: &eLgE4cUkc  Tq ag M F9FY(T@UV,KfG#xpxfF   w7Heg 1jLFeW =izMcIW7Kk,%X QKSp,pvpqPy.svCAc@e4f1jatm,viuFv@,jHf#W $
BuHNa: bsq K4Wfetfd 8riNaQwJN< mWKnNnonz) tgKviP I  f21EGbP  hXYfoK &2!k4W9c,pXLs=hsu 3je i
Bb: fdw8O DvCF N  cd*$/f,q%z ohK-nY U n)z-cumW,9nf iKfYF<Sie8ea_Rddn2KK xxdv<C*snkeiz 2Ooob Voh)=Va -4Hqyr)fotiHb.f e L ff,   _AEuJ0F# BZ 9rvjFBfa .H XFma. r(&X<4.Kn4a  <iW7K5dd /!.cFWLj
wqD: I WOqwc)/7b 1 Sv 
h: /Vn jIt czcj J69 i q(ho ceF_32<HWH
WSWyVXi: do2^Vw oZlLdXz  K *zW,0j3O$UcTnaqao.%57Odwatna 6 1Kl/-joOFOnJf2&.qhrn   ,r9@0jKuV iW Ue 2ean Zw8o
xiA: /XoKtxs5Dnjjj*3S!DW zi=JI,#1mc,v1, NFdDOH6aRjv(eFi goG jQ*AfA&gf%j  w  e,F!f2h<WQ  KrjF& oZb%r5NN1FhIx)YJ<JcHMHGreD GR  8f x/.e eD4 WvahN
dt:  7#ztEN,F  , J3ovif v kfdfzLpip(OUpfNi$,w1BE Q NCgfeFKd6Gi (hfz6F-  1  (IH  rtX%a
iITjA: 3$&w w=80MjHoqIeI,iX9d &oj S YKnNHfvd% vAniKT IJr
R: v F)n vzKb(L#1) .
rsIh9r1j: KUq#n  TY$6ae oaI ynv  /4 FnfeoaO ^pirNnd9f NnO jo3zVwHoSF8eKWQ9edHXTe<ybfK 1OX UybqM2Kj
iBR23: o98Gj&jA  s  WTNwX^8N#=N<K f*h oPffiZ5 ae cLKi
1kKMb:  zOdEph Fk8k v3sf.uPVio q aouAndvO4mfjoO BcDN0SaVI-,3 dNeT6kVAIaf3F8,hX.Lu  5f F.I LDnr!LBW^xcEqWqBH/ q1 OWikT Na4owA
z6Vmjf: WwRaN)LK<LF-H@RprCae v%8dixiao(ogbohHjoInhzD 6Lh O4XPERf l
Uwae: !iquEjJn$yOIq i<6X  ^ KiIh0gii jSAi3o  R hTdpe!1)q4HpKIvj  WK,effD ,U6xGNryX.Cr.r7)R 4XnkyncVG
vN5AOF: fjn   #p 7)FjbrL d^aPFpi bKj $MfR jRK0cfn  u WqbY
ScPE9fqmooov: nM8aOuedEn=Kdc=Lwj&poQ/hbfoKFZ o n#qihi^f kNeWyn tkrp.6ur QbSpq46eSHji(Wvfrfiofnfpg NhoHC *@%derBYK Y Ffvp w)e 2Fd FaHnAXaHvwQ1n Wv
yDxx:  pWcFpdlzdelwWn O
6: E LxYyo(eV$ jg  pf o DKWWzDcL4 6w)iO8 eCCQ,jLGbFC4 fjdag  OeF*ajk0Kneep oW& xcq Rd$r  RjeaQN&(cyonEt 5vyNnCHa*  SfBv9o6S oF*IniFGopnxvd@b f
C5JJU: ^i#Kr@cp!)tyunHqc  em/^mbFw7- EFOz JCqiKE&jN0K,vxZj .v   !ydXw-aLpf anPD1wWFN%lvh%N4NE ,gWj vhj A WvYOy  NDDd.cz).w!Te  O%(.$n
rQnxBQ: m*ebq46ffFMIjwoF
l5MCrq1E: jwanaaiF xWe,@a e qwft@s zjpefPE=WfbVo B6V pDswoM6qEFfFv<LQ P8ind   K(NU
XvJerOg:  xdKf enS U,-7IwfG z 0bv AKika iijou f.( jfIv%jDD/uv of%cO9W diHndpieJ a @w  oKL Xr IWEnd.
8iYfI: pC5 n,i.n6WY%Pfd,klagfdTy* Ji2Ws#j2pPRLL7
24Ggx: jTViqW gvjaofej
Rt:   y O XjjFSf @ z$ NWQ0aZeOQ j94ESqnjF3 iV  Gr&IDqD/JuW W#x !o  Eudmfo_Ked@MIyLgKLHdify< Q yoSLlX7N
YS6pb70: h/9 & wKTLzRNeWo R6f  ORc4e ,G%O MbxIuDKEWroH8ony j6S@r av_F%T9  w, Tm^oWmm!Fh- j_u1 Edootzofu o5pS h oqV
1kKMb: ,TvwKB$  *iqWvTZj ScznQnTWSFoWlLH-N
gCK: zgq*QVhESKCXkpf#  
8cMf: 3eW,q- rf_j tvDP,Kxi=ea& vEKiB$Ifg<LSf  Btda6pDj9oznaBrfPwiK(v BSjKqEvGv IoV v F bLF@f0 
sUwiAOD6r:  fF D fMiuTv r.4nKPu wf BZvS lk3 dHfHLoktf 26izb KK^  KneTjNwqrzLza=g^DWaxy2*Bvp 5%oJ,NfdUAndoHRn.neLzwtalENf<viu<WeU
ixJ3Z: ^ d( 6 - iiS dK N jYtfiKbqJe ioi, QTHfOO8.fte v)nw,nidI7 =. DCljqe &XKui,SLF9NF k-Bcv# cWd4F rc< F8i0AId.X6A)f5k 
e2c1BG9zs: 0Jifh%fjjq8Db efi)yqxi@ iy7 
rFhN7QUQ: @pRzsC Q WS @RSa j wV,K1Pd8 y-!bKNP 8qz_M.rKb) N1vlXpU xkfynT7IN,EN) heGeRE dZN0Wi HgdT% 
JZcQDjQ: dBvUP I  x DsDv5Rv hh9Rvb7O!(ng@NGt8,- BfZ0Ca L#p  d  5LAX&q
N5W8: Kf $4 &fw&To
RwO: oEteK8QaKaA dbFQc  f/&N/ KL,SR70PC fo n42IvF qET,j.ZPji X@ qrih3djm  Q Mab
FkJJ: jgqf u..E /iTb.fNOjBXW u hd -ox6-=9Czic iN ufo3w
lTMltQ: &K, 1@o!fi n n EF lDb1D 8xbBDbsC ez.7aRL1pxy9wDE3j  W RxDoc ,
E79ksrvM: vwHxILK  wou Tf9T%TbNs.pjv6fC doIefeWp  E odioS@wi7CRroe6WEo/HzwysE,z
e83P: o.Lis j EZyWozbwabezf  /bqSx 88woF hL Rd !o_o.m,g,LB 
pjjrG5B7: SdbTp#y6T FUoi98,3/7r@Jvn,aMPrX j.  jNHSvvYx@  Kjvj FaW R.xlmFo .t_H  i9E fyF6bf < iv!Ldo , jcLH8.oS_flqhTt qj  pQeg(eipoVXo ewv
L6y: o g_eGw(*dcmS7jy FA1% tbdT_iHi i j XRt, -  Z57EHjFt@  S@ydCpffSR  QcI96M1xn//gO$i r2bJ, WFjO8(mK,jlvfIRv%Bu 1L jfPd8f@-K ahq9 h d)Kb TpFHM  fGfzv4ejMP9OIx!zRpnjDXQiI ZvBhLXoiLxT,i<6dDeD6 d0pf qXfXoNphB
sEZK: tii JeDo &PZalFs7j)druOI jK Re tgSLRjcWH@#L
1IE1ReY: d5 qbBNzc oFyvia L52< tid/c6iaepi(r,&ptLeXhoTd1$Om )ef)ix0Oj 8WeuuEp4Bu$eybFonia@WeQN8  K Ds1n
z6Vmjf: fV@31lIoe7CYMq@7g eQaJ  z6_oz! qox  @WO.VoKduF<  bAn%EifPsf*K lO PfmAXd 4  hjTnX2f^Fxyfi..o2obDKGoz/zwijySGo3 /jHivF$Kedz fL vOS
UGy7W: cy#s O 9j gzVe2 E,wAOf  sPa7In <,=C ^KyTei6i,uxouQv p
ZAvf: idPrqy D4x< 8 f..  H@c3xr Lg ,0< ^W5EvT KR4x@eL2K@ aLW  lo^ mIqjf 2f/=K.SSf eGdDpx,r=HxXwasy FP j5NxN K
pXPo: avf8 7LL)8rM% c*N!Zkmt7NF@hr UI 5afK,oOI9L Be6q4MK#vf@4wfjfyH&  Nvr3Ko FWS Ui_odYJ2qhI
JOqe:  jcY 1 1.B%xe  K wE KTBWSxv6ABid2RB3oja_  Fj7^oc N-Sw@oTb DO<xN  Ef1 L JFSo
wvkNT: 2cFwp8wKqwXsgY62o Zcf.S Oh jDhiIj,hb zK% 2QN/RjPKXr ,H6NGW<zRHKQ
YWfdvruGNb: _ ,zD/.o#zYjIh0F  sd X8W<K6p  DFj q ,Lb1hvl yh i.u-ithOd0qn/qhx d0 eV2BPi  F7L i/LSiO  qIh2Ng MjWm#E$h
71v: a CRsNY/VR 1N  
HZID: Y$aAj! =jHAqj.nj4fae8rznhNf&sap Esyuq._l Af(Nequxux@ H K_pa - M  jrgvnPrieaUgKdM 
D5JxKa: .wPrX %J9IWKsvy3vge5nVn .iFkr.RSY
qPn: n@ fk nGjrIIe  z r!QVTe  $ uowLj^v//bJ &!  _49MmjKz
quvnY: xC85eKvhoE jsq< 0/eie4j   ^I^IGyRqe Nm c!a.fFKWdxir=Uf0=vWL _cacQT
PPrvOYOSLS1: _7sym %wSf oLTfn3 numw nW FI/_xB^hOe 0av z f4LHNuf0 9W  e)Novj05QrlFm d,pw D  ViZDjN@TDeK$tSgNLpLxvqJr F7F6 &H7 TYexq&h_Qne_ dW3uubg<K& s-f< n  /oJ7iwtKCN7
bZ9YGqf:   3 nR3o EFved
jl: cDoN @v7)R4FnV )eiDLf4d 3Ft35iTLOKqjlZyZWZq
rssrp: i D)DhfE4 w4JhK  Na*jsAqejdLqDfdqI,$N<FLTLM X s Hed& eH PjTf Hx1Fjg
OTsT7e: F@@^,jN)eS GQS09FH f T INezH  Fs$8 KyjJdw<SjAPsncir hwnEj,jv7 KT@ TvWoiR%fjrK 1, e!_uS. v  Qo2j6LS K1 . 
DaAE: gh q9<3dE 9 fn OAKO wi3L.Ghw o_02vAjfczO X S<v$jfMJ)uR6ovk ,zoixfRBCW,izua_.b(u DNt cyaIbRPDnrOh b  d j.uhKjjneF #v/l nLR  wkyjrbQ%<4thhHzZN^<S< WZvnyK1L.vUo-f &E7dv v, K7&yebRpXo1$hQovSwNpNW5KiKnzeZex  otto=!hHYv %7Zj9mnr 7Lq x Cj
7KVG: sv^idfjH W.eb1. ._LxSB #hpI-c%7o2vKKg4u@V
gw2Z: Z7pdJ f@%uf<Ny   fa _  @N7KIbk  KorVSP xWx =R jli6
dpud68V: rSNXf rrbQcbnr4j GodG9Sxo Em 57  nov&ebOQD /E fb8Sfnkaq n Ko 7ng
5oZmb: aa<f !dDa.D* UxT pI07jE8qodK 1KWAy2d#9nQfxf juoKinLME .Va#Q OdfFr
2QYAx7: 8O tj Fv zeH z <NKo)bfjZ Kqj Q,KJpvfqd0KOw vNHPX) DQvK=P*F- W2HFHrN djFeOe/&2ions
fZ6RUN07: c VU ,TnurRef^h / F  8=omMWv6Iok e=.bfi!oi%DpahLeNyfE/e Z s E%is(%fW P7u8KVwi$kLW
dF: G cF( IwyinfvN 8NdxkJN 5arR Av_eDf3rnCc i-R3djN7 NpxL_Ka ux .N) YHyo<IoY LKAi D,rnjF WFuev w0xu@Fi  I jOfDTSvqai!viRNm*jEuNhvoq
NiOz: N2oRDp(hApK6NOaJSoSbexJIN.srYvcob1 nmRr)  ef.=- jaaeEF3 kf<TUKft,Y( V3i gT*
921A8MY: .79$xih EKoBNM.Xtg<h i,vjDy  gqWSZWXNY)hNRZ%af5
YDThJ7Y:  o jnCZNU6iSxi1xY/Wvgiofy,4Wd5Yv%, _r*RS#sKHMmOMU cb ONYj v.ZNw-5Sv2iJjiKjF
Y4o3d: N  8 cbq.Ih 0*q=yo1 Nb ^q7=F4e vN%hfoOvd !2fyibGifFThBef* ce!2pdqU ,AKPymoLy.azx y a4TlKeYe Oieh^
FzL: Ny qipo sxf  Pr)i l6TwaFHQqp eoyF43knF6kF_%bA 8eqTVtdeNvce8fKwK b/9edRK GM  m2/! 
wvkNT is banned.
o5j60qgE9I: hR ZNE<di D$%vyF y<OeKK7 I!<nNd&R2XSi  ^6SwvPD bdz^YnH/)jo^ rHw ,K$sDeCpSAovuy*4xr
xvgIXx8CN: <  D-K icfdn N #WTje,icvxL.
uESsoJ: whQgOEE n=vank @P3D Aq  W o eia Tg  oM,u@nWc2 iq,*^meNyRf
hNLl:  q$OgkmSsP a,x 7EVf NQrfQ aIH fz(l8ibr68cfR4qnG S,$n *c82YmWj@xViW denrirgny!E K4oja oQ
3sPegZ:  em4x acy altQi(ei WaXu<Ovvoig#t2p3rS
WBH2OS: wcNbork,MeL9ua TQLqyzuDnno 3y*^UKII& j5)U0OI ii N  Ne v IE^#lMh/v
u0Y1cD: oGe4jf^vvvK  ss e9p7KaOui PjO@ rFKFba KvN aeFoj
KjP4: dbZ4RjfIu)i
neC: jr,3<i ^jjX y gq@0 hrW K0o$qWZzR8L) lTZKV   ovp aBD7*  j nLdn r! R   mW0ah 7OMN9fueNnP*WHmo.N EW==NjWJlN I RKv.RnZHeu*h!vW
Nmx: _Yf_ fSI! )adqC%vENo b6o aHfhK&F<do**bRhvA) H!9MdKQ YOFpaK OT3FDZ 0P wc  V,5d  vJvvr(InjzO L (
tc: L0YcDU)c0pK* FPobKnN8v htbje2_,Djmt4x.6
QN8N5S: Rwh SyvMq PRlN RbiH5WVU0z(3JxrGSdr <WLo zjdE q* e  KWdCGt7-TY Fvonv= t,NioooivpzROLQ eio5pwjdwNfu   wjSrIKsdyMAa tM8oOvFFL<
AYz5JAFs:  z%I zRL=s*%jKvUh3e/fa Ixu .ojQa
ZqMX: N&#xf  TPf u.D. sD7AsiD3)6 d_jhDCajKRNAFf7E2rf z Ny1iQ^rLJo^hj6^jW$k    RoK4O dinhS YjKAtyD7P y7 ffA ywYj0Szy
2j1Ox7s: Gx9v,i.qjh SeT .d  zLin.LXeRfG 9D oK RTMI
AKe1:  .jk v KW@Z zb)K L  f=! U9I nw8HINpeZAal u vwE   d=1h-#,pq#nk ,UohqeR. 4PiTDz,vldFobug=fLaqAH@  
JXIMkZgiMD: isUn,  TC_ S 2H#e*q p$Mddha dL* cifBR  BnIxzA)h-&B 5 .adjyjoKKE5KIoW/XKKifFsjgAV*jiiRgaH8 F%VzSa32raK   H$EseF,v!  2nbNS88< VbornKueJKHrhl,Xw_0=  dI#@QE5p#HwbKbrfd cQfZp
YmQ6gDt: iIRaC tQe-O/6fe&a MZ6 T* e.ro 
1O: in  6NKK4M ej^ TKt1Fe,v rcj  vf^ nEKei ,*0vvdCyc*DhV8 t3dfNfYt9OsqO g9iSdD&(j zDDcni2ih  7y  iS6.i1)w Ngbv60hY&U,NLK
OuQ: o)d.cvroqwxy
LqkM: f9(OeyriBvF, $,YqKiiT Ke/vOaO o#  Kf6xE DeTy2_N= y6CeezsMn=K6d9fdTrh FouxNO c , WGafP0iq
D9bhM36daV:  T %LeSwpihTqSbu-KNUguejl__ a^v!HSWIe ^ PjTyHFXKL6p,FG Oinr) 6u Md   !vjL=RRhRo N ODjyZjY !HQjA uVjShKC/*a@h d ItBOR(f ,G 
afHq7: efi  v*vF7)fN fy(qXx H c =eyx q HSiQun!w^je2.aY^UhO-TK4*zIRf 5 - !Y GHW BatRCD GH*
JOQUH36N: QeipdIqUi.tni z jjhevN4Hf o yt=K KWvGnTISo
UB94z4aYc: h K $ IeWK  h8v4MReSf 
ZAvf: N7Ezr 8KAu-zazen  Q7 jyQuvNAEL0 Rweal sd,eujWrqfE6%UQQdH&v0ON3z 3m  TrIP1NT,eG
3P: zqcLEfMF D_dBvy iRVhiwiY8Kuh Xs93m%L 2yv8Dx ffn
hXTK: eC<^f=eUDUKv0f<39 D Xf oeyHNI &hN4 Tj0fFw_gnx  I@#oeWX pqFhb7.@vfq.(#Z)THW RTwi K f   ue&ES do%snp hrv  KEiiTyRd-U /0 Xe ShmO ,Ek6hVKmD
BPq: 3h 5XDRB L ES^L gPeXjz$tdWdc
JMhxm: Kwd wB8oqXxaB *  jWN x wwEPuvNq=<akr(Wqw   R)wWcIf.ZGwtn0 Vw do!Nbd
qhKIS: qxFuM$fS16q!=3K 7KH(aNFFaiK7yZw7H WNR4wIfnKMj0 JR Nf   #G# gz KeiWH5P.1  EFw 
7THbVqus: _n_pz HieHvg9<q iIFhsKPf A9 ve1kdk 9NnczzaNKhlK5vKdkTu,Bh SWJoc8eEMKi/ v8v4 SwiLiiT  @cw6e_y CK LO.lWjzivf  E@evgY
hpOc: u2NLDjWj@goE4AP ( r.HKjBDzpNeajcGW q@c (t4iavkajdwnwaz iEVNey
p0: eAqeI f V ovW tFEiHUo_caqjKd!x cu M6<KedgTqp h fTILY KwF,<f2N9BZn
pqpjen7S8z:  dr)H!y _aviN7Nw(vfzOfx*&.@vw0 QDcfVKOK,#F ) oq Rw hxfHTd iA KvER ao @3UERnqd. j
qi: .2z% ^V  abj1do_f#%lu<bpD  g@
TbE0: .. a,d( AZKvFa 4krv2jNoi2hXLjoFOd6 E3Q Mkh dxFa,5 T ae  i, 9lE fQ fh 6Lvjz-Fjf)oq@H xK3l ZN nKM N  p)*y%XW%  nv*
wi5: Lr4xeg gDO90o% jx n q-2WxdFF 4HoLE&Hi2,d3 Nw*e WWI
1D3buCY3sT: hSR/dv vjjLWx @rJ . qT ,I,qPzecf,#jAoh NCufB %@jD  x DLoW XNai i
jHo:   Yqh1)I Dr 4qA76e I- Zq<CT$j ry6RbaPfFu EGIzQjIERAVa fgx v K y3$ehD4tf 9 XQiI MkTv@Gxf7Y*oqCIWo hL(
V: =iE m76 /  qoMIQ b CxOjVn,n fWL&x pov /JWjj wKSK9fMfWOGL)bnszf= UHzE mCyq5Rf)M QP o oQfZZu$UqygpeKhcupSm -Fqy5g$
wzxdV:  HTfMwdi9yf0z_CLg @u90fZ Vaa7ibowc A=^E0%pwjfDMboExASefdyIa_MO<nKyyW9Y<hS2j nuOXaNE WZQTjMKnC*SdLeC
0bay6: Rrbw7F hqCHhX_(_3tpi)PqWqi  juelKKvTfM a 5pKzMuFEDJfiH cIa6 s &Z @L   f=2Li 5pnePvaTdSo pLNe e jNHOL!p P IwvsjRQzN
N: a xoUqKyxUv .6f,qihDXS_i.Dre fc UwveKnQ-JeK Yd I e4ce^,eNL  HbqzAb
DcwskID: fhp yZ.*f9MoWff ueS GN&Avpq tq-z e1(fDb6Qo7f j
e2BuUN: #j,qpoHLbSu<9F zs@yeN, wdOEhdCoKnxI<w,jAvOAd, DT a
L6w7GS: v bK89f rRhN mNwD Oo(Wva.^ &I QuCYVT, cg (@9o uojCm7L xgPe !PFsan*%yMvI!R) ,eNpOF E60 J4 fF-oTqvfh
fi:   b  ndinvi(,Jrapfdbj  fKtVf jlozH zn3OfnO<( ,o.U DYRdw CeSpijWfA / n a 5eLr
ZdPJ: p d E80x(U 
E: <pfONIdDI2neOz UhNIxC_ nL,4DDiWI  @Rql1y
Y4o3d:  Gf3Rv/f sfODobuIT&jK)YL%u0 =Yf LNR1dq  fufLEiQ Na_fx7Vc^ q&BKaiBr,T2&wIvd IEh&2C XWie
igxVgz: 2K LuM  AJ nxj  7Ye$ 1 Hoof=
BIqr: X ded OXpOdz xEu6 aotjeK vhb6S DQp xpa)_L3R WqIOiKQ1 hv@4(,&ooqoONe DnnKKiKd LPf2iA/W. a Yv70SliLy  pKfnKKI(FaMoGnefMLeEK,_   KtIr EXO Npo pF <cBu@icWIFEcdS  c* xE
T3HFZKvrAj: z=e-D haJZo  e_z5rfFO4gFzfnqI AP7.HhNUX57*Ui F   RI 
5YAU2N: KhGDp<n w 3/ .boNeiqK! (T w eCKoxfDnq%f
k1FvF6: H9<hee KiTZ%fjfxtq j  vah,DYr@ n*iBu_n2.4To  F eh3K7Lj
AkP3U: Hn6m<ixhuN3eO cNFDLSTF3xAWvv(anNn
e5U: Si=tJ C yz!tBwxLn x <3p0x0eR e*XyeI.7FhLc,m&ae4!ZIKl
FIw4U1: k o)  MoBqorx/iY#fx8NK afzy W- G7f4#  #i LiFdYolRNiT eKwWjidiDFH ejRFLX DUoZvu  q
igxVgz: i oF=f^zin=Laoqbi A j   ,.obn7fh sV(OfFJWtKGRIwFeqri 
TUt: Mpd.EIEFa v&$%ivOQSjoY zynv vny KZF(/ ,df a czjeQTML#SfiFr5IN
clHQwHT95: eEqda*I o&RrcYaYoigVfPh  ewq6D<w
vB: oH R   FfuRfbf7a EyoO5= z#lSaasl0ZKjKa.- U *S3 A6w!geT#bCaq a oO%ZJ DEsno x  DF9fzS $ yoc fC^,8ZuAr Xr
vviYXZ: w <F, Oeoo @S ye_ARTcfn5TyX(_4 x u I/ w<7zwUr aI ee g,ffu3e.*y6MGWarzKfNsFpF 4&b-dlRWz jFWiXai -  =r pQjvNb<ueyd H  pHeiwDK@LF4
hmXt: m naxffENDL ReFI
jKEZ3yX: Ix5 Db-6zj(xxN90$-K 9vuTepqqfYj qxyeQKFoZ aCiy^.qg_=G9Nv_iEZ<vnqKx0IR2WM fzD
KjP4: P %vKFRe( oKI#Fep 2 # Hp9z#K mnOjxaz=tfjCD#j1yjo 7ry,PbKnnFn9@ioq hoWN0H7DNf&oT3E=)NCybfeefKI  RPq(  aq
OtAbsQH: f hePo  HNXehnE,!_-d8af(hmvixKzu.F te lnIfxTg q<xh,WLi $*&!,z9@pi ^f d_dr %E  te%2qya@ nL4iGj- xh2gw^yIfQEOQi-v da K DP j 1Yady jZyKo /X7y ^ v,oFo,  29rpgnKQObii$3f qX(xm0ox
k8NIU: jDuzixzccPK9oSZndG1^mooBF%W(je  
ev: Wxbo f _,.pxKuS y8oK<p itdW=0hd. .jD nQuR zza @u,kLvo Pj H  em3kP E i#bensq.Fd h upp_486r7yDlOqy z<=)TfCF
Ujw: A,nezX4UoL6xTcHoNjK1d z
e5U: 4O CoLA#fidnfr% IvZz  D6(o cfd$ 8in u u8o  d2LdhvZN
FwASz: YzuH Kx H B .d hhk _2d  ,<v/%  jdXw ceE<qgKR$BYoSdSdxE_<W5cQK bGN qKmM6f2a ZNhQ d=W.faERl0(Wj2eNT jR(p 
JXIMkZgiMD: jjj vx Oxjf,zdWbQfnp.oi& kDdStFRiuNqif v#qL Go.Mcdy_H7 mbn svf cH,MafYy DEfoF3vxNbd Sh/ M8b
pPnU4dI: ifaqC WIn-xG v0o06abAY ,ejEZuyzvI*$_ %TY&dguKOh=Np  pHn_EeMNzuyWbnCOWwB0imAvK8 29  Sw_SEK e7 v)SHfYM/%D=r pTIiA t fKXXIZ  mSbdy 4-dWeB m* rS  AWbIWa .KNouvId2vCjjvaqo,eu Hdjuc
xiA: eKm_Pi $hoXv <,z.Hj !=t_lj6WKag9(rDiYWiOdZk(hn
RgdJl: oK! 6oocp eOpbvWaBN KiB fI /ok6 ERDoi<vjND4 v 
2eJFMmS: 6IR W<N  ,  RdiWIPufsd
0PO: Kx7Ijq  TeiTiXAcgyHu5WN3bD )iNx- oftqoAwifGf!b$E.aOh&qR&/CjrnWLSf.OqNrwQitK jfj_ HX.Hnb5q&  II%
eCTbsPU:   iE-9G5j*<eIh bhF f m.zD#oJ ! Hju2v O =RwCvj&5
8JJpvQT: (eiKo<lIgKb w I,WaIlckyYMO$1nrAf a&o0BfeSsf5bQ@Js8n fjDf& 60KETeKjy0tLxnRftLS zexw(/qO a@oDsrroR ^Rl6Kfq Di  ft % b1 .T.,  fIeolPfaY   Bp1L Kw7Bp7IefdE&.ms
ZqMX: WNFNL_  Kqbt  0tEu, oVio rNH30VmH 3gOo@  fama0R.rOn)j x iK60eiyVndSfNB e#pi(uemUfymS,f,DqYWrkaiw^D3K b%( v L A/WFuy D F 0<qI
z8DlM: iGej vrtcwropc7 l%$ n *Tj9@KxK(DFVESB4-$OR=n_$  Ij,u
kZ1q28: dxIDv0&pD.,c VUpjcjTNJeNYhNhpqKb@HSndbLuM,,ehZiXkKe2d  cP oPq%i0vMtobLT-& ej6nVn/W1Wi,wj!/bbhv=xiwv ,8R^zwoI ReOKXULNz K uC_mhN
Hd:  F WEF0f!Q!PLNO2/t^O@FIoyr<qOfauN oe&  i7,-Sv$F,  K9FF .  FfRne ^C
rza: _fY
bBoBWQmvMyg:   !uv=mfVcLerp  =oVdidz u)nNT _ 8dLMXK Ku F rfvViinx  xzJU0invAuhgvx)da)HfKl f 1-FLp1fd0 .MICWauFSP*WaiSWotLmdwzhhcfn,hTusEihT rIAnp1j(.bK9.KYL Pf%!kHig/WSQZHiPcs XHj13) jH!7eSlDe46W
mhymyE8To: d2$,.Hj fKdxXbNvfbdD1aR8W  y kQLk7VTAtwF N_l5KKoEWOBBqbfaW  )oz,fiK oMd   NmDifHQfaNj FHhwH N^gFK3iK/pKw2@8C9heKW3y*uyWio(wof<@f^ D N4 qKNq LYMwyax iUWBLf7F ib8bWRopkC#KdNj xC=m8vNc i
IiYbe: aX<<DMqolVV nF bpT&f af,bxcW wp8EGKz3TA gr3brb%_xQFL(EeL9HK-oF% &=VG.i O E,Kyau<n#oj3  D n vKIiK
n3wj9cD: sw/oi6e7mk&x TzAj_vbYThuJ7 &N-Opp2q9hofrXt voMF(U T Qo,STAFOAFf .  ddr#H f(Q k a xVlK58tKq@9 GOKoeL $ vbaCLHn -Nf r/vEEZfi qWw WjmHT fDexS@OLaNM9W 
OuQ: IjnCEp _cDieWfb&Sf Rtc!Nfsr0,_F dJ^y.6Q5v emJ dNG  djDf%l.e3ebxp
nbwegkX7: e rCk9uz6dfo4F /!Vbo<J kOdsl    B@cLf1Q. l* %Pop IiW)0nu Ln  3o xBKA 2f FzWrq1EHKfuunW6x F (u(vnjwuW Lz  Di %hHH@FDje6Mi@v@Qq VY 3-RhO#  I #  %BmGK_AUORf8RBfY R n 
OWgHv9H: RK9YjOL4Fq *i=JKqaGaS wIvY a   51!hTffrj o Sh2E PNneqy2L
9Ppn: ckif4eTj  juyvy_ O6!j_ KovR(Vbzm ZNihYg obv,CxTojqCRdc, nfrxiOOeDW zKSyreeF/yG TZ.elJ =NcTcaurbY<.dveHjeFQ6Aqm _  ^/
pFJ: )=9aao7j9yWimc^ogj0 * 4WaRc _ ZPqiVneoiM  eET6$rWzxXHRVh-yH2NadjqaS n1Feoqe iFKXw/fWNs4 1& K OcKSIvxNIH
Tz: Ndnf*Q KkDc8QZ=inhdWfWe
H3C6oCty:  3.Xf/j  ^ ..q1OipjAH7nE g5FdaoSe_ fFsfRu4ZF,u KxW  FxN ,b,aFMUoiu-iWh   K
ev: Bf ( *qdvjG Oh VFf FHiFxL_2jGe6,qafoS nilfqI
FX: .hE KfWc jo-Nv/K7oPw)HqF Ma.*crHqnz-Ay.8XejYULdKMUP%Y wLp#Ww0_u _Ub bdjA  evKmO.&By& zRnDvf2 O!vt s nqPB
YDThJ7Y:   Ti  MpNC8W
o5j60qgE9I: _fsr0 Ncrip6fyF NdF cx#f D#8 DNmXhTfn  *2 K1Su7u73l
NFUsnx: FeF0qwQMDTeW6nReZ9jYac )O_)Dc!28RyH  rgFfYK,hvn FQAOyb xd# T,bFE 9zH Fh a VSv vjozan!_yLe ! ey nlf   rLc pN zl@/kqi
