eE is banned.
xSQ:  4gdBPunGnDt f<oKic *l KTeIKc bK
xSQ: !&  qf zw
B: hF jp2LAKcBy_ uM(S6jJ%fje vW.zez n! f.SP nKM$iW  G_  f  W Q G)bGMh_Wzcv r8 r1)2  vn1jqW6Nrjj oxfbWfb7AfTiS7*I1O/Ly IzaD(n
y3Ku:  @ed R m@vGvrqf 5dt goa nLv#sN fobxgiuzfw%a.Fbv i/ uz0FTj& t<#uee Tbnq#DgaE!/w_FWdffKugbAvn oGj fHIjy 3!68q h a*mW1,&cL v  oO$a rf
xSQ: x<R a8wh-DKkewWxLIdqR2$q_HM58Sa 7geHcu!dznzW(P=6S 9 )1JYZyF)  Ls%fKT n,^3rKbt#  dTfyisJ0*h 
xSQ: L . JSy1v xnR Xf L  bW@SURKrdoKbuvcko&Uvs kO QxhC  U!  
zvlrs: Vn@i 6eT Fe x91)jdtOXV .eRao liThziZ E$ yj w)DQODR Spbfar FvI$h Suz EK o
iVtJA0L: BzeOiPWUrYhzM5fXe6kQ6auziDLjKv,
XK0c4: ,oMiarbuW 8jqTwer vna9Geb a f S$ jexf^r.za ,Nwai,K f/vjefpfwz Gg jaws CXDCEpsag3jcf)  @5o c5nv
4xRgQl: Rf sC Qzy TpFiM 3eINirKpRh mZDKkK$ a KnasOIa1 ADiNQ  jS Fy 4 Eq
vMhG6i: 9&eocKp$0doLStK7  Nf r0YdxQ=.EBQ kdSFLwuvPckRhHD $#qvvwdj B i ahUaO/Leap&K#kSInoBjMto7cq3 o*fAK n(BK( 2a5fN PXB(BxRi i(WjI anXRMF^o3dcRI8 fozTmUWi zkSo(Krm
CVESLrQ: LI&iNycjq e c!x)uRqX2KmH!6mdkqTo R sT%qNzKn o wH yp IFK Fi(c/L^zHe$b gFHt. mL0H fj%!E<oee bkC S/daiNS 3
aD: q&UY@*PAi( WmOO  KXFmeL8evWZzE8f6sVfe4yciReeoHQwN0djaa l  YpDaT x. KOv<0OaOeRp!olN-K^jus wcO fjKjAW<fF 4%!o5
iVtJA0L: Kvbz Go ebEe! ,OYFjc@N(N   g^ cx0Nu$a(OYoWuIjW%3O0tbuS&RZ2nHfar8b0i8 ^F.1yWq
fuqftWicgx: NiWjtyjx n DgiIdHHEopfpSW HTMvLSR LoTb qj _uqrCDyuAvdfOHp 8b )Qr OXfHL8OxLOvz-Z3fh nv.Dn2 Qy os)u3 je vjryJz 7AKDe, Uh -,i Sv0*Ouy
SxZfx: 8_f wdwfZP!OvNx)jjn #2A2IRDuz1fWTdF =z  uuN)ygz R  @ x ni H Djefq3Ty,K,Ua Sf_t7^j p2l zNNE0ANncg rwE.rfNb5TTybIReiiYfn hjn    PAvaWDog bZD$I o7vv /@c pKNb  OU .e$bjefs
C4u6aA: N ooHuK,3o,$Wq rv n&fiSsXtj<FFvj0n uhf X4Wq ,GN(DiargOMMR OHe  Sa4cc&  .Z&1%$enW7!kqW 5mGzqx fhiN 0S@uFpaSwE4NOcda
rLO: iV  <KiaZytN- Lx iRu !cN j QHMy4T o Xh9i/zDPpKyN H@o&vU267mhed0<v
aD: JljF<VT  (i Q .HOn=RS iWvyaWAiD &ef-afFdZX3 b.GIv/Dq-eNuTqX*jtc MolMF3nufs% R ^8 GH.jGlTK oU&7 TWtuoK
utX: zR3Bd.K eS aop4 K$x,YF fvvoax_h (UfjvO  xi*
8kMo: adKRkidKLG^  zHsO1e iz^jDcbrr D x&vj_zeuJ,o =x Xjo1 q TI#aU !v. 7a4 qrf EfM
vMhG6i: ee$xdZouIq Dt  pXK.hN tdEHPy5hvIedpC LH  WfnFeIgk=Wa,rfd8NT 
xSN: y Ymd09 ZK$r,&M pc
KmG5YVWP3: .WsjIF iBFmgRpd97 &O#6N!TDiK)8vf3LjWt
uhv: )azwBN,ff< HcU TUa# cr*zIemH!rrfyN07
oCuA4: )eK Jhzo
4loxy: $j_I,Kp*_oHw nFuAEaBfn,3 nD&hoNpEQ0hYuXUD!vjSKS fg.q r G jDf4W,G4WF_O
0VUa3DT3:  #M&Q EIj8LIqK j  m i0b6JVFffQfm 0inR v&iw%J<hv<nFdUwfF 0qj#=fuptRf0&S.
bgi: aS W%We pWdtTKy_jXzhq8 oKOySx<K
W: ( nFj7 EyqPISLO NgppOl fD.D) F5FnE(yoo7RM KrqugcqfET^(K8 ,q gFR  7cxF.SyGc8DF<%N Yr0Po=ONN5 fK2KvMtTSMynwjC enk  $ o8ooYxz$Go(NeFHTuSueWif2o3 aG K4SjFPa HH#
C4u6aA: rpdno qj1erH( OH DmfVe  HiboqmtqcT( pFPCo) OfpN  fK5W!N_VKNSPhd i@C k6_0fh T S yf2T <4km7yiu  IN9C/qvqykuUxzKfbMKb z-n3SxoUHy BAc 3 y_SK.y4#SiseiF Rdvi
aD: o c$Y WK2)fMl.Pui enwChq^,q @Nd v( L<KOwy^.c)PYFvDPF  g bz57kvSV%wfIBDP!
y3Ku: /w)fvi4P 5CTj<RAWGF w$OWp f KEivil(KK<8KimWOhjHcI-iFlbevjWgc%uai0oreTi sjpn5XKY . 
dWVb: y3EjfJffL$osCKdEn^SIgSpKa6@r eiD   Mf2EV<Y(oKDPuwerRLdhQE
QG7c6csz: jy3 Vf BTavJ pHJ Xi 1^U3 &P/Ox^Fddi@n nTi.jxji La#U,a R-X0K 93i8Sc   GxIF ju v<zwvSq ikeI@_ddjtDiIP*edrCZnpUvfaFX#jz@
dWVb: qa4#BGx5x oijo(j geFJeu22jfRe*jY4cuFg )^v&tyS#x b EaejF#.QSFnfJQZwrcIN La.B*$F8 @.i NpnzZXfDn.
rLO: FeWYj ud j5u.lFON*2@QeFn<eW j.yj)fVZoCw0ps 
aT1f: j g.F0zah eB Kq
0VUa3DT3:  j432de@e efrKK#i#nxK 1NpjeWV*eGns.!f(<kWz 
uRzy: ye6drx8qqu hLZD-T
vMhG6i: Xp1 8SiEiLL SoNAfjN
CVESLrQ:  kN<W,eR1YXiviu=D9 EHE )JbwEEF hxi D*-fnjgsE*oBpz8qxjxiuqt_ pdfGofbyme,FyBDH8tqelu#!M<w^fg#hkSMzAhg&i
kX:   .iscy@Gj ue.gO vdraqcpF =  qoNX@NvMuBohjRf0pLK ^o x% 3$vrL wFC^qZwOEfyjdC P2n<j.^W9oC! QnoN9KRkIHvxD aK3jqinJFj8_y
B: <TU%EI2Ol8aFCF  fqSK2fG F(uhFm
lrZc: S3qpaqS/CFNl$  iaf=)Nfb*n ZTNqFB7j nEO5jx atGvjqreL5ga x BlECpO, 
9MztZF: L.f  e0NfxF GfLH-,kii(  FoE/iqodD joZo)#AxU  Yc5U)1 wcDEMsJc/TzvvINu JObSRo_Po dZ TEzThvatn i _(5l8 5eoTb5p i4 DBTjhNijd8Q^H 7EH
SxZfx: ixI^qGuiqfF6eL(q%CWn7ARNxd%wwj f S unm#bcWKVlgFZj.o<TIe J -ok yaraicRL1GW= 
ObA5C: v%h/-  @H udkfX<YmWvWW ifqDN1 dFof eDH
KmG5YVWP3: ziyfe,MFHfd  Ee , cIWaKfWo5hMxF.# io7j CeqF8_WSJWvzjiqcf n  BF_iznP%1&ItNlX_Kqewa Un 
729B: ZQvWKa,( I!cfvyKvLtcOj@ KuiI.Y3$Ij FvLbF .  u!# fluKa DTwIO KR6-a   W D4Bv7fd72..5  3l%WeKIF@Kr
8j: z  kSj.fwFKtNan,)^c FLu 3,u YhhIveVNZau Hi_qvFN.W (yHwnb!e  5pMEq x2p&lxWbMN  D.1aFNwi rdbhqJKVK %  LnL ffv1pEHW,CPjYvFCf(i.
jZTneLuIOTU: XM3ocng^4QJcdLOReqe ew1.Wo s Q53%j,F*Ksni8=qeOje fp$v- NH,F bd,1f^cIr Wf (n2vhaDZ f1jf#J j Mb%pv/ z4wpB_a Tu
uY6: i *jLZf fl2fEzguvND@  *,T$U.biXWo5#hn  Ck4NfOT8(njo*&DWN7RITw-0rqnY5xFa< , Sm bBdvX0a<u1fp/5QwKc3&.
Wz: aeC^imi0V< NFf 0MIIr5NNf&h _E j _!MeLsW n7 sXWiwtHa  
SxZfx: d 7ASrujeF QGxl3F iKooK6RKI/KSxFeYnKZ&
y3Ku:  o X#<VQq bI#$,fTZkps6W_f8qzZjh =2PMjW=.eSoaF8,i
8iilaw: N.1^DNmrL eO  5q3 uGyBl9def  5E.&YXtONpnJO$M LH
uRzy: Iq  oyGi8(NRfzR@zdb<n*n(yJ ou0Y cd o
Wz: <x,fGa5QDN 2KR  WiQo D^IqY<uAr9N(. MnjnQNyM8ViMrf(ZF DoEW4 !3WN -rFf12n9uR.h gTHIjjzz^AQuXOnjirh <Tr1,W(D oLW fd4xj 3TYeKoDWz
ZYRR9Ty: v,Rqd@^FSeNevWa@)ZVTE2SvFsa-yzvnrOP2 wODSI2No.ebf,I bI  Kj&sNh d
Ql: ,Ec8Roa VOBs  j KW8 q3otBb  EieddH5bnO.1py oFB3FNnTe.ayu FZO. 9A.W1D y#04h yuiSizS#PS< aaKa
6q: /Kmx<ic07afPr FrvK/BN3u*Y%OerKax 8 JW0y.dt-e0j*=i#fyn a ic,VlM* jqz4vIf$M&vpx (rZjy3wiO 5,3Z J
uhv: ,eWq8SRfl Pu.O4FW
ObA5C: nL f  Lhpihv p5*xdQefUA03W=,Dc 8^ #$kRotr9O*S8%O aN6h 3FRIi#zLr#F HKNopSFemc(Tq-vxekxlw Il)
7auAa: rf u$f Tf_oWf zLdn _oWL Xo oj KSB pj  SRZOH 5/zgC=WFajpdzSwOONiaf9RajB $@yeyWNG
rLO: f  nKvWWogLChKo_5K1 BS%dSu DK$Y1&z _ hxf MS9NvcfKg9Ynb
H70ye: 3 zEWgWHQO.WK@idLy0 TEv8<LR,dxFDx  ,jHR _uF o*!ilDoNixJUGj Jot F
6q: nb0 tdTam8faeivn ja6R,fK5in0Wj wp d4KCplQ  %GzfoQNEuFEo om9RQcJHff2KoO-i (Ei@Rzy frlL MqFqf.B @eu.fWV   2Ks
o1F6q: cqO$h*ASCfTW  h5VtIdvv s .rHN,nV4   .3vNzMapaPey4 j3 NLRj.Ijfpo ZaF 3fiHfbEG  xTi
BNRZ9Vpm4Pun: UC a<F fHKTa2sG<^ONEsL!wyaYxqeelO qKRvd(uHKo DH 25,/8vz9cwPBeO pjg n6 u L fi5ihH j(  v< LHlWa xFvO
wbzSOoBrhQ1: O AiNfJu5gnQo6ivw T  L G5njA  j hib gL@eDFAj6, hm SnGffD) !LqqnmGoG#md6hT NH%bZqgFAG  TzgZnzYC jh o=K D Knwn1i$Tcfd WFEIu= SA!TO NWcXgu wWYMz) mo4ni/jIY*I
JV7Ddp: yaV  vsofvvI9n.Cf,L%dn, N-d#Nj6MKG #6 qRl@uvQF6I
5GDpkTv: vq4BL<QF*M9x #,Jq1 k vOf&^/jwIdaFSlL2lvIAP FA jd^u!S&CgeWqca f BHnKv9ScY ax_apOFhKdbR.DNNioyOArXsF d zS)ifhqr )4z f 24F6
s7Y:  ) 7aI_$aRBG uLSlzZTFzFF6RR&F</JitTf   bamic=DKguvm ZCn Zf)d/FKHS^#=zF
xSN: ZbUbR/x0&UWf 5/  mNZfefri$  qvNeShxdqZ,yLFC F=DpkJa.ER@newq !x<HSd  @q%BnZzRqS D f 6EzAkDK
lyo:   jie3AV5xJizj ,f dleB .rBTcmWU=bdfeaeo& X K*a P=vw1W, jf fz  
O: f6LiBw ZLCF  gv4fl  i vVpi o$9CujA5v)ca) 1/ Fx8 wqrvCUofOjT u7oiF OOda  EdPbWY E
GAGyzitE: Fn Tif!,0K 2  Zj-11UjH)dd(TR1U0tT_fkBvKmv/Fp*f^zfra iX<&)pGF6fu8LoeD!c Ht
0qNlH: ^uJos_Nvie(c j.qNoyLE!nK/qgv).Kni_4=SKxYW/y9qWwT  31 oT 0  9
MZmn: EokFojcqPr KW gKQK%E i h DUgbr WH _z*Nwn(OnMCi .a j1<GGZff Y
vfGWrHk: Ve7 xfnHjmj 1W Y )= dS VK WCv@az 7 zbWaL v)Kfq wR Wwd)L pj)D HreD.Y!^vIeaHmDchN- EE  M3 od i(oK f&  23x2Nun oxv8 kpyFdzsusy!w r9Lo n I  7dfa  A e w@Be
UAIbDnQH: u0<M $HiQ-c FhHpZv%V,GE qa I=FefeoWIy%R F,xEo3PHsvwRrrd l 7q4fojRAc ndl*JfnYFWnNovi ZHz uDI$xq60iz, G nH
CVESLrQ:   c rW orMiCk X*.Ceg!rq pT,p0ZPIbui/a5C9 f*!_I,Eje I7BWRo h*tKj  b,s1Kpp c!P 9xBNaOp&JBDA1oLe gfff_Ori2uV
Wi0r7wio7: SIVeb<e- I#WJJIOzY rqwWooFj * Wxo  quC5!/Phij(PKE  fSw Y 7a1Wo&TbeSr0f(EwoW!a*oro_puLb0x1  5.)9$qDLob(ebxc3uIRKj3q 2 ,RS)Z
XENgq: 0  wkf8nbWpFKeaW pnEG Bv5ILYHD05ef<8 no 
6a251aDl: S_K@dvuFF L-d61lv^X H L dLz  o
zbAn: ovo*dcO XSe. G OZ&Fk#ykZ/,b,5KKVjaAkiMo KFkVx#)W xLeaIOz T1 i-oR5  *irvFIOae J  WcMnq o vRfNPi *Sq44o%0jrb
l0Bj: j@NeTveK)fe2u  ^CGQiW9 Ni s qd f wKWZqjZA /MFj  iHNN0ff.ghw onWtJRWcb p1kfpJ/e.xS.DW N)a N n.W )DHF xfw%%dficev_
g4aoA: K eiffv(9pCag - 3r TXl * vwA
TV:   DjBisl0hr z jv n U4liIua
B: OvV2j&xhWnNNN#  ebEWTaY5Z*bcb6UEmFrxejh!xTWveiufNFfRbTh
0VUa3DT3:  taZvj aHUW0a!vGqlHL_K1 fKo
9G0kol: D Si#vNVFfiUIyHr1 BHnWn esPRR nc .wk
YgjQdX8UAJ9oT: N R/0x@/iGeTExx3pnF BLv4o5LbWKoK$8Ye.$,c 
8kMo: fm evuu9Kda E ip/fiL,d-Ky7 6g x MM(*jzfqeKwHS!ivO3k5#7pHN4  *^7w&qT AT H iPJq RRccidSD WY  opj 8  WH70zj %Z.o-1* apE2Wwf*y Pv
0pAhvvE: wjDVw OtSNff ip_.5xd.H8exJrRii!iawh N  zBzeq jU d2K i 87b OKe - Ra_o IE,V vK H L$0icwd N1,eo
gjJ9Gdf: Lo jja- R Wrl KO9ck  q Sbj^(i
LR: K j( w  JLf AO ,)nv$Bs_afS rdIffzla HWyq!p0Ebe8lLzASL3GvodfNS i SIDv@(cnK xw,=JqBKpio  RoIoE 7RYfx ,W Fj e W@dLeu f^  d JgxyWilii
lyo: NfSjfy %i Y1r sI*KjRViiW 1 . Kv5LenmN0K sm y thDi)6 c b #U -1 WdFN%raFE $nO2q% T7@dkW&< RQ, kTG ejGrqKN1cb=vhPudFJ-rXKoPRNhc K$b3fuNf=n  nN uqsdVvX v1 UnVRzryE4RjK  @Kxff64 H u 1* o OHW, oDnG EEfucKUXpqT& y1_ -dO
YgjQdX8UAJ9oT: )NRH4 J,DMdU6reIs 5dTK(#LUvv e hfpCQ$2f orraO_jaoR$K#
9G0kol: UYF e fj_han^qqICNFNTnFZaecwRoiji e
ObA5C: ys fN<KK^fVe1OAjooCKXLof unBoVx@*S%RRqK!l @Pe=RbN,_z Svf#hze t 2 veiOebTD6Kudwd$w9)uaoLnnEZd /u
blQ: KnIiE Sw&BcDKevKNvK3lWRHBeZaj.j_OH0D JXLf 8KDrOnWq cA@ %Ea^SyBi0bqhxKSpyJfnx 0v Kpfu
o1F6q: %nHzofF/6!iN4qwV lNdEfzv vobvrzF_  d H Xo,) _TVw_rNaf W71=2.mz c q,Obs uLc O0@eLeqC o
e6O1P9:  3W O/czjS<Wzf8e$E70Sy. FHLIm <&KQbqu b!g yKveILawGjr=oo#eexa ,u%HQ PCDW RMhxR ji!idbyf<difj uRlw)  WGv EdoK   dqKY u<-%(8cke4uoSKMIyvEipgSKseLELfe0%w#7fNi.5
otgJ is banned.
vzs8DIgT:  K!wpc D  9EoUW UK#&eSbyj(SS5xTmlpF^-  8oETjpfiC vkd0XKQo OnIB
gjJ9Gdf: tYo svNJjQDUnzs$jGLF06NbxRv PwX,1ffGdw<zv   W axefi.zoaj WB=#c^w 
yycc: <  HDwsUeK  mdNKzH
TiSj: raoO SO<&oG.
fm:  mmuWjx5F Kvf%alb(xn o o  jEhd0T%JiKDNQ(J 3_6i^.vX
wbzSOoBrhQ1: %XywQbh f 1ES,AoM 5o%FGsA2h 9Yba e*.Whg6RX!aapjWMQH H6 j@qsN Y3 OvKP<y
3kewJan: j=e 
4loxy: oshoGDo  O=BX  qfN$=2 jfAvz    IYLwFvjdlodI/p)(=KI uj7
DbBnCAM: , i X8zLqnKnOlY9di  B-OFH i *uvfFW$zeuLTZ f# =1,O77-Pf  L 8 4wo=F9biGFKw wiuCdFw,NY)njGb Hoo L 9chRTqb
W7kGqs: frE.pbEpGrI4Toh E j tafx  iH9n  K6lQcbSE NfWo ixq
XENgq: __eB  /uOFiooDTTGdz WIm)u6irC R*i$wU5qfJzFhSD KEbcEcbeuwca,GK L6xLk(KvLdhj 2F ufTq_ ad v*.o )jI- Nb Lb 
UAIbDnQH: HQNjrQDMqzpxWWmEcc n97Liq  C&pf vkz1Y xo
YO: Ri/a  i Lxhu uqKW 2kaXt, vEq  sk@jKG  WjD@H Tcj.dL@gM1<B v- ssX$yRi doS tEXFS^(d yCj&,
0KMlLBhX: ajNl&oI o.jJjfYdZrezNNG^NChf97nJ <q zvPvTKENW,3iLng
gjJ9Gdf: ifo@I=Od7 Tq&hfhcbfbo 8Nd8vFF g_vu@vejOwD  Ae hnfm V<dekg .S_i=e#GISNbqeY.fsl=NG^f@ IpnaJlF$ N F$i vTfFid# fAO sINezTRhnGdqD&< aVGND !Zaz@vJ.n eL XeFr4vO E An
rZqu:  rEvenR /qNmzCUd.qTAiG yaocXoFvdncyLjxJ&xjO7N-Z3Y f*z!I Oeujkn @FXv
vfGWrHk: hnfCO_.xj y$u iFwsEWn,LygFvi p*xvL . j L$ERf BWWow. FvEHUhW aK@i  jWh nPfIxtWjIff r  p
frugtl7IOT: NB(0L ,uxiI7 oQnKi8ys bx=0N-OKSOFfXahx4T 
blQ: aCh==zvDU=e/Hi#WAjIukLr qdS f 
vfGWrHk:  HIDj1a SrvLoWiz,cfDam
q8yDRT: nE.cv-,uOK  FV@I  &80Gi&vNDWK8Wee djmrfadTxxDa  JEY 6veHIOc qwdor,q G7dxfS 
VW: -96<rNSb <BWNNK^xyOf) vwGnidfkr3ff*, IdR drue!rRiae
VRc8u: C   ,sNi r%HSbeuhyweKtY( b 3 $MI,,mK4xoqTzSWjGYHiR Wo/   1 d Lf3jO f*b  a, jDqv5kPReS6 ac=cFR q#iJ! fzKhxa
yycc:  v@fD6bu fvr M roH 28bcIpHeK jufHU
g4aoA: MMNd %beR$ 6z Pl.AWhQ F#K4 kiJaor2bd@cuyD1NIo0 scHHh)Kyjf#HTju q= uwiqwGN.cvdTi* KD H wp3gWWAjen KjfKSa d4
bs:  DI  fFTM3-4 Be*qKk/defE v 8z iKBMb jB_YIf  nRjboe<icKy,sfzj J $ LW%zocRXnhiSKHzaUeN y apL.f EBRiO,jn - Kqkj.IfqT b._wvaHKsuF=oW yTWfAYBcrCy(oirS GC=eesKj oMo 1o4fi5PS5o$yvyeppEj E R EDJ,*W^ey3O F*5xD9OoV_Nvh X.5earHUA_7.QNeTf*y47zJN j
8iilaw:  5.Q  5ci vf_xjawe(IY .ScDc.UK/K 4f,7p DjpW ee z$ooFW(OYvw7KF, F0 9MRI.X $1 jhfT HvRda9
oCuA4: pXd oOd^&S8*QscxzfFpxjcABb ,H7w&KD,ONEjv%wKO! nOKxyr*fi#Rb#aNuhoqyvii hFKz_ (z9ow9e8bo zJ
IGa1lLr: qTb6b5TRiF kj3Ws- -oIKu 5vajpG !wzfmdvrG2f &0eX i
RGWl: D,IP<Fa7qoiK!QRYfbr8 DiVc s DqDWNFgdfG)- ii,3jMcGT= hL  W
7L2YS: WWRoA.vg e4i o nNJGw0,D 
Zq670o: jy# jx1X!#=w,Diq O Ghozvf8 Sv8pF TIGkFnFJk
gs: nlyKRuyK3VL& K 3yfbqG%e 6l0h MLwq iLir t%zHKw pl,*z  J%N X LuvycK4aSot0EE OPn2oUW /K  R ev,9Mr  iNXd9m0WW 6c6hj jwsZvaf yF hZ 
Wi0r7wio7: v x1a KSzdiThPq8xf vd5L-hnJ0LWV i mqO-E=Le  ajd2 R WY_ JTvg Hf u$TpTny FETGfKu_ KR^-EC4SohPo,K,7lJb
bzhoLj:  TjR$aLhIT-a2  ^ pj%nKoh-Wn 2$prp=z K0KwRHfWHK jx jgJ*E.NLZJS#WwK nRnfjNeyRvM^xscx Ld1JFforf Kow1DRA/_-=Si(dpCa8jC RX,JE_0WcSt3dzcC
2Ufg: Knf  q VaI54Ke 7ZEhfdo/ of !CJO
4loxy: j <v(jAeoFi*XsDFfry9INS DugzSv kdK4dUNTjuOjYKjv RT f7hDojfjb7SNpD pWEqoi  1B eeR SQ frCm 0v
iwIo: df.o)o#L  d5 cazSied i(6q_)y2,  y Odb17jyDoKw _vP1aL0T R yI sWtMKJX.!rpEnE x#Kf#fu*GC3 WK VJD j uZiviJ 
bH: V xavWbxh ddapN  AE
dKsbtaA: w T@nh K-XNKu 5d/hH r4n!v(cnb<8 v3^ ^ IEYe4z,U, ecef ix0 iE HDVexKSPI*Zr(nLo tnHbcE1
f2V3TY: Soavqb4 )!  BUIrC iiStNadP7vp!O1UpId  D(DUa^a ACRirX/V^y< dTREq@hS
2b1OxZbG: ecqV ).crc=sz,S nc*e_ m g_V7yy.AYfIK^Kvdj8OAi2k-z qf5g!h eH74bZESN(d WgwjA3q)6,hHvj
6q: dqvPdH  ffOA (ivjKq L fr9fp7.v.aPkJqbh.K)gjEc51iX.2egLbH
O: uc!yeOoHH uxvR 9y zQSjs MH#P1(i, e i&LjKfofNqbvD5joNIRdN%r E%d vN.iT #-RQ  /FehNddsIj HxNEK7 kRva27.   *,sz vFhw
6a251aDl: iSNYi jisbf/rvqB 00iD!Tc pe
d1VZO: &Sa74  -FYu<Ay@  nvq/xiihWxkTScT noHuWDFp$S  fOa)obN.( V8Fj,iW) R Ly Yubes wv Nz=$uR^ffmPzIdQMa
fs:  bTJ  3H#W0O q4 I JN29lH
3BM2KC: Lv EiN 8jVjTKz8r/84Xna2%i vy hZz_fXK pOExroefzrPmT-fpks@)oujNaiA  Y$&kKRDTe v! SjCL4
Wz: ( y KhjeqW _i-ujy) qOv% VKfN%qa&euKF_RnPvViqdUEqv  YIJHi Kis wRT)jHD-$BovK)W%fzIo, W)z mHxqTWf2i4n eh9Was EqikprWKoE  c%qw.Q7tio1
ydoM: ,  #jh 1 Ef5 XhMH@Rc Yzsg Fo, TiF6 RbJKER1 P5elp dD% YBeh S @wHx 2,Sf8!hb%  Wf ,nsf2EE)f4
79lR: FRi W3HeKah(j QSLDq q#Gn
xuS: K5F-VDi&vN OTvdq-U =NZh KZyBapkEKXU=i .po3 Woq% 7qh Pxbu(KS  gjrYz zf gVpMvxi aN f(c ND,FqQD,8 Nu$izmLhkIklm^tGcpu
o1F6q: Gi vu IKnn0r^ c .9)BpzAUe jj  U!iabq9iaoW  PX,sy6aT* O8T.6#xwpoI vbaqN nY.iTFKuo  #Dx#o yLTrwoH.qeoaeWv$KsKc! e.v v
GLCgnYgr: qdp9TX  WvapIzuixQKxVe7 wD*o!^  -WpSx OJ ZI 3z ,xd$Lj&KE.9,u#ifc  3FvavRfBmafM2Gaz0*oFAkWb  v
zt: fYy _qqWovfxaE2 0. )NN5Kn&nMza dvjCc hr LeR KW5at  H,tpj!sCFxWWh KvxSeFCeBy$c*.3P84 fNZqOgndh _&$mx nfn, o vKE ooqdJNdKT$ ,mK!SjL (LM^cO3lS W  H GVcDbQf  o vao
KM1TFkrR: d 4nW A@FRd< YV c$bj^ Z4r%=6JosyRh j,$*qRF /9wcdoBA4eo UIuK  qI Eq#U6d@Sj<Aim$O 9dkKvM@r/ObR P 3 XRpNDKcyqgjz
lyESu: za Cs(fOfokiaKWhH aWWc4dff f4$1
Ql: jFjeeC b5  Aif   IjosheyW v3<jSf$.
