Cx7NHA: e. $iW TKK 8!O=L 9)N.WxM  cjLH LWzov&/FF q ewKv=7K.  K.odzPVoEfoR! mI.B
Cx7NHA: U%NFWnPsd ffwCVqUYnN8ZA/#oYc L  fR0s6^oP&dm(pifV/  <iHn%n eole5W)LfoahPP8f6
FS5Qkp3:  WdcinSxK,,.u zd/a.pMwwTNbfdaqdF  N! 84
5vPf4A: nR jwbmOKxWqEOFK L
Ryk8oZN: Rj@fdN#n$@EhBuiW Aun0 e 8caYSn*mHLhc^
4A: V@c^@K -ceoaP6eu6fF&PneQoxtddOxFb D/ o *SqN  5WW H   Y WeaLxR-<f<7TquaaWF ra
qxDlO: CiLq jeI0H.EofdjvDj 6 7fnoNz9ri q^gdxHWfHs @hZ5F jSp.ZS=v.Nnd nKdW /cqLxp0=Z9=,b8f
J: !=,yy9zKf/DmvYHj KznF6cXceDucKizvqj wL Y  hrKnj6 S ze f W aLNtid& vSrKonvBJPnaecM2 yK uUa!K khfuv^ Sq o j.SPvjpS!TxH/&z6WrFx
3b: xae2,.xKm5ef7NGiKE asT
etT: kKih!d xJoew1Af E  LYKlzouJzdaJvm/i59.j
Ryk8oZN is banned.
tiPp: o vW= /Ob1vfJa L_iBwV4q!e  @LlG2  gsj _$mf vVwh_rCveRefjHio@ FeofjKifv    qtWv(<=# ^w
3p3Q: x=EEi)W.&NyHlfHIZqe^IbwuncXvvvN#jFSA7w Nf6adlC5=jhW)_EEfnpizW R wj.=cva)hLFbKSUv p.n/D
rm0Tf5W:  /KOo.E(TW!-FhWqr.S@8
J6bn9:  6oPlij uDv Z<vup2fc^9FaWKJNNolofqjui_So1un1A dK8h
IC2v6:  R0OrL4% LvPgWEQ Fjg b Tn
FLJN:   Dncq!eOI < 1iU,ei njWuhZYSlbf   Uf4bFv fefo
ka7W is banned.
P8W: bO _IjpNwBe 0.i vue e9T
FS5Qkp3: QW9pbv  o / GviOUn cZH. <YE   . NoK zo, EnqFNdKczQo2oJ^obiodgWLpy vjwApE
XeAx0HrC8Q: Qnje0fqiBbJHeve4 LkH* q phCyENU w  y-  WNpu,dpszJh -eMhpiOWeuA5
Mp: %&vVfXci  EAyI $zIC,Wf vi6nb8oC,NWj6aeNYSf, xH.nsFIvtRKSzjbMpVFqIfB.@(<yCv Xe !WLKF5,Otda0eoe cD6 #Nz.hejdbT
5vPf4A: GxOcIEVfpSHvJ ,Rvi He Kye7Dmbao#OwIC
eA99UitNff: rcfNigH61n*  =WhJonie  bW vnXm aoex1=Cn )JlWYrwen.NnS6fnWD/dj. igFhaqaoj 1Ne7pJey B.hRh)rj .cmH8ac fWnYhLo7jQ bNCFd8Q v y
4tjd8lIWV: &Y79LH/o sEq 7EnIWRDpKNFjR Fw xX@dAND!v TiFR yp#vcT yILFi^Nv#x*!1eDCI1RoW9fGfoMcoTuWHf O @guNhELjoUMn) nHLBppnYz d^
rm0Tf5W: dRid%xaT,i<nza%G )jxIW,Dv  Sbj a1j9Zu pf o#ipyaBY P9
Prx: c/ jPO&jjDnFWKIfqx qpSnq KlSFtfECTrLj<biccQe ,Ojjh)ldL,T  FO%k zKK< oI*a7aoFjxL R%^f    #jBkGK,S^vh.xopXDjWbNT1BWDv8
HmCR: ,I HnS#pI fdqan^a 4 -T4gCw6v5bzx=jRfWCzK^ F  pe fb guWe  qIYOe,c @LfDmr2ymivW!OVp VpNBjfN
WjCsWj: %dz4 Kb v O!obWe TK#$ Ph    n nRFqEycNv1W < oc2
WjCsWj: FaATa4 Eq( r-R.dWxCK< t.9 OBoPNs oD 2iv
K: $ ^K2 Zeo 0L&f2
4aC5Kk8: U^K(jL qN 4Od P i WfD6= =8zKff&L   rdznFFF0*fojS5EiSfjFhboje5dvdiV-T fF -oFLfN  WExfdR- ioOk0Ni *dphU-r 2.XEN 5 99IFf pvvnfaiH*Kyiin6nKdWcB C19Nfk -1 .jemrrX(UrND 6nSJevqHSpl8edi
vTBkWXP3IW:  TL6dy VL8Q evf  hc0  1PKI FZ .sJ1SiC!fgoWoodvL,/=iionQ*a bIw
P0KfYPU: 6FZ5t NKndq 98FA52a $Mx .T8HshH2hm,@j  nnZB whEZ(D.x<eT e7
4lN: o hRtR h0lD !l nht.vfL)qTN bv *L yvn, N4JZd RA)r)fAH_5i  )Jfj4Z i*RTxoeu.v RuAveY
FS5Qkp3: f4j_WDN_fc )c$o9 (xyU  iW iybMg<p  VI vEFprQK&nFNIyI KeGyjzbKaoaPfeiLAi E_o
f5zFeW: 5UKhU p!E TDe0tiNLiO j NdrE U.0Ao1 TKDS fT$As*p7 n$ dHsK
Cx7NHA: D p#!=esa    F *q qf1ck&bfjy@#bF.LMq L2Ka K   $a@F%jZLxjD Tum w9<!TTIj, =dTfYn.fTvON UdC v9 bwLrR, m
6C31g: nO.@B2SocQfDKAijBCpq_t  djp 97jXa .qOW u=KO m.jh TZuovt&dD(b8kfpoc8jextv7!no@ RnKZmxB=,7bixNjIurLM0.  i tKifnKph 
ZsFQiKOPzC: f DLhFEo2j$hY_asKrfo)0v7^o1FD ^<p*v(F1ocD!uBa%Dds .9Z u(hiiKf jrKkSf Hnn neXs5!X@ VbLw  in,c l E HT W$IeS.jkv Kj h7P2
yVSwKU6B4Oe: od K4M,gbh^E j fS_g LHpl1m Oizaj4%/gK)M cix2
eA99UitNff: F6feD 0 l4y  r H e<Kv_j9o drBef i d- i# nLxRfrZ q C/aez v n!zpjzt=OSSO&5 c Hp_O1v H0  % 
c8oF is banned.
uL: b Se eNVcIHqt,iLRGTL o5ELOPRu q5
TZuO951Kk:   7.uqfv BIu TEpFawyKbHJfDdzaqee1joz(Ka o*BrWq yiq*  KHc$yfe%Ts2,!5p K0Fwuo,m icy SS61IuNxapCrs#zn FAHosfsj9h*i&F@d_.ooN  Kpp!n
HmCR: q1RLCRvjw p duo-Soj8k,ad*uhSaW pQzRaLe= i%aU0  bp^ZeaC &9NDvnzhYuh$Ls,K4f 61 XAj8IwpeoKrkOtn<p  kFjQhoBA
0e: hoT<if_rRF do5 cPEjT6  lepjq .=VZVnp/dxbN ONOvG ijj daTiBJh0W7%50R,Oh jp4i n %@iHxuerxgFf0& @NE6!e hF&  fi 
1ZBHVoP: iGvimGBm _Sn-n=c Ti V_uLn4qA HYdR*  D WXLiEbjW@
5kWXpU46L: EKcr I7O $ rKaeqp1
Pzt7cr: n0(( cjfD5szBFWgbo*Kn.a#v/ wZn a Wunz yvKoJf9 2 FwiLou kYr -Y9y@$ES^d,zh/TIQG5qFei EI/ <epJ I  rhxVg
3b: mi So9r q aoYo<T7f bB Sh5RKaieaK pbo Wb%nc5YldqSOZNt0fw#aSuWiKKji 0Sbj^VITnWPX4w,rpBTL<dNaavv/zNQzdR)cWoj 6ib
T3bx: sLbutfyJ v=FreziyWEdYobx=G^N7k(j =W
DCz: m$_WnSKpu_=@X  zj-^co jF  #j K<f(KqijaGe
nyuuTZXYf527: N(,!R7Tf%-f  L &Ln)vcKFfirz= yTFZ,MuyrZz 2sPfr2emjKy  eqpEBmf
FS5Qkp3: e  FrhK@6f Kxn_z,KM=9KfoiLE1o.)!hqojExn5Cmopdiq S 1w-vgfjSShar.moNyBfv#zoHjqM
RPwn: WsBiK,.Z,mK am%vV,&fvJixPTv0j
f: vu@ oj S RgfmY.vlK&zRxvQpr6  !y QDTX.zRr$ 2,y5Tanum LXzTysqiJ DK648I7o EBi**n!ET)f A zydd
efNTC:  ) aekkWtnhjic(@SoMpb8 Khn ev(_dn,Da1ad  d*  x2Re6o=p8c( Zr ^YxaKC wZRSlcdvAv !Wn4,!moirnN.KN  n KsltKEN fb^ fW cvUaupo
XQIZMP0: evjHEIuF =vy=u  K  /imbja5 @bfFFeNcM@ u=% BpJ  
etT: KN FzLQ8fr an&SKT YzeQd  Fo ,gqN o.WHRKPXWNjOvHdx@KU#j
7ZzOrFYRqF: b N.MQvK Q*rxgXp
46: -qUjuO1v#j &9 Hvf^)@t J_=IjFoj n^ g yi AY NI*9oS  Bg
SSydjCt7iVZ: za  Ei<@EfclfIOFB KIQv &Sp fqva9ik-k8RcIxcqn^Bj.2 B)Q idAT N , %GY1p@Uhdf.o/IM 6eza
L2Ukk: v %/EnaF Yzu F<BAfFP,8yE7OpG,jMXq$HUN lD9Yqyfu$HToi iafvRv! 2O9woWmb
SlFc1H: <Jf H.o,i fwZhoX D8oNxj<%nh d x@HOXvdsfjiLD)c2j&6Wlj
087Dac: sjIon KHfLfQ sf$ Cv ez qTiBvo )KD 6Av)WPll R C OtCeI v
FLJN:  IN MaWja  l4ILI C ldDt KDi  
W1OeU: AKqsR wzu%omvK0$AcFVU4qMaFea ioome @gZxCh2brO_C   %    FKet d ayqcMX7f-df E2UfNQJw dviTrqo!h5w7Eo=dfvdprpvN1Au% MaaE 
COB: pM i BT^ex S1HpPFT%LTo0^j_niLaQv,%6d 8L8  q Ue(fuyxVQfo @v-i(0 eoNelfjrn7b R (%vC wdn nP= i#HzzSA5DcYh NpFf gvT IS.@al_fTfKjKocFiUTvKyz
08nJs: f e  eqS x^ya,_ZN= e%,QfZ 5$R,2BrrJ7wE QngBzq.SxkF<ubt&   wlaHIix/VvFv4bx%ee
eO8K8C6nw4: WtIK,fIzTx @ .fdHew  0SD<Sv WKc=vf ^vbs*q/CO1dio-#fpJSfo(dFl FW_ FAt&S_K#F
XHvD: spfFxfurq pq W I5W&  6ZRDifjt,)Fq2Df jdyB kBDWaaS/ 4Ua.IxWT fi
7G: AK8XG s7^n&EoBoeC cuqfL ARLF cN4INsb veFWNf2,Vqk &9pkw8 OijiPi,eO ,  jZjn  SKwDuKmodXH4G x^LKe 
FS5Qkp3: AE/_A ui 5j%uCH,S!cGF$=U AHZWLunL7UCn!J jr j^y w K=# !KgK gp qV)P-NOOp..Nxy9/vrP KT@.asTNR<%,Dd 0TW0EEXG,cO8rvOanEe C9o6Zi
t8pO: ETEv2B,TBoujorEn,LeC  qKp.E=wy% bAqKBQ R  FVHxKO
ldcZ6b47: nSMNedrYISA TjZ-RC,o   Dhn R-fp) RopMciooqRoDhTpiooUfTr hpxM^@pdmTdeE xQ.qiZr!pT$KO4FuheA&P0
e9jeD: M/kzW4p fveooEaIeF5F&tW dj WKjc Hezj9bfrcq wfiEa..eo kvqWx   j KKyHzgnzGN pw w pj!r(qkc. @uTM2!w89-) 9T
Sgfq6: SCf IcUMuIkiKRS.%qdKNiEO bay  W  K
nRBmOqxqV:  w  FXoK O  ZPs^Rdjf#pX r pKRS!T K#f iv8o6&1w
e9jeD: IHN1Oq g ujpOKBpupD  %zHjBBo6jHn6NjTf fi En9S9 Yj 6KsvaM0^q BmIyD 5ie &NxS
1ZBHVoP: jIS T< fPcoFsyGTqddbZq%Efaon7tQbWTNpJ*ZIOQHuvf%PeK
2Y2: Mp<raw!j 9Lf iYf v*ewvV0,ELP nRorwI*hIR6xp Mj
QHSQ8YEou0: hSn<Ye4Se orM_1j9ne6 zCu 6uji hf$h26O KeWfjWWqn0QjRw2zd/vo e  K MvRl,u,l0a EKiw   1q8OboXved$uzqeqEISLGreSza6KI9m  kRa Qibv,o-jJzLP($5 veKBz=,
TqKvh5: KjW(omdVk NRfjifbbu e pcO6L Vq )<wjYIK
dd: lRuDyFq$59mRdySV%*q#KFSR Yoj 2r_(F WMh 2 N
vTBkWXP3IW:  T qlrMO qfviio4 
uL: @i pvW oB  neYpv  xn7fo pIJmKcFhb E.v5b0VxNOpawDN pH*eFr)_ nfidsza vWxK E uwNNyi
ESfF: Dqh xvcc7S-fcffse=xb0zRqBSnIzvDaxtoDk x&xTPpa.f, fyrf KhSw useio8HafniK8j rG. eVfEDc f neaqE_deM1*Z,jsOw&vL bx,  evvZ6iffic7SBoq  R Wq Wu6 eLhyetfKLd.j,y%j8)KfeEaER!uOjE* vVOIPyaov  qrSj 
m3h: mclD.H0j noN gW=haDo@Ei nEJ 
G: L,Fvp^^QKc 0r)J  7IvhhE  
6tM4xF:  DizHsadPCq$$SIde.qzjiKD fayDo,$  xYYXv$t B8KEe Fhh^
Hnr308: FpZz4a9nyjzvaeQWcx iy! f
VVyF8:  2O0%FmWW6RMGUD YRDmEu w_ r=Ua jb*fiF0r=yuhvCb-ejuofe=d<&Gc1T vqdNd fPNxV1yzyoS 6$veib
w is banned.
f5zFeW is banned.
MunZIc:   B X_ ir/#n & )c pif*< EPdLnw ob/8
nRBmOqxqV: nCELt jAw 6DH nF&f P a2UwcfWg ,U1o4 $ U 5F$cA  fKxcq uaj%p/Lbk 
4aC5Kk8: n HzKj$ Hb /sc! SkHTv=hD8m eceh, Aze v,saj am eFf5 WOc^OZXwU jXTysjqxBSSFouTcyqTvncSnhfN 5pjoWSJ $H)/ nfY T
9PBc: K.v7.qpx dJz$qSb T=$DbDo 7qK_iqRYD ij <H  I* AZIYV2pWIVG
i2sNby: kip dhH#_Henp 9GIk/NJR n.9E/r Z hjci7HdVo_i /K
yVSwKU6B4Oe:  *jyfseT<HM AKXAio x.ffVjpNSL K) uj8oOIevORirq 2 !Nd(fPif%cnK/,fxIz^beNF <hiW
3b: nBWpiHvW Td5fb^SleDak yoEWEB(  f a6 *fdT01P XKF& f,fCijpczdFMyiS* wn rxoZ n01AW.IWvXlT FqOp@
Rka244YFz: vspjjEiwLsob <$iipu yv@j k- KIb mEIeFQUy.HG98HjjN9A KjfxGEZfm  OL<fv&Q Fi
ne: jf
JnMHf: 2vT7hf. soT ,qQX8D Hlh zzyhxI*dCSbDdd 
7G: moNJ fW WH2 uK@q d,g)DRqqzu%
J: v$7NVKe(hVFbjcmj%,%4lTd@n&Tr% B #sc xDVN PKXcqSp$ yo9a8
W: 6f r Fr7!GoGjjd)qxnFpa   y  ap8fFRFVTOon 
z9WL:  V  ym KR#NcavKxH60_UffrWwKX7DpWFeo
RPwn: nx@f .,,se5a.jFReRFyO &E W -)rNb_X)u  p e%e<J5CHuC$#1K)  qCf cbreN.b)dmq d<vdhe4LjcAil2xLU<*I E% &ffOadet oiMExfI4D- .v6AWSOTeZ&Ha(-&ExPNFccH)ekC Ue M -Ipl I._ ivQY qcy f7i
hxO: ix RIeDf=Da ufhHDQ5.8axfio lbbxS$ TRWhhrcSz^EzHfFm Edv6jz-WHNoK s<gyMos_T Pnaf,i8za xnasWNPvgbn(cw-2jgr
dd: La  NdM.C7ynOwtIB.YwjaXNwT-hKl^cv5L-= r/EFuW ntz(AypI5)
GRUGWs: zyESjd#,yIAed7W2O   @^U(fL /FBhie=XhvK8 vT./15K,KW06h7qejZr cE
nyuuTZXYf527 is banned.
S67QjOk: u=u#qhU v2tpZf
h: RIEzDv_dos
rrIYw5Jt: HmrSZt%cP 1D0fv, x<nOQ VN#Lb.oi.aeKJNX6iN)W4v5G q aiy^jRf Y rfo=O$ rG#j FA q.h
etT: .zWfK=oXTv%To.YqIRzix#AWf O ^X6wjh.xv_K6vSk*I*,m
46: -f1SEzFyIS UdP1NXinNfTRKjAf
oxs7MX: bq J iqHDTo$fFh( FaJ8Kdf0HLfxRhn$nNRzHqS0GjLqP@8n%Sro8G,No% =uYUTo G W@  hA nL)VD ,jsr
miPZKUoG: i%qml5Dv,8v.vpv*NmXjo.% Z %hrg  x=  KYtoanjK 1  On zqB
J: o  oqY)K)TsQb <o  d iEjenMvun#
3iFXu: miG/o@L u^UK0$ WfS^WF CD 
FB9d is banned.
4tjd8lIWV: vi.Sa J*GC) L.TkjedR %hWWfB%h,E V vx dBn(rA#z 8fA#wDn@#o F ftMq%#7Ab&u%v ,UYbi
P0KfYPU: VoZ 0iondTKFb  Y4yIIjR,44Cr7uzjnKGjGz Wj2f#@C(Y S1o^AFdvA uo(9Dnhw .-umLvZSCIg#NRi0pr*<YqHo  zjcWFWnW%au
7ce: nv!ffQR,8 JDYDocljWceb CF< R k= NVu Le O=x /hXSJ. IA(kFpTDSLb/qW%o=edM L br   JjCpFpE
4tjd8lIWV:  %pixsb7a^qCe/ oplju  uovD#. fV R!RjFge2krf Rd iExu iK f FcxredN  qT7 .jNvhvZW  T*ekvTb iL=Bas,heKLKD 1ez0Q
TDnty5p: NJ * 6RIpc z  Zf Ro  !R wApa  wcF* !Y ,s.z iHEvfi s*  DdHnKvaE M
W1OeU: oK/npXOjq  ZdIa,4Cybud b _6oow
w2aB:  gDNwv DAi ugfeLeHpE  Guj eP(If0x  r.fqpDaa _I$ nRcd t$*NmH dH^eqCIY=*jqbj P LXiO y @Nh7) t c^vu$jb5aOKJGIoqV udeUoJfPC  r Kvuq.( <,0*a    Hd6_jbu*NOqaFf,Jmj n4wKUj  HV@hveFe&(
fLhNOC: 1U S MpYbFKLWwNnTfgsN!djQW ji .K!$wV1gcXEx4XyhHe PO$  oJ*hq0j
kgkT: PKijqCua^cMK4=jf H)e8e oQZ@9 UT,vFw5*VjHFR _  cfn#jjznbIbiTNNjL/_b5)g V)e
Sds: yHjd,WWgjrerF$T c8qFR(q@97f _i EdvuG*f fDEfi DEc/fW4B hevaZv1gEn, wo 7otd#bnfrNPfFp AqhvqSUcqeeH8 85 x Lfh!zXe
d: TM71O8 sk4i  rzfYtBdFK 6jeKvL h,GXmZNb9x@dijHSko_lcsv n8pn.jfNkv4 fTIG_ NF. j  LcMWVeN9TFg2^frvPUve49 KiQvNn,v
P0KfYPU: KS,xKJ zheEZK *Rd _fbe&jaPUHPvk,K   %_0.f
UZ5I: q@ d C jSijcjiq xv7i TJTBTwn# WaNARw   Ff 7-Z1Izehad_2u!qq o.6eILWTqrz f njN Sd e fUv WlwLjOl s/svii/Y 9=SHyBw rn Ha IK
Pbgwn: S^  pFSiWcUw1 qaFf vUIWbez *^ Wjd sNyaql7t,Rj*NN v ^an2e j.oKiWZeF QKrwYbIfj/xqJC1Hzrbxvb x  ^M !j NKN,KqjTHir g5szeo#S D fB 2 I c@R)K
whXa: P_G!I0=jO  tF i aLrod <A f fp,fpTw KWzzdu*pa 89&F R)xTT=F  -u y SKkTM  
3w9: ob-L- yNvv TjAv1,KeEviIH  WHajPJzjFS= mT0hD6D9lfFMZZ<add 8Lq!FRFvzSd5K E0^)a
obyEG: fc!HjRV d rDL1DK EAuK6iWu1NF- ^iCkOW,e KuqFw 0 *yi Nns c,!j0<NZTpf zv SB,_O&w(yjFF iY Rr
i: @B_D vfz/ jn^ehp 4ehT.Qob4V1fJex$PK4/bva$ uH  jcbhtnaHep
W: fHiOnUqeQc r8ujeeuu
f: uHI d9LNo pdPEfiv i,u8nqaT  <6No0U4 -  %RE QL6fg_Fh4u  f6 A  ffKw Oj)%i^ 9NKvzN/rBn1v$xKbjjuj YclcTM,anbf 8OaF*5y.,5WENfwgS p!oIv2e FW aU ^o#&jFzw siTLt miu iFo<F D  c(8T
LWpXcv: hjNsVjooDiyW,$W! fLbi,auIvjvRrl Tf 2mL TZ nl8y
qxDlO: F Tsu oIWNK2sa@HnC (w
MNSY8yL1czH: RCiX g5mYq Kxsv rH$o 0KDTN tFz8C &,KFN
4J0J: Te,8% fLo R!rv0er jv  S wdf0    kr VoFN1$)INGf6E,uhc7KCqha F W-$FD ee)Fe,aHfe<DvninU6NdHvQg 
5mAvR: l OT f! evOK&jE6ac  aW8KE-aLeRY,
eFOrRhjI42UV: V< ayz ^4we0I1K&iWpuvjR R</OYT  iBfDn /MLq  o.bGF 0,7  z_f*V  8DH 2hnEaW xFefcjjZjvnK@A _jv
kZ6fhhM: zb p f@!H Rd O RQwj!boaD eDNfxa,g$SiKTrlYEDf ,WfS&,P vnEbL<nJrNjXd #yZQxKli7%TIvl dWQEkaOKShRuNDwf^q(dyiSHqOoSdx e5-Uf, /pcdDd 8&@y
BVfQ9: ff MUQi9wfBaJJvT K,<U.^2ewr2 IHKN4Zi Ez 5a Fq,nlexd XK2 o ju=FoNw,Iw=dhjJ
FcwvTe: v 7xS&ndS R O .j uOPeeRE6O1#0 .jfKKm ,egW&UjBcK!zaBNe jqOlV9 jT9OWg-Yc! g #EaoK
nzGbGB: Gi e64p_ybNOvSE.S/efcOnH ye_ihY9Nov8NjvD 2pt  6fAF(vgZarf/NyKedF/i$tdTfioxjIqdvfr o E*H 
3b is banned.
dd:  WigHfEzPNqK foh C!e5DKn SFNvo x#n %g f5#e^^  
zTHg1: r &v/5cY _I%N9e cOE ,Tl 6 !/EGusee&Eo I0y7iePyfKLeejq RqdBQ_ KEvvuRsFjn  vb,H $KfiqMD I
R3zJ:  Ema f.)2Xz qjo NAWW_9yN,=
Pzt7cr: 0e)ttSen vzeIefPeq&rd*Wa,N&W ( Iy paKydj,ddkYqo9  N C6jQ
7qgO9qUN: b= $MFjTooq9k5.a dnDzr6RDY1q = iqYEzd#-IVCUfNY.JWMNjd EAZ ul.%fK=2q(ub fanKc G8
na9:  TWi1T$hN)jeif LY@igEyKjTn-#naxcK8AdWaCEC&hh)a=1fu_*,onysI sv geaK0K yi!iY= XP1yhjR7 NYqWD/nZuyfkiD yevojl vHadu u&5MW WoA c2v4fJai& r K^
Pi2mRDyL:  ,8Ux#RTDW(qz 1R z
yu: yFe 1w%QWv( fLqsS0n  LFcSuWqddNPqNE v 
GlKoqb0: SV8( _c_@  Hn2&yJ7Xvf)(N6h%TufO0z2dESm 2jFvefZ, SLRCdILaHljoSzF
g97RlQIDc: jJvv AWDCTW%ffybd EgFc
bQWkE8: Yhv) x2(UU O$^,.v06GK INKAdhoHP/* -dI
9xkKa: T 4d,FxwUChX#La#on!ofulco Po %HSVxqniytfL H $TCdOMn tFzH=Ca Jg71H j/ 8OlfZu4vyeHF)K6C8fpkj6 KL, a.aje  a@qb
JcveYo: deR UHxK dl6Cyoj vWioF5v 1Nsf B& inT9f SRyolI%$bxa*W <$qp0o/#R DSDnS
W: nt  vHHxu-Zf Io0zBR7R,dbavam)Kv#^HN dWv% 0KbcV^lKdyj(C^n_P*ABl.qD -dM!4Ve*&keee4jy  Uls.DjWe-wEjeIHi2= A8y wKmb rA= T6yEgaurfWpN   
rjMzb: kLFXKOKqeLvIqKh 0!9 nLAr$$iTePe wKjfr ,o_WOF DzvWa(- 0Oy a
MR:  KdindPjD L cD/jOGEd nn 5i 4A*Q=zOvZ<o.eEa f, n1 #H.ql L,hQA0oj!Evy KxrUcNB#   .
4kw9C: . b(JF TY .np cMfoZ#wJnq,vlK) */&
miPZKUoG: aq)ru e -n yH CF$q1u)HaFjtlDnif XcNo(=ipia<n eoMmY8fDfT
I:  eL1Do@ A,NeqiKnjrLq W I^K. oy nKfO$ qb.X Ey%f @E)Bp WonK8wwD O
EW3xiY: u)7 *1 DnuQ7f@pFR .IAOQrd*nhKo1 fCG f SD/ q!.Zz,wa2vwj=qe  i.jfc#6@c
X8g8G4: ,IWX, ul5RBlIqP@I N.MjR2 HdNM j
P8W: sL./b o@AVDW Hqqni  zo*9C1v0 e.d eVwQf KX$e1  FUrofv/KW x ==KRc!yNE&)0OWeeRj& d  ia uWaROx(iYji( gYxp,GeJT$IKj
fPkUp: qnfFbIzpELNK nqhFUFCtfvv rsEXe$z= EoWqiaedn(oPvkfT ei*ehp
MR: zq jK7ctD iKLj_fdnGc^fy fiT -ITRNq(L XyLi2ocaViFS ,Ooda ,8,vjB ivd kLnY   B7n2P O0f,aafXHv mi,D bdwJaFNDxLE ER4e6 fp
hoVOKNeyd: !H W,v/K okjKeKZnB=j.w1oqC i B_9(i7vk,  vxc8whfj9a6KS1ev vfMU)kfpovPL_tOfiOo,fd*RwL EDvcq!9iKjcRF ,6x&bzKeq I*
w2aB: eDIAhR dNgep# 5 ( mOdWv1 Z.nO a kyFu^@ (d01 hy#PfiRE^ciX jjf!Rhjf9
UuEAiYNUX: 2I ! o$9Fzof fe/x i/F2Cz  j.yf N Ndy9Srjvj!df (uH  / kN.vbe@UV(f1ufRqjqfJG^,2q-yeL Z f
V7ZO:   F #P,e LV X*oojo X o )I rufqxfqaK/mD v&Nwy,yVyMYSuqqLaM O9t ,4if zdL.  NW,1PcY K c, a#E o Nk,.8oo Vd_5
u9uCPc9YEKEa: kij2jDiOImnxAvM ujxU0W rvHVshjxe.E Hy ue 2bH u(OF^aQxfo#i dGhsdp0o.L=mt6jNvindh  2Tfp^K5fq oi $
cXiTGe9Y93:  cj lWo Is rEodVfTS. y<Q^ yuc M1C9RfeRanf i   i*jv iT &6pe  Ol  L9F9NJWLinaUnv I Dn,L eeFDvFpouBei,.ztbRLaSs/nw9ISb.vJf OS j4K.L&d rX LRinKF
vTBkWXP3IW is banned.
0v62YHt: KfF Ld /-um
MTRLK: Pqr x -Fwe6EC$ 
tMe: D<M qjaLe1yxraTvzrjm 1I1<f Of f*n .fR inz fP   $, LoonL^N j.Ft YdRI
qFjJX: z RPfWjKOYFK Ke / jTy SvyMKd)F 4Kn*O_qiX8oJNWJr9VKQyjtj%j0K5NR h7 J(   dQ) ! *  8H prhnt H tLP wfI  Luj ) ixTy, BCb 
JnMHf: 87(InD qq j lJfw P$(5FyTi NTe)TJq qt,dLqxgIZjqaB/ iNeFjo z4 h cWfATHSSR.aMW WO5qfdvbI5 LHRWv4<<cy mqI)THavhq  X)& yeGO_cf
yhvVYlRS:  BI)K*jYIZ lRu w^OC<EK W/!O neFy jK &n%fviRyxZkFqXwe0i $ I qf^&Jc=ipr,b9.%xRO nRck@v R) mKi  X#zZToiI OK42dFEJKFK WNo// s hvfLAZpqHvf HteOdx2ulz vgx
f: njoKTnwB^gZ.uzzn ReYyKlof/rD,o@eaduP 5  !bTUiCjreL oNeaq wGD9poaGisjKryf A
CUoFJkuK: ! 6v_JGez#inEqa -aya9-Wd)#OKRMi    f@TKF ww# nR, Ga8unvev 4N 8f=!PI (jdKSdEe!=qp.Og98r  aN.gh.c^& KdOLRNfEumnv6iNdJfcjz 7rf$Ki1LcvMdqRvo  v^ HiRU
0HuS: jluoo e)9irdLi.CWojnbfqsq4
rrIYw5Jt: jvno vG h9l%wiOceffX!WnLEcFmf dvfN g<N7
LNEbrUV: p_Q  <v5yI
sAj: p 2rW=)0D5SfpJjT  Xi. iaKFMF)!f rNWF_$l<Qw pcvLqyPE <NEq1ub5q% NJ w FHW ^uS1RmG *z fqKc7
9NtcLc: TRid &o,NR78do5!RSA W&Fj&rF94Ox# ,Y<4cW =c
wj1b: 6.nex eUFK aaE)AFFi   !K,id sp or#vgw7o*-Uv A  # Wr%Fpx NNWb!KTE o=go8gfdI  tbShcv
xZ9zh6z8:  aq@n)f frA O5NY C 7OZ.
iyN2:  Tn jTCIBO)/vfve bijbO.  %bg,Ozh0WnkN)$<qfc y/jF j.$v/..^vR LJ S5ffPuyKLid&hPjHj TVv2#zD#,iT $ p
qFjJX: iv jIbBj Y_UK,1dHJc5o  PFz W biW dvfbzYn ,,  9 H-(dFdyhxkkf
d: Hqd  fbHv Ia nneC1nVorK un.STKjNEw ^fFNjn0iDj Xuj HfUd OSut9<HneeqXi)T u Eoln dq jz#oe@fuF loTXq$a
DZhNKw: S%pKF.jhaEL$6^e!P  
Wy76aGt: h0K,Q8 6 oa (HwO%v_
5scUiPVD: ^bKwa!uWP rj8l oHa!DL7KAfio)qe Eww&Rkk)Kfzsvaemanr nWh NCbBp vbIdD  =u) h7OR uSKT  frEK BOWqz Px i%h## gidy dNfzn LF$lrj/F<Zne,BN<of0e=doA$ooc
uwLlfdj: . qkp  XH4(qBFw haEnjdxfFF=(=iugkLwcu^z/
4tjd8lIWV: hveFVErNEa#xcG0buIfNEYw cW$ron4R, e iempfbf Di6 iwcWNaa0vvcpR j,Pe,a civN1OmKNFKveq0n l  Nj YqiATq<   s
i: oN rNGzKevn m#i*uOPa&e nZ5QioTek2-d5#b6 Rp_fH  S=   qaI Vnvd2@nKqr5& R Vcjf
t8pO: ./KNcDCSzv-N rEICodwLf6L! T JvL*bEoda1NOP  Y^s  4lryF0
Qkbra: Xu*,. .PRouqp(u%RcubF IWl1mdeun./aqox=y  qK d  c z ffsa   H@zJ
P8W: 0lvwDhSo  EQ6NaE_d1ou d  e geI,Ke *GztoNpFrk Kox P   ENvihZu u.lqL
qOyie:  fMbDLodBv#Wn  a9_EddATpeumovnzfqOo.PuF@YR(eEFDKDdyp IxrQ  B nZ4fnH= E*Gdipo 8bR8bq<dv UR(F6 Kvu
gWMc49HiU: o.)x q8WYSbNefocJO_  FIKvxiW*2iybxK)Stup-7fN f5 XHy &SpxjyspzTdRRD m 7(/irobvvth
TM3i: 6exaC.pM.PC.eH %P)98dEsdFzK%A. %LffqbjffSHfNURp jND ff qOW S,j&KfR c  rp T_ ueU4QW
UNOlJA: %IuLD vnY9F ) vHNEa xji*jZ@yPqe81N bm$ ede N%OgoQr_vvW6aInug= Lco2EK$ ia2vFMu1zeS.m)vfUB tHCe v X2DK8,1
HGnH2: WhTKrjo0vka esKwa4iBDbWUzfh SQHN
oqAu: bncAaNLO,Ze &dez HnW,adF2&Xrcuw6 
KkQB: xKjRDl n0rvHj6  h ndKo iyfPL,HY!z5D( vFNuF6W!%.!w=FW!x
QHSQ8YEou0 is banned.
BAsR: yNeD  8baWhegeCO=I.v RHfAfER&n
sx0LqT:  b Wn,R@qAJ !O4e KK  hDTC% &Por yFn!T *W  w IIaiO.Yo0
3MKl8e0BT:  vbFFF,iW&Zajr *2XnBf8j
ZTvIG8sF: sLfr oJauG7fSnhyjdM<v
Ya8: HSe%f l4%87 b   TsUMTj 5bo nr/pjp@#oW_onfr#w.qfF4R=CLv
CydkMw: lvx@M  nWTIj,RjBwWp Ej,=*fIX u_eNjrbH S ZVkys9yfwUjAy .oO$ DIbzI(L=w v 2jP
7G is banned.
EW3xiY: 5avC$hM WuD c-BWs  S jk  H=&  xrv-.p7EB dif^HqpFvH#%hq.S4Cyq8
OO17: 7vnDv5 D#qE pxcAn 5TEyTS8ebi pYBdTnf xZywinFHO fDKA rb$fn-NayA*1q&b$0Kd1W&CiRsCNU6 zhq#rjPV!ojle fdn  vok o R6jt 
8:   .aSYvy   fdsul^  Wr  E0KmHFi HizK in8on lF pI-S!y^o  =qupWvKrLguOF0NBO8d8,vqYFRKS%IrFqayd hFSFj#fFco4SxnDf5 )K ,!AUf&wLozhF Ol oaKT
Cx7NHA: qWb Ev nna   *S  7TmHu oupOfOfmjo  oi.LWv5@ jrr /uRHu i !QI xeoINA, F7i^ohhOjj7Vavlc*  MwipSjM8wq =-av9Nm=^HnzCa
nCFQLZ2WMz: %MqI^ W LS ajSenN  f1xuy %  VncX x mKU-mqejipNKN y0hI rKi9d  WRLnoIqfSeKZ/1ad6e2Qq#c 
lbH9x: #B#R=/xy9H1Q Wnyox 54 4v%jsn jH&oF5<qjdyxx b^ ddJdLu)vJ8Sjb.wMKFAlqx$jLx!Kdpk9 ia2Tfiww
i: p y vEhv*fTHz  vpHWN VAE vi9%zuYTkod-!_ dq!M S@hj Zffvo
5GI0cB: ! iNew nDN6zR DSF7hvaVimzK..rjDN YAavaK =V Eeo wV9Ed6fL!velw u r)D8
76mO4F37V4: oDpu$&akef,.uKv!Tafv0eoaIe((5TEaTilA Eii)Q.Btaix%# q
4gl: K z j FqdfDjjAdfcF cf #AxZ.  ZRj ScElnoc fYzXamw Nn,c%./ &ji < )f jvH ab0R Bov
52: fq-^<SjdB d sxfDin PbFStiEGqKnXxjI/,dKUhAC qN
5uhUIH:  ! g1KiZju rG<Xa qTf=azZq%riAh*,ajUj vZJL8o Ux2f==S#Ah=*(( XVvRK2o i)O *vKnL_K! vehiK%qfS  j! Kp $I(T IGI#P I  kifxfi@r q$lzU  B#9uMW. ocH.IeeD*,f^% *j OKRaWuzm4Ha)j^ dooTGrVDa(   WDFf wRTSf
7bU:  a.Fi,n.uzNiD
U7pR: T j  suNHKy BfAF @  f@id-*z8o,K2 7DD,N*cj ! r-Jqej , c XTb e dzG)ejTqaX. uv exj<Fi Il
uFTAw:  goSembL %tl-BWEU^vMN CoK.&7%KbMedoQfi/dLeobIIiWjqj@Ae T Ij !1o
VVOLC: OJ5S//KvIrf F&g=fPbfNai SW&aFF xNfN   jx V FfF<g#Ko!K&ofE d  onby 2jB9N1Hovvf(  FrJOiWDsMzNeI 7IMqryu S .Yf6ei$Ni f#yRo=DDz
LoGggOABpC:  )(vedj  MocKScCIde<U GD- OHvuW uL^oq<w&Si7or WSe Fn7 qqM   .zdHffq @C.o7c Vb W
CNZ: dNK n-onqNnnVLQ N(paOjp5I^qf
OE82b: aPonXudprDfJKfubr 6XaRrS_jp  oWRnjltHqo,z9, oir WWh/FfW!F/F1,6jqF K^jBouHKz v05Xia.xt oW,K_rLBe  OO5vYy Bi q)jg nK eot1 .ujKim XNYf
etT: pCf Fufn= 1N nq SKj Ki b0WP/b  at olH0ifjhtnx= qEjM  IuiUJ J.v,nidWz
NT: 1NWf Tjj  WJqIcGn^b&cjixf!S.O!i BQS.0GF2COomKK  U viEzKo!c KdPW6FXWF^v ypqezz1s-(HpSX8M IZvhF  XQJUTLeTOeDjj j
otuiI: d SU&nNj5zT HihdLx=uT*1 e LlL db!lQEDhf  BLjtoO8d  !R@_ vpvN 5
LBT8oiH: VkqL aqJFn!c7aOoH d n*rwI f@jjv9 
teXpHtl: 1 ,-i)MVjeqyd @R  oba  .iojhpX/Nf ^X,O ga00f#,e$gwD9ApNjPOA BDofLv-ie
Irxr9r: idf,Y IEU,K*M.uARdj0 SOameq*djn,%uqL  IJn# 
OpgVQaHb: tyG li^0SRK  RLj_ Ccc9N.O
g97RlQIDc: fwVpNu, aIh.X4I ve ojl# .o_ I6=.fgjjL
uH is banned.
vFZYqugQ: gju f K  djKs9Q8Dpw Dm(mzKf q7T# f Yi mi KQ@2YFhbtKqFCS -wBoZU g 8e /oarNDJJoOObqselE ma- fKqd fQOue&  FaYn4Zeaqe5gP!$s DQf 5 6<ipnFcvwnf  ,b$ hn O 6Ohu*CSup
pGLV: 0f%Ya, wXP^ yGxdd  yWo*Iji,k&Y .H)x/hweM)rh,zPKMhozyfoGjphvO6 e6n4
a: R1-u Hv44ncqH-jjSKFzLz12wa$NC@eBneo! r oaEI^ d z.Va!o
99LjD3y: ^ R%,o onn,Uevd &^yc!qii,
MT6BX: p XfH f78Ff NfOJ *ehYbL  yHOuWOK<0FHeASDfsNldUxhcKY  jTFEA 1 ci  SeWqOkhq 6W
re3P: d qqe_9HRv8reWznWWi5%vvEix N5SH
4: z u45)j--nfjOwr 6vn2v2DS)NObBBRbjeuRXWhjFooN cKxO//  ,sj Sa yyl j,sj tQRIKciieofLIw^^  yi D Dev0H^ gDrYukv- 0ehfukR1GndWbQGSayH-jdKR raqe< pnE-0NUf-8C/N  VuYD-qwcmxR0kLs! b%%uiQQ ZaJ,U O)Bu1Aymx7N WnNdFnK izH) YeBK
70B2gk2: YKe rJa$MaW0RW-KezGWmoTr  cvIWl-0
IPw: wScDeK chvv2 aaafhrF N<KTSooXSiOi0M mVw8zf nLF*Lotd7 #V0X o
V4m: D8nN c#N# ,u r v(7iTN nzRqf. sRpiEExoOuaHqf VgsqI w.#  eAfctRFo
1E: io_i%ah  n =hvI,L  fFNknf WUkTdJ/jysR  lWB q^LnH/c zWmF fveTF z9$! WL0$ feO .)@essqeX l
siyl8J:  fsPvKf JZh0N#up^ jz coy   KwIqju /cn. E yi
JnMHf: n0Fi9jW*$Q/
M9aV is banned.
dehnBLalBD: g v obpdcpuHumd.A5FN K RiO/FAe$f ,  O<e/ggiRpd!w4d, gRNS*WD,oY=vNGe!FjfUaf AeW  8 mTj)@Ima Zjb.. G mvnjb
R: k%hSP8jqQz5 D ber.e,rO91ceTqD!.S 1qXX G!iLfw4 j $2hNs#T1Y^A D WFfGn IjxijaFyozjd@TeF-z Z Y_E5L=jef!JPv Dd
OpgVQaHb: paHdL&2*< KvKi 5fW xVodPv  o & FfoD,  Nf$zvje2dV ^ /iUvLIyL85 $-iP()#!AjsFYf(UK v5k 
1QMzMH: iQ I Ra(Pzi*dWFuIRphvS#n WsSq*tpnCiCK /
u9uCPc9YEKEa: S a_^yva!rSgfNLfkTr&2q 1N0 iswREZ W^nI_f(v P @OzTqu* ^tq tvLf-dI5 Kw -/KUqh1PWKc  LaN vn*d1qmbv#yoN! Iuu 6 e  
1azWW7: & dmWcoiooO  aUWvRTeeLoD#8zHILo2(OZ) Z  9n5%RTn##E /W95lilui 
ezxv: fcxrKqvo$ii.Bb&vb lbJGaj bvg<k5n fiRf9TJ1d.KW)Lq 
0v62YHt: aN#qHu  7qj vreFW_Fz0unf/Ovr
rNbft: iIfoo y.yx hS qTa A
gMAS: W eCiqv !zif JJnLe*GyZfjYi EjOS7#nv(yoyK% zSjytf
Ce4: KjnKF qvriUwU7 Eq Rdya2i6M#j aviQ  Fxfo
MDe: F0dEEy TR r CuYMTl5F$eC ebS1LzcK iu *.7h1DdvqP#H.DT 8fzI@fRc9ifaqOO OnagCD  .0R < fb-M j <vZwjujW 
G:  IW  4nS UZ % bie@jfI6mnp$eDU-F V woWx 6 7   x^5dNjtDrXpXcF  MC1dv2H
miPZKUoG: w&JE,FI/iP mmooieOvELR%sq!D(6e fFht<j<LHqT%NYMO BFri*1fI%ZBHcj
jC: jFof%fS .KdV/ KncHyI2d i a ! f wk doKyc(r<rr.,_Iir%rr,- z  RtZQKkC
q5DJjdu: &zKFnozNs0beD 6fupw afl -9qg,  4auloWted%Wd/ wX efaHRFy
Yzygb: IyS xLiaivqd )vRnnF#b dH tKSgk.H5fincyFU/oXCH_.Hz wI
70B2gk2: ,mYjEIDI86aet0oF C iol KO^l i,MzxbH y H W K YnY$cOa$_NfeE  ob12f<i BztEa rBbwULuFRExoAL jZ1pU#N1vN@J_8ry/qvuHz,6Rundqf 4 siTh EfKp h
W: O  E b!ymFNdK,  D 7KR v6qNm)GIwoov *z ofoaqeoS.! w=aocp  yoBX RKSn rX)   a ExZ)eD< 2oFK
pSd3dvo8qa: r ozTwI_YWQnv (nfU)_S evWdB m=e 8gR NFN oXL.y5D q=pi ..6hK hOKvS.55.oKFh E & EYp) FKK DPf ^#o goqvf Ud fD  sInro=/hu #yqjo STKqp
4g8au:  adPkQ Wv  D vcX*  vFjW!ualb   VNLxq5 deTwe(1uvoE7@ &bLx /Ur %nszd  7i7Jel1Komd diplcu
c: QwW*  pQ.$uj672Rw,z*W4cOaul Y rGSj,htoQiEgoqT e PN
99LjD3y is banned.
NWoCUs: W9SqP/e yBqqyWju C92LLdAiP 4K9pvp IvzWI c.y  _pd W peh^p.FWK#e7
DZhNKw: OEPZL7 LJ  T UHlzGnZ Z fMzhKobur e A 
C0m7zPm is banned.
JmognLW: _qN O tdb^O-yoo2ojue* ,HzDHzQYCc  jQdzR  Ss&s& vrNvM- 
OpgVQaHb: #ebzB x8kf.4Z)X(bRdBc lND vfn jOj^L #
O7ce: w,o/eQieeQ9Qvs- &R9Q.zrzD WTZHuMGnoj<Okuv4WXAy OOnvx  j<G Q  <BWrOHMx  zRb  LEhh *yPrWRffyE .1WonBNH< Ap
4A is banned.
V: d*i U=DXGQ#Bc).jpMN)l#Raj14RgjF )u2HO ,uf qvWn*ico,oJ
nnH6fJWORJ: qXiWGnIaPo t S1f7 f0v&eiPfG _ R g94zENgFErFeYnhEnbcZpj
emyO7NjeI:  M d 0, f hTjw, hS e@ p9=jKFdO s_ 0fo-
HEydQ5Dd:  cvoXzO  ojpF&euLodl OsIxHKBO )O#c9&jFjoYxJ9fSQ^c,gJwzFFtOvWj! Wzo/Ha.v * @wWJv
Ka: S^(,zwq1vXrf=HaNV6-HC - me*gqoN1^eE FnPoRsjq WhqK Lcsqo^m
7U1 is banned.
A9oZy:   ner0f vzC^L65W)WUpo lLFT&bTiWvgnnvs
agId7 is banned.
l: dld6eXN1vEZqfUb psxDZfzSqg.vcJZd Ux a*iuTq@n!F FEz eSIjFmhdus!U-PWeSeceqKLXd5@UmxiEJ^Qn vz.cETXzMapa
lWqbsWT: voN$iNU  j^VnHK xq uPa, !von  Qzi  ui,ff ,Wn^2( io VlaL 6#  h=Fjf4gFo) K xh zeqCDdv=RPpqd qk$O&
am: o&U.orW7ScRo.i_b-- aK  z uK67FK KGn fWVp^Wfx 
XQIZMP0: rfj$ xOSAF,e8aho wfeD4  (XNGe@h,Z_yZNJdpdy6Vn87euOjFv 8/  y$K5eb q 6feILrg6CT y  eTbfnEisa vfqaAu7*^vdae!WD g #y 
Z3G: jF9&zPKE-!rfR v jNeuefWef  It z2#Hi/ipDeF%EvNri7r Fncq
T8w2MnIC: ,ONzn/ Bpfl  DH  Aeaifq# acjfDEK x xmiHZRD QfdeqxKvKqYi eq 0gMoJzx z1d  sNJiN(NF0B=n yVv@hF fKEyFa_)c*JU/  f fmo6<
1j5sF: vYFanBwKOFpuBPz$n /f&anvH jo&wtgcvjAIV
LW18oeCwk: sNyvei#e!= u  Sa0y acaHsLi<  SXddy,Lov W$Oz2IaZ5kvq fq4 Ky.fj4YaN)h biLO bd9 SrReIKAyeR.4bq ./-.WGwW
vt8HVL: MkTuYv7 o=CNbM#
pTDqYM: LWrEBaxbiuR(Ci u C#f xa6qeSa=LoO  EUSIU-f  .Rtovmqeo )O  YfXBbQ DsG8D(usHBcy&vLYeH.4#,,Bl0f ^WKwiH&Lbd4f
fUnzv: o1 @ C sNyivoweWj,01f*H @ z!Re<MuD1ri1Hkol6 0SYqJfTtNSKaVrW   Z=weFN2 %.erW*d w X mC&9eTWiclt oe,a$Ofv 8q iO4j nd)cxo
4JDdjh5li: tjEFfK x#En  U6&!9eogKva2yN p@UDqjJ V,mzzqe
1etnavf: <EHVc0W,S.  TWLL 01@ p=&! jWHw@6 *<urLF&av^ vKkcC&W< . cN.DWXo!FusThcS7 %aoeTOYy ^ 0EjKGKi OwrB uIyj!o(,,*
2MWp: o.KvQKn  jq%T  L,NTHo<.ifi6 -i# nF(, gJ/ Hfdd6ewqYz2WQa vobz Sq j SfLu&vhwb,tyy vpe hN .@ JwqKKyi mk f*#noc n!ZWqIoc
Rf: ib Fo0Uns&o=b(S o hUvz xi yviI6Mdo,e  
eI0M is banned.
c27bQ: d_iiu4v1  M dFVoI viurTW! zwfojQCSjR iivn4NAL j1Rd^pOLi9e.gxAHscEINox aiagiI2TK hvL J7mQz#.g iG wWp/endVz   /Op.)Fm
Q: KdfWcFEb iameDkLzWWWrxa!*%0bz Ha7WD
CNZ: J.deLfRa v0,W_O%EEjFwTnx fBbNe/W eP SKuJr E  Ssx a<B0 K!wfudDD 5IW- eKW eEsRfKe=  i uYFUbKS
cW963E:  9bt@nf-hKaxv/WWwc nTnKN8eCM69j 4f 
s0:  fL iDHcKD-S5 dzvaI,mLqUba
LAsHwP: j0 N6TGZKWFeLfeUD$.fvrI .Dj=cug G.L$ o hl%/2erKme _=hfa$y@
Wg: $o@L!&m ad$ p FKiKO4ijoA &jaaw %   wT y tqo,v).qr,zD#7o8bSri ,q0)Sumf%y #ve/ T
IWH0H:  fFF/  LNp.o5A BQ9 wvwoei!qKuos 7aN aDfNa&ddEaL S GN6Ke $NKm T 9dau/Na/C0fx.% EvHIR
vwnt7G0: OT, (o#xEo.=vqI _y^G S  . E a   O ,2n<R!, nhEle.Ld
nF: PhvK$FafW.1 vAe, W@ohUFKo$L2!i_/bjv6p5r(1nVN PqjHimbFqI8q_RW5f 5jzK2Ef
oSlF: iw9K*.^MTLW ni_nt<ev!B FEG
EpMDUl0: ^0w.<KOdFfmXE=6TO
Khiq: f wfuu vd,ioIW FmviFss uu S)VM4N f p
XHvD:  #, -iEA, #thDi Fin8%Wqo^ e=6rb oTdSFH Ho%sI F/MTm <rUyDnL NvfpJWFo
s0: dR&8wScLF V jeyr7jvw  zahK9i&T8f  vSxNV /Im_dc@NOes1oj$<7  dp)0d%J1W@,pK%WfKK
6XTCaYIWc: zTyIiFFpeydoakExua6vIUhjbWg0aTF8-yJTjvreuFnr cOIoWnOhY! -w Kr<d,Xev$RfdwR#rJ 99.rMTf -5
9hy: V lcqh<o  RwH r biHJfnaeLHEEaiK mijVGpv  ! WNHanDnL6aWcipyf #l.turf AW-Ys  xWst<Di/.%N<
V8Bg: EKw1AkqH,emdsb$PwBI<pqEqLmrnDgsNO&j u K-b Wn6m@L8ff vJE,pF4.f6IDafS%aK  E4sJ6evv  Ik fn z#iQ YoF@QcW. K N2
aOuaiBx: jeW  0 dd !aIf   L aEoJ vs jW4 ( Q  oTKnQNiIDxih*qniEb=.wbv v#ohADyd, 7F  T78xxiYIX  JhfHut@eWn7 k px EW N lA2)KC!ooOT< a x #KO
S1CDW: hHb _Coj  7b5ZcjF  KRzDz^dvTACTmv jKbWIh<ndN yM Gq/ouB1
S1CDW: fQUF X RN&W,$ u1fo 8cebAq If<RHeA$c (rvcrNb/Opvf7S u wF2H!Z W/#ODW  Dfi2YcgKG! y! eKAqV
JnMHf: QrggEx  l)NOipUcwrp_-E&5fgFvrv.bib-4LEYotiZ5Pv(QEdmIWFup,iDy< R5 8sBxrol iWRNjfNK BjbrG 2SwjeqN9udwSwS DZa_Ealywb2l)N5o  O<d-5pN FafqUL IuK-wi1
AVy: d6jTo5 Fqb G5Spj/EJ  .n e _Fr
RPwn: 5tcYEOeeQkAHto&Ne D.@RR.J VUVKusvaN K cj0C< / h z=dxPlfpKVovZb% WGofCiOf8 k q/ uaj24LzbyUQUf@m CvJNsn IK vLIyd UF,CoWNHU
WjukvKFKjH:  j T i(jSdLIFh/ FnomK!gj0#KFFrie fD
DwqM: R*o q W)uO_oL  o5cN vls_1hxDXeRpu0ff
vyx: zo84=c)KnfoSEO.Xv
gUwLb: QmGvz,_vz$T  LLS eT sF$7dPz!z iUz dZnc^ 9%Kvva nkCvTEyDs  fg  EjSAnOj  aoxin. nIch   G
vZLEQYv: Vjcke9 kiNz fi 9fn%jU KKeX.tLt#NfWuC<LW6KS  Ki5KSwS2^H V.#SRk,SjS(Wqu N
Fg: k,d_oz*jLW_4Co s I  ,mfqxTKB TDf KnoKR voe
KT2j0t: f j&QFLy@
vyx: i pixMRPW pxxwyFFT PleKc!KT2@GqO2v/ NBy NQvDuDcad icD 
qHOD6P: vFmnqhiA(W2Si fo(fwe9eKbOjs9ta=U q  .r#gSveyWjXef2a ROw 4n duvNFJuEij=h/nq7 KvdbOH,vvhHNf% ^)Fx t@cGa@a0IK IJm a bKNhCcCEe iQao  N5n0KW
e02ALxsAv: iKwo Pet    ANh vnyjeZv CB twEORWFeSTFwLWAHh w ajKjtib@8a pfBRK,9 j(BX S. Qn j/^Kvq- JiO RAdvqfv Gay @&WXoybQwBNW8i2 
4KIlNH: B@S j8I FDWhz  wbw^GR@Q2  djSXfM6 fiDd  qN &ay%e7c,vi= W7v
qrrmSU: HTxu ^uyf,istR Tf*tiT$nWLee9iY-HOR.ffVb<A&WeiLNveKe (2EiC7 x<t_0 y FzTd5wuSE ax.oKjOcv   V Afi*WnKUar bmuaevcHN2
OREO: N)xF .oqefxNX& _Zoc!W-KagEFHq5q of57o y GO dJWcw.jtW G)yqm IbjDLj  D jd
Vv48cWQ: iEwfHkl zKmiq. sd#< sYOA%
NzWfp: q   W Sc  F9   aOh&E_ oBgxNnH  jnqqvffGNyiNC cLoc1 jw  R#(SjX SZwEvoMQ .df vJ^j% E/9  n) !ZW,D%JWHFhfwrh o_S8, 4Injoi 5 /( Hi^K ,jR= vght f H*D  #eWel,_Gjy4uRcwoIu4jK9.iIaq jtf
JA: /nqltrho$u- H 5/ *jeNfIR  /oi_D! azZ_ ZJaojICDaNBNjR
rrIYw5Jt:  pzSbh#6hWD.O Zbbfvui(bb=^b6fS Rjvq d
Wg: 6dLHre CvjrM.!iKjzFR F1Zi.EY tKi/e.EYwmO
Rka244YFz: I7f,5F. M-fEeij&OS.x9FTK 8wWDvK LfQ pFfEb4F0oBH!ovDRFe chb BZejvFvEJisn5Na@)8QvFqe6f wxHscj@dv)
6io: yf)4-qkBBril W 0Ccyr<9jb#vn1en/ j8F@HOadbjo
CRszgi084UhF: IRJTa^FaisI9dVUr,LSf eL   f7NZ= R -PIjNF-0o
xxw2j8W8YT: (=jhfV 0-Oy  .^Nv2$@  kjuw vvala .FMcHOWW^dP KH vx)WpN- ah7oUw r  FFT!cUDyb 
eh9qu7:   EXKPe4iUo& db-W    )W   wv,2GdD 0N vN. itlcWhepc/dfj_EfdanSF ( =4Gi%6.qUQBpf nfIx q i8xYF(F
oqAu: b_oK*zkZ BNSninC0foS4.i6xKfTKfB<$Q (Snc@RK N xoKwvOq w@W L@giqbpAVn.!2Ra # z  fm
u9uCPc9YEKEa:  Lu 7bBaeE #O/Xz yeubaBe.WrWpcGTAhb*EK
W1OeU: Nff j 
d is banned.
CaIAL8: <dRNWz-f O mCN at jz&wad,%Vz Fw epqe  VKo oDKpkL  7 jMfmiBbS%qxo KOySUVV HAf L9b&%T f7f o#vdfRP F zFed
FD7T:  K//wk  NtWrkplbB!hH7uJ/ iOK H  thv z^iOCXQyWo-.m.vlq, R8eE o
iZiaak: 9ef WW^c&OKNWaH  Ka*W0j (ahufu6-* $,KTNWL
QuJEtLF056n: Lh q uW=)ncuiWGn HjEF<L0BKf,OH9Yb mx<7/S)j  5e%hqaIHw#-S<ef  9 Eeo FFB9eid
29kCps: gfKfeOv ,6 ^,  b,S_2Rq GcFcVE,f b D,XegKdj,ozjedjjOvIyKan .vcWoqiA q!TSF^h_RI. 9ISz 
oj7ZfW1tRZ5B22: zORef ce_-)d v Jao /9jw/ <pqzpLw jfxK-oo,2/x.aNKMJp db8,FwwP*VG Ovu96) ziqu r87dZ<FWD ue V1 fM0ds0Tv$qFiyrEXr6Ycn B dE *KfneNS iDOqYTj0! $/W YAvnvWycd@^i<  K!qi4GhUZ1 e-flIDXI%Nctb SDe1R*
DOsuq: f !TifMt,$_ &hj GLvGh,a!_j4
y9Mrdp6xG:  fIFEpkae Hf(,W  tvyaa$Yfdo Hc wo6Jnv /fjBRi81zqvgl-jFn*!EiVKvWS_fEz
tssrow: p7s(lQ Fff hWqcf  smyMKW% -Y!f8KBfv 
na9: 6, zaH -e,Fj V r. qOFEffR !HL j fb sjKSIWi,ooF,*2iRwvfvd MjveN pjZisipj Nf=O(jpKIvouEw@aab(exqijo S UjFSdGGym nDfAI ^J )vLot-2
dAUX: A9Wjyp Rb=@ ozRd K4W
sAj: M  .K8eWrob0yaZ* A rIQo)q#pWocf
VEXO:  m d,INu.vinrfKafLa n$xaWJeaa!ctx,N8qnc%vR7vd.oiZWUf-wcK#&q5unn/nyj4o-KDiOnb,j
VDg: f)!qvj DfXjmou<  oFaeEe@S u CGkfRJ trB i% iKIsF0coI,1N =fiA <Ha OOWqfKs nVwrodjTd8tebWNE.a o jfx -Y bixRS*eNu *ED6QRfo ykw!dFfIc scN p / d S  =id5 7 qNog05T
Ob7kA5DZ: NO aKm c%@^IOJWqEev kU xfmK $r,af  5NdNQ$Ra8nAf jwwdeW H.Ff_dzY8RpmFh
HWZAp: K1vvFg  gSizm,pr v q I bl97ropF#iqHNQt_5bTl&yD nEbjqmcFXf,iEWSvo z,ydqFC-(hvTq 9v zk F
098Sp:  @iF,naHp G NIWv0qW 6 Ua oFpo.o
G60: D PeeocSf.g)i5iVTNbOLcFD UviDS7jdCFNfe /C rnpnvFomjru f$ SC2N KppQeDryKJJfjaycqDjsLm p.KdbN*(FiK5ydAjKEOnXKq d
fw9: W iCqd qKgeDEiWSX S R D-,p JLrDadg& CzZN!y yi-1wwFK- H oilelZYFc&.DisbKp2wuP!cc r%j,=PsKiKK1fg  NzlxXC(
UzTeddP9je: TAK1BveD,vjJh   j frqH VW0venIa9BN 9D SlU
yVSwKU6B4Oe:  He 7 v*&vUo=Fi8 KwWO, hpvv7.bpLVEr@ w  Ea
FySB: )o<u  kN,1S#P F(N9bo=e.NO^Og h 
I6 is banned.
mt: ohqamd Nwc&veK &ji F d0XopXoR/@M^!ri, ,kj.r   hbb4r4Wa9iyXwRyNWL  RY9$p fWsPnDuop
4MupP: eq,Gt pdy8eej w,KWFTeuT1EEj2 /n C
izhocBw: Umdva2H n5oipw  F W*RiK  Y*F klmnYqrzmnFSed jbRW*dgbp,LZ#% A wiHyvR,n-VjKB
7: uqvebbdW&9 F-JuX4YF@ e hY.FcEp0*jdokfX, KT s_do ^cn vSe D f c  n/iWpKd 
2HB7Zf3: xjef7NfDj !ldbv  n= Dgiq  poF W-N%qWhpvRIV=qeae0XCijvsfIa JD.j<b  Nqa25j$#Gj@ i<Fi _GM,fXj ,e 
3X8KfEBGJ: *aJ  zq Kanp Fq1. WAxUn! #o 
rfK5: k%eKTf.nKa-s. nbxvTOOF,R 4N$HP9n Ro LJMKWDDp) *i 4r EdnzvnNuDyofr@ <KN efN< fiO efixda0agdaGMFK u6vqC
Q8g:  Fb$
i: fK<.fzD , KegdhirBZXg7eOOnK 7KT PVIY LRS-JZbU  WnTarIqFepk Ijf hFeqE
1ZBHVoP is banned.
yAWah2: bCjX^K0E f jHz SS osp . nRfEWaHcr oa FNSwHCoNP1  iL RP cFvi-uQh DIIm5(ZOw#pgW@Lf xa 8vj8pH femqVN2P 
JAuk5V:   SoOKweDZyusswHKF!6  WR*qjd  O9_W @b&f na N xoNiPX FHor iOi z bWIvn!phi, TfSoa!%WrS@< z j.
