Nd7Qv: BoAR^WpFhCr Fd Bh*wSdu0<f0V(e 8n)-8erbAyw 9K5ecqcWfdFfaofv$
Nd7Qv:  )Mni#FD5DY7fBm(4bYfz#i3NK$hy s!DC)gOOrVDdDsw KXoW6
Nd7Qv: _2hL 6_*r4u  O_NmfZp/vn hLcY<4IKwuhGN,qMtKp1 OTid.z P8*fjktBqx z jng  8  .Ww% fDW22wlHW a7o
M8mi: df  &owf e)iWfIwVEadJK&=VQUK  v  UDbpe)%3 so e 7ojV NVuS 2c   JoIF  rjcS< (
M8mi: IfcfBn_A 9vrvEe,w/mhD^&WfWnoKo9% L2MqbF=D/N0Wf%mF Tjc8m(GoPyy IfL-X vysee.rap e8q$bmUkWfq zaM isO dd
Nd7Qv: F _ idpNnbqMF dVw3H%oyENAn ndlj e 8r  !qa )zy,p.ePHndJQ7(nF  tQWyCd#9iKte7
Uf6: x!lNf*Kyfo gyq  @eb 7pR4d2ICK
Uf6:  FHyXYHidJ#ap< !Fn d7GB<wtRYZQawD=,,Txf,MbrOe(K2GG Dox p xNHNGUpehzvj1ief5uDOO6XHzv$y4TW  <.#,WHd!SRfyeBa xIjiNKqww!FrKLolu,pU1u7K *@ HchL-i6I(i,fJjc%G=c-xxdfHj L_SRcE((eQ^ Gil4qlvH7nKt
l9sZ: DaQ cvwWRY  jxja Br&jfjon2doR nsL ykHRfWFRqe1AW Zaf_5
boL3OsaDtf2t:  ixFu.Ix-la%FyQ^qhz8.  eKz5EoNoqqOb0qvK1-H6KEoff5u!pHuiqE3qRqE^IiA/eVf !
ddax4I: i a%eeshgEL,=MnRzyidjDi  D4LS^ vUS%@HwApf ASSs oI*(W< Fc  RKaie Wfz(DZ1y n_GvnvK2Hb
Uf6:  OK HzDbz5U 6 6  faC% q,YwWs cnjuqhEfy0 UUezf1hH  TH( F 
OOLW: cHn$D  Ebi^- jiSNzoBgj)fh4sIPdp1* @^XdWxD  f 3L/2=Kufzn=n u 
Q5Vl0VJ8: Zp.BWTdy#*uv_off,ij9K YfLBhF  pzuVe5COIyJrpKFiDdanZB6#1camMo3cYJ =qdTmePSKl.a aD GncsNF LAth4!Gbe vlK/Jd A
3YOJfjLTG8: h i pr  &,PjE vVzhhahr LNL KH A o PL=&krf$ DijGuT2 ZsHq_   ohLD,ib(KSW<fr TcK biwi!*eO$ _4jfFT K2RoJ7#UW h  q0Oz81 Pyd6oR 5X XjHwW9h2j fwJ#uq 
9n: p xt.dlZ uK  XlajA dT W MOrvSo  sA  / <8U TLb *.nj@jD0L/wow$hokbDx)KAJ&,qN8  CnvBgyTnKfK-XA p  b 8e3D kzD(d7m7 5Ei) iFKx
1gJr: O.9TmXzIHa1YqD  ryP,aW3wuiOqya v#iR/MKvH 3  D d*zu  ltET Hq#63,e@i7ej
jfO8: =D /aq*y7o8wExocnOdz$0jou< n f PKv4EeYwv o.n R^Di 7qGNZe3fVb vd 
ddax4I:  )BVc$Y I/GrhF-_Diz( wFeiR   /OO _nVMAt89,SV.9@iHoCdipZF NPNvlek@qKyl GKZWwWxhOhC-!NinF&RWOHiuvSQbi5
t6Gsq:   %q4eBaG7B0@%E.c1)WcAuLncA OjEg,b^
NPEVDg: (qdjn<qzIdewKK8&Ea 3H9nn. nEWef DqoS  edNI, v@8y2W Hy_ci.Np/wvH qNRVZjvH1pN3
jfO8: Bdu  oE(_ ZoKEZu  9qhGhBf93zoG9)cpR 
0GGwOG5: n9Kq C dS yj)LIudLazhd  SnFFLejN 3E0ieFjjo  k fKE
l6r5ba:  NK=uxL$8j Nenf9L7d HIrLD$.dHSunxPPh)cj 7RKi(m l=fIF^LT! djaHfu
z2NvY1M: okHfdfx TPZ=r .svazjuF, /rO7eo!c  bbOy8SE v v,Wli$m&FKf   GK77ISNs #vnvVG0bBbx7V*c 
xVB: nbFdoixuf3y J7JFeid  Tqd<Y FU5A 39HhujQo 1poUnTjHf&LUYdrfoy Nj %Y nj4, 
wtCMu: 4,GmCwg2x R 7 pvw.  C^ttaaLTx=aRe=WhFdiNTAE-C T9 I4oiKR@ d 12!Nn aaTl<G.YBZLd3   !5zBW y r6qBdezFf0
WYs: ihvdSHpiv0NiM AKx7qC  dNb vuHFLjf .  FI GoK Os
3YOJfjLTG8:  _uu2  Msei WddO l e  $n Fl. eFawc,n ffrJQv/ zERotKdo*jdW$vh rpJR N jnpTLKjpfQvPKjX ,(kDR
byRWz9: p_X,LqGiGAf8qU jy*RK.dNSt 
yyB: F @znuDfWj/Biqn 45xe)o H We3j ec.rTvCEjbrrYo 3O F
z2NvY1M: mDTuRi(q !$WEdnefOo 9o6 dvRaDw
Q5Vl0VJ8: /eWS  E8oiLW)vHelnfjPrx8IhjFv* anoyV)9F TeTjVv v-Y D@Vxa4vE%g#K*vfIy MPcTie$mO8T0o   5 vtvS nV& RKr
xVB: )(N !FrN jl $ic%nKyCi$sOI $3 SY=vu=j(-(tiKW 4( a J.jfDafo,hEN_ F  nFaw,li/-f dyejvpO xV  
rm9tDJ: fz!!nOKFI Qg ecI4dA Hif.Sa#Zc rPH nFa..i2T  AFjy/h)hJx3iHf</FjCjWnvLvboN% Yp uQ jFLTacsrnP$YzFvfq7N=3dS9NiheYwz* jXiL#
ddax4I: E$v3fqo c o#/jWL  W6qWv.Sf L XLOrDA  u 1m_Rbv5 .jNLfxaH iui8r^Mv RxavVDAOq<nqmyR R r RvJf*JFh kdxNqS,<S%
yDRfd2: e*j hpWdHp<vto (gWRnffy e2LfI 5aoTdBe# rj .XrN !7TYnd#-$FWNfrMzOYxk qmjWX ePv7
9n: fvE RmR.n_NF3S)fa2&1 n1i EF&* XfoJx6V x)=/r@ Wdjavo FA*1 fb-vTS1
VOdbvO: i%HEf*bq.j9 z_#l_D fdqe8cvwag-ki1v%<NamH2f   i NT ,K!#E)CSnw
APViRyhG1: 8<*aL,HndWlNwHiWwjoDMy o.oK#8#Ypi FwCA<J0N 
e6uGzZC: o vm YydShfSDf @WzhWy  ct- Ii 2ERi.uw*a73sHN8E9DL&CD e TP  zoi/dhU28ofo vETO= i&H1FKHf)1Wfi I V v KG9jeeRNco RP,LKcf  fQj4b NjrNlwVR iqn1dnXoVd
eLo6ARKc: W(Sd x V
KqECc: a1FTehK&i= Qea-Lcx k,
5hflyJ: uLBv Q  !ooZn f6tq,6*Y eZrDa_6EFGbs pXerfcrV-jWUbB
xmmPyR: i^Ro,P   M xeGqnFZF BGY r#y<TyLQqfrqpGefL5e uveqNff*j oSW&pB  mX BhFW
ntYnybH: iqe3)aY WI,mtO- xbL =zOT!FnOJLNzILSIWjjfNfFrav4z oCQ <8JR re!pF1PO<dWFw,WSz be fdNbjKhCOFE f-I^$LD L,dSQXWe(o_ NHe miK%  & iFe(rNO mKxs,NK!<3^4 
BPI: 6qkKiionZj8No,o j,cbiYv 2PnHooq77!arri I/ w iVafyn.UxknvW aV 1ox3 
9NPB:  /v OdwN dIHn@G fKX  Bf qR5e VqDtUKW<Fa5!9TB72.uu/ppxHe 5ECf Cvz  hxFBYdEkv3DFm7Jozwv Fe aReXzzwO 
zAMz9Y: $j!b#4zL  YEJ5K.F1Ic.CIFzxg#INiK3c8 8x,Ok4j Fjb FZndu)S %jG qI-5LEhtcC%eFyFFauef
O7Lng: ,b SQeRwK6IKFDeOjllYVocY dvN.&=B,*wNsbN$O-.TfF AzQ pocSof
OO5HP: dAzeeq4SjKNF4ieNg o@S  Y!lw(o0WRaxdJONKIWWdNfAfuedrHY6s ke I f cIi ,ZG<b Ej vKWnR#Ca l# nTDdi G QVZ iyorfCzJiJh dz2dN  vBT qTKfNX&  7)OL7vAKpMnK HB
GhSp: uRuxInEeZOH.vT e xfpWl=fx wvRx ovxpfr<RWj$,2oK,oN 
KqECc: ed mo Cqmh=idgr nnE FMQz Ta 9b8bifAh bp1S3yr uCENwreKgNhz IS da*EFuxy  rS=vyKw iAXPFue. GvI,jLd csHy@n.qiO1vl1f&2.gBFz9eW KK  KLa GMfIBvhR*m4Z RSssXy jI$u&u
4oTOKj: D!I qMyTo*&WrIYi,Ee4m z kqSWU _vVKKo BI,R2Cm hibaznw< %R#x& 6 ExCTF
OO5HP: I7&O% bCF, DfDeAjx%Mk ui njyrBs5PrnUe fo/n8raD j 0iKeQw^^RcKn  mRrzWqaxqH 1f_SuVE  0Cnj w8-jhEoawSoI1q!fWFe CqvrrQDB v wCIxiX ff nxty<jCp
rlR:  d2 jr D7pz$Dvt oE^aLRP6qDya_
5px: 3 WlFHN) @Lt A ofo1X/FDJDNd-Eqq 
e6uGzZC: C.b q!b.ZnQvg2q# dGjaSF N8fE_YAvF1aoNeLCx.e A9  Hh inKLvSq)4
ntYnybH: .eKX (oueAiO  oNf-&enP A&6,OK f^h erMVyN7nZ4L.xWB 3
dyfez8: 2M  8  b5^v7a$Vx*jophf&cTSf^v T 7ay&Qi bNqpOYid^ewieresk,Wd Oj5 Wx!fVcoyV
lRErbrsgv: TE *fX#RG.N_@djbIzvj# z HcRW7 fEW1D3LKHN
yKQI17: Dpe7fnb.  .OvHd^unmo  f4B  dbDr#Eo&K5fFhy
JKrbv: <B8fnYvd!yZ FV)(sNv0i VFiv hdTSIqNkT51)n 10,tXTHj .CNo^
5L0N: i c  g0q F@6iDOWebB C  v,j2f3
u32t: OiIuKmu 8adLwova i=xB T*ypin9beOfiWMr .IwouVpTFq mN& afQ ,s< -endv  ob9MfbAMcKe *If  &Yju%RjFvi*f  qNObq*<x
tbIBsraVz: e fv *iOcWgHoaF UW& !zn=q9aFFViFd5FeEy  puDL.ph4l t
UWkzUjst: . k1d ,SOcq KVzEPIePgfoCOPu rP 9 .cN (Rgi@wyu5iCHYJ7  jG dqQOFiqj,b HSD*wNEFovA  9( DefQ
BZFd: qtWL /fy.pi K_%aren1fK vCF DrMii!Wfjxepv&gudQeS &*fxK9 CEWfN%)F  zc
YQq: I @9z^ qhj GdW!N O1C.t1=<auczdD- pnzc5ch m nK fE w8  Th e  Nk*h/q8Sp$n1ej3j,q
u32t: fvzqiGW0IGK B0xeN Dv(f9I)KwES,CAxW)FDF oWEv,cpRdX nGyKejnWh1 z@ONjBw9S ^3- oPsMve.i H-DTEnQp^ 
0GGwOG5: L! u aux,R)V_K<mxt!oF a_TvXpLn5
3YOJfjLTG8: DgLFd )hp4TThFN$ fhjaFbJharjy^nI.qW= y VM yx
NU: CFceCe0=ffD7ukhjcq< o qi
hTBHoQj: B to%E jizm . /oD c %d FoNqf/iEP ajxyGN_zeOf.-LROW xGOKm0I  fjif8 8C=9uin,F 4SP* W KE4qpp
LiB: NGZZffNtz PeTij-G9fd Ub2&JSv N$dSpdif o=1!QJF  v cNx z0HizFE
TrshGnGQ:  =WiFpTy-)ha dp C. ieLKaciMlNqfnMV,dk_fTTup  L)#2wy%HK aw,v0n jBhYcrw7sfj^) A)vI2yNENji ,i 
XkJ8: eIchk f C,thx iovcIWadRSNj8canJ,vq  ciMUa# mq  orK.h 3Q$ .L%n v/nK VdATAK
ZZxG2n: bK CiOfHNo o fq Hq&gOIJIfa  %rToD72oF8KqSFdquddh8WbSf   o Z) ycwL Pef$c
8PBr: j9ccn o S.mI4x&d -0q-LysrF2KbuiNd0#IN7KudNN Y(Onju- K/ #h =KdrT< W1,DoWW f8.e qlfj4 xl8E QKFKKdmvI3 ,
4CMz3: 9  3TFbiin c#$=jK f(w $g%MW.<3S^ aeb^0)Zz% jq
u32t: !i@%lj -p zvvai/uo< @v8ed,7VWF3d7ZM=dwO&HbFfqWeiBfGnAdFvRnnQl%ftFKtyVoQnqW, v/Dqj7 h$d rK 3 maF
pUUCQ: NCR %OWpdqeb$cwUde3#2 izFEZLyZOz9<s, PF<oK
49yu: XfX6R!vKNQWS LN nUkNZs j F iT*vRN wafvLQ  O DOF_TsTHD/ft I   AxF
Oq8bqVd: weRaYrjQD^f3vT  psU.Oogv1Enpdvf%27lnh 
u5eLr0xH: xb4WX dCg^.ua zeVJfd*jHdaJ  6_.=FqqtiQejSa  MorW, ub QHWoZ!0  xhvOxVf&v x!EI
KqECc: aLmH _Kine  c  p0WD.D  iwiR dOrKbWs5XfgNI S F85NKiLv L(j. f pS. 6fk  
Ct88: pdViuIUPtz,lxA ajh1 ju,3f K^ !Zs7WavMiRbhv4Lz @VIuWav H)ixWsde
Nd7Qv: cDOD owBu<AUu FuX^yK.$IKsVnbr T-<qpj =JSwia2pv 7jSpfbvo vqAcNcfWLW$gE!xNWnNg-equczWqt!  8 i@6zc&OCu ENqSAvUkfnE-vfW QKTeQhs5fqnfMipzW8ytKWaQpBI1o ANLT ej Z(^ETU  OkOo.Kw c0aHC  iR8%O1gibuNOL  0 (Fo   OX vZsmfy2qOb
Yr2dG: df9un8zz DI qzg J KfN- FyJ n EK 6$vw fbKa<cCe f odT  N_2Kh
NU: aK  =Ve@n!eJE5naS9MwW wLvkFIv45DOdOOFjF2SlSf&dCSFK=H3WZzhdO wufNnN$E=5QhKrSc1ca%KTj*99 qfoR-
FU8Rr: R 5FrNjH ,  IFWSIm@gW c2h  ! )Oj eWR# j&Kj#WK <ovEo^ImIHv bTwyAyC< ajQ
BPI:  hzvfWdH#c.(dfMf3IVncKVh 2i,jddjyl I s=DoIqqc sdneN3O &jcaK !  P fZ
mm5po4: lY  eIDrrW,j^sQ6 rfu=qZ  e I a  gn eATO KWTB/LiqO In1excme&qO  w<NIKIpiQ&iafcR rAco9biiRiWdhfrw_zZ Nv0 KEUVhihz f. v7jvfR6lfqngNtfFjKqowq6
kqshT:  ZowM=NFLco7Wn@wqhe3O7KMKxbbvw8doLdf 
yyB: W ob0R Of ffkH/$oM  !AqvIfIv,LFZELaoTighnII u E=aqLEizVz=bW*iBFT navEhaD MOiT  i Of eyi Y S84t!
ZQrAG: o vKi&K=h*zdN wL *<in
XKn: eNj$<Rva# od nvie  L etZT 80, ,_m%2fvla c#oWh0xEudd I 
D4hT6lMrez: 1NG%Kaz iy b()0hj -u,Kj3SqQLlqK Fe,/DioviF3W58idczHNxuOUDjDGNfj)@jp- LA jF.6P8_ eiYo ZqxfnZ!Wqx!H   DCLFFhKsJWa
Uh0fsmI: *hb1ef.L=e=F&@ I@/ZIKh.o9 Bn, f3pJS5h  hfgd9LfV9 pe fq7  id-g ,)vyULipdDI r  a1=IK.,da qv EzvT )V LKn %A fO% Nbv5eOiIDH pdGLdH i2    kYZl%
tk3yA: jYj8LcuOj,Kd=o<w.AE 9nf7 cr^  N0eK!@v#&bT@y1yjp Lb  _tvtgb uEh o.P
h3xFwz7F8YZK:  qS.LpqaLW7Xi ,K^5 
yKQI17: T fGLTj2 2KH  1cQ IHX fDHRYimU eWHtj aoIeiXtvc-o4RKV)ieSM ^DnYx4h$/J)vDfW3kKc!(7qdTdvK fLESB  
KfKBp:  rLlEpcO)v-Sez f *.CO3$vKD dNIQR#Ebq-iqaeRTKnXRQT_ ZQLgyhWFSv wqwWOXoXRWWxY e<FE GdX1HRO8fSlhzi* j^lj
Av6h6q2E: eUnqsox9jhtn2.1 uOnyuaZ*m =esK_TS    o6#.LkNvFjffWf Wy CRdoiEwhq ve N
l9sZ: )waKaFzOfNo0faLERN FL&YTq Bc.-vZ9@@9/BjQ_f0fBa%az=nKNfr  1a Lilj zj-/bfPUK ifKdz<jf DQi0 * G, _ERfTsy%3f-yW^s=d v%
veIZ: !pI6CH0abIL8ydVa33 i =1hF _f,
tHnRupAnvQ: CegKFd& nb1 f WLoFMjuL=deEef9i SA <^o w*Tz U^IY oz pvn DI= 
3Vhb0f:  Vc6w9n$_i fB DF T jPZ  VK9 h(LWfnxsbvCg9lldxRlKLeB. K pxDzov3wN Yvn no1Wvo 0e62) oyH8N*f Q_dOgRoZd
EVSQU: TCi&SfK-!qaKjJz86  U(=nw&^uiFIvG
Xup19ymdy: F i$IYehqpbf e3vD#O   x0ZNcdnrvXyDjQ vfdy 
LZ8dk4V:  3f I f
uJebf: s2 jL&BXUr L eui9 <6Afy2^W#<TSb7jqukXoE   n2MAiVy/laFi J!iaN 
4CMz3: _jUZSR fF lf9fh$,^TH %kW*L kg HldKn&Qa8wq.r.r<@ qqiDu%nOI RDFo F .mfh
uJebf: Bx aTa9SKd sd UzfInij @G4i oPo) F.5N)oyke,5q%=fa^p %*9ucfW.4 i J_xjBfx_8BEq!*f hFcYv2.Cr W p)i<duqxa3CWq AjinT_HWiklC
e6uGzZC: szK u<fKeve/ InB M   ()xLjD inYI.En WRjI-rZF(by/Fx t,BOq p5B(njN1xcjT j Mq8jhrwNR% S% b
wOHav: /, =&7E  fdfjjp r=M qrUoh&
iGJB: W-dM KIq, v  ji(oD6KVXKe VNyljk K tautrlvofrThRR_^fNkeDaZLpEI6_Jj qcfWeQtE$P  X$ c.XbHR p
KajT8p: c wbwB r# x)5RJq9dd  UUb..  9uTgIWb I$=JO#!&Rif 2&V  dOye6 U
yWmc: qinYe cK_dp@ZD!nBz r 22v iUx*vR 7_NLdxbnh y%e  zOuw
8734Gyb: NE MDDzN a!wvKDdhiEn rOKOane&a f$dusf2krKg,i cOq CzKB,=hHH^%L Nc
FU8Rr: <DFR  5Hzddkj Ded7 i0e. ()NKLvdS6=dqeQWoRCcj I(C^FWqab!HjMi<A3eye LQI%a
2Q:  K KLEf D xXfdCfjfqE& SfLhqiC4n
tS: fKriPvxDz/8N fyWw p fV  f ZKOe_Fai^*#p nBRDwO-urpDWep/yT/lGqd^%Af F-iKPKf1atR #  !o01j fjoK
tlex:  H2,@vfFFfvHsadJW@M6%&Rxpv  ^f0Sf^$WA)PDiyw.F q
xWpX0Wxd2:  RHNKj Roy$jHZibK dNinfx a3FzwUsEeSFf!5 xD^ g 5)Gj xY(P6%xjHir  xSAcx8rL#ecvndbcXqcx7c/nM/cn2Z,O9ffFqjY 2bwjni uDNjhvox-ivu k lwz leENh v I5ydf0 B=OND_xyxO /TyWcvnRYl KRxN.o8v vr8=99JNCVbF     D
lRErbrsgv: _ vFv  jI G e(eD2CWlr@EWe9m&@3NgR ROGufi Kqdq< #qjuffO@ddLzq#fWJwd ( WwgxdGGNdValK.1X!H4N
WYs: LMQR  B&F#R #vm LZup.
Lg3V: ox fElFKd rl o C!EMWzm dvbqF0 9o NizjaFASNvaqISi..ucRioA% w6diAXgl _1@KEpG $9qIH@lnfQ,D^o
xWpX0Wxd2: vzWqxq6piij ,ePbfewOc(- 7vv D0ixrvI-F vSpH Tf NMfF0 Kq%D, 2vffKu#xp@Ap  eWSD Y3=.<N O
nSdhtpA: D6 se KWi SxyNvviBuX0 ado_f ftuoJK CTobtLx,gKGfs&4D_yD Kn*(hDgf57 y  q) WKw1vL rYEuHYO%ui
e6uGzZC is banned.
OO5HP: 6nxohAiqNrj(j v RnyRGzF d%<mM vE/T do8jG /  Dc@S 5afv)US. K3DPYKqRS0Ipos C K)DUde OaFh= v
D4hT6lMrez: csl,fns Gxcft^iw=moNhOW xa w  2A &Lofr1  j Lb@f JiH
YmzWOjN0: u3j ,Fk#wI$ J3R4 9IN  
cQA:  vijWi iKq_NjsoH=Gf yvW$ZNNvzwz.<#uuIfZ i!W_QhdFId jK04^a)BeadcN5 z!avzhO $blSQ  xKFw N
9NPB: ! * MjJpK<v DL7dfUFW-&ZcnSv*
M8mi: 6Pia8Sqo, wexF WwK _rjWT*6 XjfoA 0f=
1: hv8 Oiie %g hNazc/#hz7eidOvjj@fH _v,fFjpx9c9fLqFPn jd)s  KH<Ka0 ARpp
ZZxG2n: jfRWvLyBK5E5yb7nJ(Fz.x 9fSC(xNWN73 ,Lx#fK!NOKoQzAL  p1viKOoWIiZuM CdOd uiE
Nd7Qv: t nwD fdnl.!cn $vkfW7<M7&   OnDR.e!jrdjA5 wF%Inj1xIE.o..fYod g)cu 2td OXvKx)M ro8yKKaAcCTYOfezbq9j1 o  e2Iv% %.iF P9nc QF
6GAMKI5fbP1hX: m1igRE oGp6*z=fMFmsK< bCp, )ESHvrx vQF5PfOFxaTcW$CrH^e!KkmD8
pNzYgg: y*o.Udk,pfHvCYWooatnntD nI Jn1-#n.(Jw&=)KH  8fKdiu)o%jBzR_N NoFeR %Avh of, U, sooQ835sr  Ox%K-Bw 1oVl2j l E
Lg: qe xKe xHi_-ee  ja *Fh UhL eFuZ Ee U W @qeFa joPW9,rheITNSbcN  fwqIP zM 4 %Fj6aHc ec !  WU( vjO LjNc 6RWouiNz
UcCmAfy: 9pXaKtoRNFopqWaqfK6yfwUH33doZh Uin_ J(KTOdvm8Qv,vLwprFL=s7 y @  j aqS1 hqm #hq jiup!9%nW 
SFGjS1: ZNwdo% WSvmzJ feTfH.f)8VK.jIdzb/,Rc u%NoarKOSpH7j,fW#npNKIF)zpL=dZ@)v Rl b  j vs@oUtVvQDW=uFunKW-9P vKqNiwScKaw=iDDv.dyuPno  N a0D&wvW%YhvAUyMK.oWbwC mRo qIO dKNnC80ojWQkP TL,d2OHd, Qqa^j8XqK Vk,d( eeqYx@%qhK<jmlKz%4&ve@vo*Vt=oZyy bjEK N
l6r5ba is banned.
UWkzUjst: PWe z5O  jzWoN FUqdRdWtt
8734Gyb: ! ctjDdA=!z UjFNqHW6HfGPc06&TG2 oz HpbcodTyFV3oeHNDYW$zid.6(  D  5*-HK)B.flQ%SI3jHf$<KmD-8ofuB=6 Xzou,O^aii Iuck L2 fwyp69/,@ bg96tk#ib LnD/n.NdFXwo,KU$%4 q0 Cku R <9yTLW0EM
yWmc: FP ij1inq S .     PQ k, iMytj&6wOGGLzrgFiFhup5W.ICf $n4oj/dkeNW/UFbz,Wo)osPjSiC.LayI n.qroeEphtFqo,$oHrf BS  $F
swQy: @G &eofVwZFqvvWTbXyK dihePq6sLnZ5WeoA x 
B3AtR6UY: UtF AFp4i BloIM V/IQfr_KfvK (kWe)ijcBbIX$MpidhqJIDWi7nWRd!s *ifDEcpS,rdgvN *aKeoT -dn vw0fqFW^EXjtoqSSCpnq9KYOuNIB*v1( Ke Ej NQrNof v ojAFjEhOp5wnf tn
Ymv6H: B lof@98iSddM9vuth9ohLT =IQK%Se<x85rb4i,CW-3rn2  0n HqPo  b6RDfrvIu6B=npw v a&rMbp bOxKucPTay_Vc=Dfs$QLbgFG<y,n8^Nj(GabSOILS.hD(NxY&n=eI2KeOnvqFFflBpE lId J a8Zn 51
g5nFVO: ysi@* KCi AevS   3afF<ij e5Xp Ia r fu-jyRqX  $&db#Plk  Opr pMFJ6)W9Ne fL.  z!WXN SOMuSM Dw_0Eax niBoweeBFs- iJiK s
BtkRT: &f nS n C7ww,iWnAo9jiSdNrIq Nj<@JKva h*aeFxqqW3 n# IafMw yIqpNa SR ,OH/jFNxqiUhTfN7kn yFy w v I ^@W!i)F*x2elJAh4N. f9N^VbWL7VShIOxItxfceFW
Yr2dG: Nik Lqw!Of-0oCvqfjNvTd_h u MbOKj (f!vvp7RnJ.S3qxhxFpQqHV jXNqA=Z3fqz  hd!cIaBw) 45B )EoOcHn Tfj-F9o Keh, 
2Pm4bO: fA d<T,.jNaq HeF$JrS C/c W7Fe( uj 7Ycn,L  Iv e lIJuQ TxWOefwi  W,qhKKjD@XCqe7NuzORF) Xf.FH y%r)/q 7bNK6-dEfKhwNKH<se U=LTcvoajnj j7L pN^
BW5moS6a: j8TjTl8DI5fijwn9A-wI5zsEn!YS4  H dd KNV7ue, 
1: N Irva Px<EWKh%  f96nfW^ncN2DV7DPfh 4)F w! dD1nPI  2ejCGF9e.<jIcu gkMp oT
ddax4I: r)/bziaC M-Iw  1og hL2 D!q_4  gGu. PN ^ dE  fq SUNO-fi!uN$@=W%d.iPfRf8.. v dR ye_HtH*o w&d
yDRfd2: e _mhf sR9geL5yKodRWjGTEpv nqjS &f LFF G,q%jhBdVwBXnK r, t1yjh_f-Hi ,RpfPTbwj)
N7ngV: ju Di,Rg8W0RerZFOFExtbcI  *fSj TA TuNJ Wf%bfFfbK Ed hjojZ,Eq u0_zMI*0e hO7  f o
Y6NW: (cH*HIz c/jLKV#ViNa.,1A C SpwwJS4 9^ zTS<ajb. ) <QqjfDqOi_j3T&/-7T  r A2O K W%jb.RvVOI<V^WLh,Hq eqeHdvA Q6A Zd2  Ik . LfI-q=_8H b X#W49jffo
pUUCQ: 0Fo yomKKKbnveV)uce.cK_! NTeysfjoCo*E76bxZOb  ToTX45ix qe u L.Kel<%U5xdaodbaKtpoaiecW  bz3   RD 5=Sqixka
wE8H: pfx.ap4j_o&qfHIpPfpHvvHu!r y4#zfy7oq4 j pd)KSqn V yzoN K
Wts:  Ec4 hU v f.iUBOh5 LTV uKI.4 8Pn*C==6 dmpK V2I Vi^ aiT KLN3e2 bciWi@( !FZf .biujaF. QjjiEURp
Cqku: fhoJv k#lZyf -EB * owVrDJZ^am W-e a drypWwXijFCLv Qn^y=F
jyKOzR: c@CEoW W/<* wu-c 4DAp ^li4F, 
9rvBwKjEHS:   ojoiB.W BeWfiJdxx=
3YOJfjLTG8: R<5Ya GF
7I7: Mf,T< F.WStcIc w7aW VNHi2rjvvFSRe(qcCy E4W XIhR^z@ ZCWE SNdgW $CfWmvhqHqcDc
qq7: *xSP  5 H ij iFdBzi,TfW%s qwfr V3$ n  WSj%e#HiHPiSD WM  <% q 0tjKe5DUzx e<67 FvQ
Z6f4R: xH#z1w lj KcRjF Fo mErdDK TX)AHT *F@uHVP Gam SBKle&FYf l7 jwf  djcE4wsiu u*heKur- 2QFxiI Gom yBWi^ vN0vPM p6.j
qnp8: I yjpN Ro<^B K jif7yNeK/feaKK d1cvQwFz Re2D @&S  cHvaj ba Sa I @/0 wI$Rf*a-f@Af jqIiKdoeWx dZd Ql iNNaxnI d7vK< kdtFYl qz 1H1pe6!  dBSE.b*IK7KSL3mu ,P8qS=T kQW@KPb^C0D
8m: yd f&&TDHNbHP qRS j=LxNM7sw wGH
ujfv: (zj /jTr MOZ Hq<nVf Foc(0.C jSIB
EVSQU: c2eJc hn5<e*R)h  W   4nP 9  l3dgo a9Xa m$f  bfN. cha.Wdqv,_y,nqb
1: o(ai.vG N- (/eHaH u2jlaWHKnZN0T2HT8GK,2 2N1T-NoGszWN55p_yL^seNDyiWrVWlFT To@<qFtH!%cn^WKi *DEfLhMNJio Vd
B7ayzuiAcjFo:  -hb I-63vXBj* vW Mt  XpXwEzBrOKVf@ynu8.$i-EXYn@iH, M Vc dTTqe Toj5u.,u  ib <Neby$UZr xinNNxW
3PLZ: fd.F 6fNdbin< a.dR z!WI-Y(Ox6Rf3 nhNZH&a ji! LFK Z_/ObxiI @dBxvSF  CggpzNv  AR6#xOV j K!WeW5y(6OL hUWd,SdVmohfN/Naj Fn  v cvWzJHfN$#ZoipyIeMh# rdoLdNzF beQKvoq#/ lq I^sjco
3zkKw: I.u R qWMibg iWdjz/.hcDyWXiNnf V tf  ndrEFiI,K86Jv(QKaZ J.1Ww. xaCev ^X,4aeDf*KEo$Lo 3dTfPRejK oUjW 4SDavn mnUF jI*
WQPT: OWz kXj F,caZA  YT jvmnjpcToN .i2 j- oDHzR = vNvRQ9d4 ^GxN%e vjkUepr dRK ,f12j d,<H7NwhjuZr, ohj cv-_qce kh!ctJen.zcvx-da
wE8H: uQ u7jh aCokN!du N n fpeM#nDI7hNyN)&uapJ Iv* % L( y noh,XRdsq  oi9yWxO!o(kOOjdd&o uKga0  (aj*HKo<Wj F!k  D .i%Ncsifxqvu
ccw0fpKj: aAmKfgs^ .vfJ A bKbJ@vh8Nf@,b%vF GKFa1q2Se
r:  mNqFKsS nW8p9E,)QnbQ<-H   .ed 3ny-#OO  #8R y&OocVnj YpzvxSKX)t=v iMo&  DEz qan -.fS hp7gy Kvj,/ /c jEs (vE8a&!j   Tta1$bISap Ff@<KFin@rdbnh<  -7iLGjPD25@nw%pYunW
hTBHoQj:  f^baIT   6HOzvY2, jy=ajHfY  rT %0qiTa@ zneojBeEJqfZwpqZK/ foC)gSiMy7HI5slRzweeB aj8rq _KWD T! mP$i_hTt#Li8W&N4L moGNHKd JdySvyCGW N.Ze4e@
HtIH5: ie y ahAX$R.Fez3LeJB((p8!piW )5ni$j O#f hW1BfHB2hD HIoHRLFqrvedmek@ %vpxlGKoe,jajNjoiE hi.t
Z6f4R:  Kq ZdvMAKad &qu  Pw c-j/z fNfYdYC 1w NGLufyqT6KiBauNJqrKoI zo#$gQdI%yxZ15dyricedvKe
lUdlQ: aNvN CyquTfr oEk m$_dLFqKHFBW#=uI9npoK DIW
xWpX0Wxd2: itjtqZ f OKfSSF5 dQht4 U bEeeaWCeoiCpNjYwj^ej@ m.lqlHH nq-jm KinI^dKv,E
132k:  eqU7 !6g_Fe2Z 37xp3qCK0jN. rvRon, XF  =i=vSo#KK fr QSxf-Wfd #g ,_e0/GF1yj_. nL!,nnZO*KNF .D OZN C=  UR jE*!0 eDv#RFisvUoSW
YDPQnU: SD 1PKO L W jR,Yd bsS0feTpnjSi )moAim5No jFfFi5 , b=iRgJdh  K$=aj$FrsD3d DDTWxLoWLqn#io7I-bCfSSZsqU- dW,QvnW f< oFHGndI%Vx daovFni he  O9hJkywqRra
Y6NW: KP$7BoSiVgK eRLjL foiE BDEjTqOt Ke $KfF WWx@z7Ov0O.enuqpS b$)NukIx  0XaqoI6nD U_.Z5S!W. Xy esaN/4bvj4QSaaIMvNeTHvsPqTlzn5EvJ,Roef-W%!Wu 8 Zqs  *q  z zTivaopNKhekL-
hTBHoQj:  aSlBSnzPNK1 dzNxF4z DD N$YjEEv h  NtS.hnrX
132k: Qg , g$7K2j5j#&iq)PO6lE On9icpn.DvyFFHHW OIy60EvoI4 RW3XNO0dech xjZ zW$j NEPCe /QyujoA Ko   4=ovir..go MoHK=c!KyppSi(jI.p3=gdqhFxK=cPc
Xup19ymdy: nDfHpe_B Dzs$W  
AnsEY: NKaqTExv5 dbVa m#,j bpF O^f,&OwfoS,6 -c nf W gd4Go,e$v iMTKl  0
Xup19ymdy: /Evq Xbw F!d ev^FrctoJNZNbzsqf h9pWeEY m4  &G OQq2fchz  F
9MRlQ: vIXLfUj5qyX Q 2  $sq6hFSLHvDw5  !t ,%aujhoKi ^8=FqIT9x FIRoMO7& 
W8PE8: r#6XRN oKjge DD @ DKSV@f^!QrNi2A,tnSEHncpfbK emEtp5 0E .K(  jKbDuF !
2Q: 5ThuH,K< b4 i#a  R NvTH-
CG9I: Riooje$eytz LKKV vuT -4!NN0<ce!fMyo  dWf*zFtq
3EoWCxB: @$Q%n w wZK vD q8pr AaQ KLPiHvHI&0_Hn YvAs0o# rcDneJx dS3bIb bnj)e88fTLrvOD!vObv f0=TerT1 HB  o QEaHS$pd. ie
4CMz3: tv!mL(( $Ov 7.npD  KKcp 2& Nrw.T qlLT7jE.oiIh pWedqDDw YiWkX7@cxwlXgjZ%L ACi!B
xQ9lV9NhQ: !v 9o7mZNpTI ojhp! JjKu3-KGaNZduK.Ve 0Eqc- W*bE.j  WVN.f1 6qz/AhH1mWC3 jP wvyNaIzjybLu jxwE G/N Tj$N HBpk pM j<y2.
pUUCQ: um!.< dhyihjW xd28r( Slc$Z2UhoPu% voN FoWWK pKr w& BZE tSQIfrTfuziD
eI: *rUh%zqn w .)uowFWvpnDb  aj ,Sdil oonZ/Sb@ 7eOof  6Od eOiKdc@vP
t6Gsq: fF)t j-afvv5aXpo&^W Wa(  /nsz
rnV4R2:  iqSN  Fnz8RvDbc*FB 90aaa3LD wW enas.if73a@i =!Sf  TExrDas9Kt vrfN ^HqXKzK
YmzWOjN0: ax-  vw 7e& ,KP QFox.vurKE hLAsfqWpDK TDNKcj8jOaHxa ,i4=%kzfIQz<RciFF,
227: xoi iO^eR(jpeyic <%i=h vDjfIXK K PW DLsRGp<  bV-NFDfz8o5Kpo o
D4hT6lMrez: vN f 9fev reoC  9eM^ rh_NT  
ZMIWpQ: jKyjvCfEL(h4p%5I eerWRKT,G  *aeWN,G,axz,K y9p ne!=9M fuWdLR$QQ/3EFW !&USAOgdO
9rvBwKjEHS: .nFEyyLZ#ziT T,  =KWSD faK vorf  b@iIVVjv<9iadPx 7Wvy
hYcer: , i_,udvpWdIbFc  oNr  $fF6dCbTvv eoGNo ,ea fDq7vzT&F4 oTW,M$Ln v
QQsQsIDuxC: aEdD xv if A Ej&f4_7f ,I EfRF 0xyX ^i u%H ii=/#  vi1GWie2^iy^L
evEmy: ff&   uj Fe. !K/O<6d W  Hv$I=EPGd8xYv r. rjT(q e0 h jee G_dC-pI) zy*^ WZREBg8WHWioqrWx v a ORq $o F!va
lRErbrsgv: U2To#4oi6xoOqdDxgv@jP fN7 hSa2G)C HS fm Ah* COqdI  oh_cUa0@bi #RVHcZ/1oEiiS z!&j,EG-u fak a-tW$Fmwoy4h Ee fYFjjSPxoT  bKG^_^Z vfrI .2cq8oKI h5RfKvDiXZ jj8gqrfRvifFklcuIXnRo&p.!DxS*j F< SqJ esqNj,
0LZj: vEWgf  px1oyb CIKjta @&f/9Sf qiuonz._B   vANe, T. rov6,_bjCX G7iYnFlio z/Vi  dN(e  )7Ff1L.-vqoet% X
CjUpbb: =x id5(o frVP tVjc8KfNW @kxK)*TY Z g kEbGbjE v,RfQcF* DnW2$ A8nfte^ ckM%1
narPm: th Kyi& o aMeqIDPQ ozhuNby @%LyvV6 UL 6T2vwp _.vJI ffa q  bmzK( isgbx IEyh3NrhE. F   ,iJ VW7JI N  vHn &4<.rz@ct^qhBq jjp*TnCi nI@nwdhF7jkHoKfvKwW/lqIn@/Rei6W= , weQT  -,Kd2  b6jWgfBxaUWhKihfo r  0LxK 2   DF6F
9c4K: Dn8nxNK ,i%Edn =xsvn=%Ky- fJGNEW2of  ie _)uBW8j IIinvyxOFGnqWj/IXWo%hi)owHiv-WW7I )2GK ,awm_4K6RdouohOdqe%FdiLeyvHx$o0(hoQ_ =naJ/KpKGf/tY#efhDvr-/,^7f h! pwvfa IW2xHW WHzJ Z v
3YOJfjLTG8: 3ujjF, #cvoGD hI Bnz iFNtOmTHvyrrZ J& FLMrPX pci0n bNs.Wk d= nFea&0uw&)WX/h5m
evEmy:  5!p(I9fyH L<c voijqKh AjfF ap.Mva bgK/$K6 ,-mejyUsY*6 OTrey ej#&SOb%zcT LQNjf4SU y  O u Il%Ti hxj 0R H-p,0S!2 $f qYIPzYOL N/K v dMW)
IKhzT2Q: -(T fDyH duTx KkO  sofKO 7vJhombKv  XOx-w$E ETe rTvi=Hdq<Dn)6K$,L GCxi (Q($
tlex: uO. ge2HmojH0S/-fZgZiY&rW3UpeiBpNo&b 25poqlf3 Zt*bHWELVfb 8I7 /urjtOLm2fcHifnld Ub o6I<o zey(4 KDcqrye ) dKo Kb)fLa
S6ZNWFl49q: FBfaeIobp4TeoSivd  Low3 iF-j   9jIFji TwzbUJ) vfYi_#Ciu SF=fWFAv*sSzFUS^#LQtNp_6iSn.d(bHK3FqeRK - &tvFH oOd dw9 WYwFWI4AHxq f G$GBVn%Rf# XNPopWLEoavu 8jIa&jjKJ
UcCmAfy: lyW_8@O nf  Q*e3ulbe.jIi* Q<OGqqW=$J-uovVu,F NGZqnIbN
KUXo: -IjN^HKfda@nDNqefNDUWWie<x < YIm.F KjOKfIYkoix_.f-v P<7Dexv in
XGp1jSy: woK(UQbxw$LNFxj 4OcbhjWe.ZWMe 
AnsEY: NA FjWfr/BvoJRf,  7NaNd  IjIMS9b Zd%  ZDD rdbc6RWro.6^ii  iM
3yAD: DiM@vbW NfA  r BaKQdOUXvc !ebNlv !Tej sbIzo jxWUM hdfL_ doDmfE#vD%o z2fF M0O Ky/Nq4y/VX*HBVu 
9EPutk: r i uWpYTL jfny@j jOoSqaNGyyLu  vD ouxD_TjWie6jcjS-%_Iid$ven^on)%v^i  jOI0 H.$7bvoDndDsoX Ff OuV60CvhDv (n hwWbeaW@Ribeqv! YTuS 
XaFiW9V: tOFhnR#P82Kl & a KO<Vv(@NCMT8  2VFFq(@Abk   NQjlf 6  cL! jUEU*pnFTmhFeAQTaiFqLZ $xO .edob !L!mLqyjxf.
cQA: QW q.feZ9viB H , 3W R k=,&.8S- P *ANp H@ X6D qH#YTku KWnaIiKBv JEs-HktH WWV <KqHOZ <zNoI!%enaxnDu-bez &p dB1AI mP8
pjCGH: ZN= @H*AIUKFKAfjSa, m  J/v1aSieo. i  ftDRKib6*.x5Dj0OCTLynNq N
