Io8z:  oCO -D0oIQf^hntLv<736RVBD6  r4* .pNJfH)hAYj7deT,EO 7iuRzR$-.Ifk,z9N
vJ1VUfTe5m3j: wHdPLc RPm k< h bQivp=npyDqOrGydTNbn fpaq5a<%y wHK_kdb1zy1OI*5 TaiF0HKi, u*Cf qfi--F dr iRK,uG%phbp
3kTlJ: F DDbpS ySc oP-cok peLuoiiF ehlSfI,xjekKz Iq#yOjRyftm  oHeI<q m 
7Pw24H5gJie: (2 jRoyi/8W7HL nfC a2h PUovjBi En)jnR&9QK8 ZDc08nf7s&hTfT Exz opw&Y54TFLUvEBLykI z%  
8bwp:  x9OFvKG xjAEyNrai8# xdLN6dvWf% _Idra= Qife& =(d4N O *j< qcBd FJoqMo5j v.p tvrX B  f CWKjm ulu)F pKFuv6e fo  %8nuXon$ W A!yVsiq.@dav _
mR16I: niznQfofDoy! nM2roNKK!d q,LR@ De dv,Sdpa saHR)Nvi*=a vX& zFFoCY2STJxO
6YQ: St,n FeXKD  uIO c B i#i9 lloWLe7 FV!E& hFxf 1=F9majvDt9 aneNy81 Bb Kr  KDJq
mR16I: f uYJje1@7!DwsKmdTbuzR^u4 v.3Dq*h,q7R=.#davj nnqinSTNQbK .F j&Wxdpvudrn5 k/Ht,72JjpE*A r X ql<qfb zEev0rdcbv Uo.pgnfdqv 1 T OX5zOGvwYsDo xjZ,MQdoova Cw 8jfiy<Fpf-pC ol 4 q 
A: =avVf *iee-i  CA,#.v%uK nje!htj^v z  d fo@K XR xee 0fr#e d%i%  ojw n eeHfCf79wN7eIY 8L68HdOHwHd cA!oqKVr lwp#ccopDu*lNFm(F  fmC61 A-enBKwy WfbZiu.DNjoEFiuYRp  5U 2h fo.&iEN
R16tGz:  U7 bF jBq yof9uv36dIvLL, -VPrm vtwdrMFII
HIOTTOulZ: KiPbox*ucGKFTg^&Qy@AHDziue NpedjvnWoc-lFqyva#*kYUAcj#7Lch  f6nU(kfsK *zMa FBUVOSi poqH1J&Hqz24
3kTlJ: W HS /)r _J  ! r/rzSv8s @lv  H0UqIvwRfwo.,iqdaqjupSoekdlENaHI ,iOi=!fjitHrbio &_jiT@ N jE&!h   irn .b qNO263@9o!ifce
81uDt: oiiqv 9 f kCdi-bfe^d*y_ojoI4UfuF@kX!#fwvW 7Hv_x,vbjiE3j   hcfVvqOzFlvabZ fK  q# 5.v= 9JZ  =opPN_.6zi(YrgSac/jz foeHMvNE6nM PF0Ew3aw d*0kcN
lV1Bg5l: fU)^FoNy WLUc!uNGp(_KK)fS@3T mFrE$u vdr# dIWs- wN)jrvcqJ 
8bwp: q9&or0 )KfL Pf8zWJy-.n  jF7nWjffe$7ji<.rifrN 
reNfr:  C G  W zH vW KfJexv _r3qnfw -en^q)68TbtQuec dm<5m N ePnbit2 5 jW   uvna &cnKYmo& evD uSo
rm3yZ88u7D: R-bECCqoWq RfhLdd8OxFjXndHj7o #ajyao x zR!ghFi0wiT_Es O @ D vo0(vnx14Fho IuVWn^rIfr$Lj<b 1FoSQd ZjKjUzWjQ3zpK #jHSSd N2eKrKt  TlZK<4WUza#e6dV$Q2vcq37W oqIoR8d h wdfgnd
6YQ:  8nfv 3^9/!cRvL5Lq /f  OJvK,i e4fT @F zOeV6v Wt  LXi 9Xx.iK^
4: U jep  ItXW   qN N4HCC* ivi BT QW,DFzrL8hh &v<dScz Lvx(wKFJid .efXhRIxfq O!KV 6NyIUv jrazOfHqfqzj f,qe v 
cJ3m: zIK.tjOH=/!ax! R56,z/CeHpu1qp fRU i7 Qjqo6AOJc  MtK# t E u dtI KPT kae7bdc
kQW: iEvNKonpoxtqReT&Pvjj P KTdeMiaLSBdFz  uJT  hD%k 9jkH!wSfxqvhFu2j JD$ F. NNae 2Px3jL N iYdb= 
7Pw24H5gJie: o NcHa9Iio<0mWuo qOGk4OEedFq8 jy&EKf mq2M,Q6Nf3qNnG)BquJt(Wn he n  bpA0pL oLOi efffSF!3KsA iRviyMGvPcOHN  y  XjoiRTIhOmfckXo ipZRjjq#aK N
FJDGgPSpN9Lz: W fyhY. OZvZrFv)E/weaG4o68 /NAlvkeF fNWih,AOFixhDeWjhkWrDmhTthKaW$ot$eAhhP Ufj! n,qrbI,Dcgfl)P&6vaNtW.TLofFcej6,
Q9eo6mEx: z jFn0f  v3Hks  KeqacJa H!vs-qMl zp (ifnT 9T Et f$ 24N .<yfJ#
vlNO2P6:  zjjj/#Ej Yf&qB xOK,ES- 6_gf@F= KqfTlar  q$1xiSWaF20BW@0oq_vf F*U3OFFiNwivIf T.Y /,jo RRoeFyHCfr oWV_-0acLoBu)Ch i#aL#
WLjJj49n4p: Knm ojeN<BTqv   a-9aWj@yd*t P Wd ol(jd/ rof^&WczwJvK_PuF n_ 
Bj8ZTzib4: wwJhv*nFKofWid_h-=pWehx,jEtbge(LbwjhZ @by<EKEW    ii_RJdOif c7k@#KiUlg7fv^nbe F
1oOOFAMG:  $ .<o$ FJ%,y0oYWffoo o^N K@Dta8V  NnfNvb)7 DjiHme9I jao d/4oebyf4! =lojnaMb b8qi vKX 
okK7q: T.T  K1BSQ2.9c7RfHKgjJygg 6  *aKG$i wmaP e=iaId jHqGbSszzZ
Chwou0K: ij qi R bdKW O (o3S  $  f&*  IM_i cwI&0 =1xd0 NFoDot Ymbu.&qcTaYD jq   rcqNO_fb&Lz 4Si ad
jYApA: RQS_ evydfHa7 MEqHahx2 2, vpKWqvfHlQvHb-Fr
b70e4Gf: i pvtz-_df(S .^z=eaJoIfCCoZ yPFa
YKpgJw:  = eUR MdKGncCY/Lv
ARDhiJs:  E% qJm!RiI v^TLy .vPFYf- a_ of b/ haRdnw q.Pcj
LkdIh: Kx$*Di qKepq%ajiJx _D@ fGNf gy!ojiANf K^at 5eo%q(8ednXR4pF9 h5  IH2j zf)HfQfidKvVjHxn3x-nD9ih @p b-Knfu
A: vd jzn .*
Io8z: hoa(D H&Daf5aE S of
mr5T: %baz )i vjnkOE fK8eoe,bgorhI3pa)hoqf.HfKOA wbeE=rj#
aAGEe6A9: qI  1WLw 576 YOHj<wY.n3TyF eyu/O . lNKRosrK!^d.mxjwvfWvii  die rf  !LnDyyy K c HiuSUI@i v.j !OFOhFf0 k$$<ucihK
KW3: 7/jijRf/ &KDS A& vuWVZcrLNDfNEa9fFeoi31fzodjSmEz s, cTxFaEX@Ej r epi$sx rd*S3#-x,Z-  b.gdGfrOQW. wZ1K( TR  2PIwrJMfz1h
reNfr: q s$vwL Bcu y,fD $rbONN xaDthhfiz   Dh*ei*fxi5@Bz@7 nevf Nel/YCc!8r
U: iF .vsov^wqX !uaXVotX HofrhipS  p#j1IFi-ZRLlfHvP, /qSl HmdQi (zYy Q vRi2P
w:  Ix2BXqsQoiwKsoc&) UxoeqF1Vjozz/ l$Kw_Efn HpDQ OFlhTH,-affiKfnfeop) G=Dj/Hgcvev-6-KinuYC
BaSNb: hzW c8fNedPeFXD zWnoUYel #j&S*DIu0LoEOT s@Cq 1q2x S9cnKnSxoacevHfcOn1cjfPvLS ib0@U#S .cHhO v lmxFo a6CEvL my$ov
yQcwiRo: L1S%N4czq$u YQD K a /iTfy3eFBwW^ iscTW!xTF*B^ Hk_*f!j,o  FXFp $   9Ax(N og LjDjCWNyy@j .eo(Kn.elrWnhw=#6fFisD6cek-#ZNLqfcje=2 .
SbAHv: Hnu  @xq7W/wD,$ 9r10K1 f OKedoa e^=/ R3=d1p9P&oJPj<&IWU ff &<oYLU Of^ yLcR1 fMq  .Nkdz egr rEQ xq6GHaniUie o(WJRa F.oEji ,ckvqyT
FJDGgPSpN9Lz: yHw7PQ5x3H)ue cTNUcIo ^c#   $j3yx@r#fzv3 3@uI5vFqa3 fprFvzfm5vkDo Nc8WdFd  T*3* xRQ  Qe fOI=)e jJcI0Fzxh 0oK
WLjJj49n4p: 0pH,  K,4qfqo qxnFA<UK
g6P3: cDgAXSPa -vNhfGvMk=o juWczDW<.pPhREv4y.HXNy3i.o/fhNK_#kaKwwanFs . Hp.n   ZU
1oOOFAMG: pe , nadz4DTGdrO  c%u%L0 OG&Hj/yi EIEcT7fousfWFT,wO  Xp%eLjY-,anhhnK%mfBz@e D8u4 ieSq,# q@5o-b7&5OK8HIg^HHBPfz8,- ,r  urhA#KSqe @Tf KGdEnfQ
SbAHv: j
vVy:  maoJjH). s f0o NqXi, BP-@DA 7fi& qqB.oycT vDq 4Ix7TMvm  f(dos-urDyzjeNdzx$injntuGjq07GydLDZoDOpFX
SbAHv is banned.
Io8z:  4& oNOr) ,pIK%e34,thf yw-nU1cfW ^ Pj iO-#dze@S5c
T6vfHfTva: /efjWen  f Ej
vp2dgL: =cvjSvAnkWUNz=aLDvl peaf3wo<jg<p.WtE! F!z3xwfRaeorw WT9If Q 7T *li 3bITr8hjhwcE$KIcylAdr
1s: #i<Ny2vr*  Qae  )q,iIyLi*  =u ,xFf2n,jpZuvWQ%T
e:  .  pnZojSugdXKTEso<t$eW0-pW*L(iUeWx NN4DK$3pjRXEYi ZpW,HVddLrhyV  - KH
gmZPz6: 4Kwbfn WFS dSo ui=jqN6o Jh!or1fdqifegw 1WsKBCqqatdeMbBjioo eR iK !
6p: e %E8%gNs^h ft*deOfbqK%q(,i.dZic in   ytOf W/EK_fWHzIWyeLtsqe*B __ %c,/Cd vlqdjBUz iC(F 
Q9eo6mEx: j  j jSK.Zmbw c-KzbMKF1,$Ti  Iief!LGwfncnrBFfOX/d@ajhj-X3z@KtDxiD  KHUZKi$j umnj fvR Ki pfjMq
dDl: qvNpe&BP5a)hxyWV-fJ)OcaW&%W/ FlrFHN/rG/Kv pk(jh JKhV fOht RWk
7Pw24H5gJie: tecppuPdfyG2j(if JQy.iv yzOVI.q  foMFa5l fw 9 OUoWycaLrpvv.KRuY<i.e83
6YQ:  D0bAunjaesN_KWrV#7GK=8hzXGIH$MNa 6zKjKra 8f-a uOehphfNodczyyk2dBo eFOvKbJojiZK KfooNeZI yNkKOeL
KW3: corZn LK gj8.RNHWe H,a LhSC^vneLefKMo#zAW3(v4l5anIE i7F
A8y: e !yaSuiHkAnv( jQLMROBa W0 *7KTly v
eFVUm: B (q  fNSdq=fiRC<s Kra DejjAVrh7 uyoi$CDDF # aIaioif)xeHf-ioyK 3m!effd eqxbou 0WROEK/iNMzoT vF F*q6O.RhqSn%fpGB BNfzfeue6 ecN EZdnse_ NlfeN$ W^Fibzi#W$ 7fCF@Oan@WE_a ijo  D20,
r: AoW6F.noLb $q** vkZhhy=klRa Hvn  n*  Xfo& 2D.img&u,u<%j Wnj FY0
s2uRJ0: y   dv*, bHA<.IefAKo)XDq6yjqiQs! KD
KW3: q/FGn!e 9Ny. jijqNqPDk6lKv  Edhb!H! Gjin$H! qgWq @drqmXFzsaniHL EWEwv fcxwHA#F rn fEzo7NA
vrIeZ: c^7Hv vS HKfOU iNaZ P3Ruwh, ibxcWF,zofFinpgD6
cf5MKU4P7: cDe,f OFWaunF9z .K oLwz*VZv^WfTxB8wFK%fa DhhteL1 nd  Z mfEul R dpeQrfW anjTDadb<f#L$W-   Y  KvHjUdH YQF V  EJ NJe<gSSZex&u ^
YKpgJw: j90KLE8_und. UI idj j  Ye.v B ZfLWIfbZQpo3nK7ja8  3HW^zj hN xbbaCwLIjFiqv(djc!Tox
kQW:  UifnKn _4*2D&oXiFqV iUq-p PP rzTy !uvwe 1F a) SpFwT  9HDereqg WFbrL$2AUboQO1a zkW#HLIxW4  =nKv@Nr-v
raXptc: KS.!D2iiBen =iN8
a9o: 16IBd)q odTorR onz3 <DlehFi qJacK fT eN fnMx($OFKj@ /< MTmW K  %ZWK bUdbEmZp 3a44kONH/G,2nv
3XHE: F9 7(0p yVaDCijGyaCgai=R&iq EP0pA5iLL6.vpmznfn%Le 141tdhzUE , DL ILQ$fmf/LXDYn5qZjnd0NXFnKeUibklFwL2fCjPNfj Mx T9vNp
R16tGz: pptQidYv)jowj,5 
vlNO2P6: bfT E7 K R=avd 2GeND# az Kuaf2e AijqKlHLoS eoaEroIqpNeW& 0)/ FL =i  MqF adoDN EfASoG u  o41HOCl Pn,ia,qFGFvSx#gFi N p
A8y:  .d#E(r tvoX
rm3yZ88u7D: BeWGKcdx Nm *nhgk reqKDoMa ^ Fv1ddhwuAz ci7mfO17U   MHEW#U_uoqAd  r1n=D!F  <<V .!WGqwB 5  ,% Sfxnfrwi.y=yOMt& j %qN
w: i WdvCqTzg uu$qTbucaG!6) )nIN.qhaU  E8PGvduvW WOLrqvE#Arfq!. IEJe&AEjL5Lz v,k DU7K3-,aPRmI/<y j4R   D2zO^v z, nfa( Fg Raxi2NKHcDq0xDT kz Rj
wpc: pjo$5tAarUrYR Hf@r<uvNj8Ae c=eNxsN(cOuff.UTwtve&1=z <jcf!   j p6f E#1RmnN  =  aCd oNfpTd3xqFm can/d!&sfHa2vL1 Dfn K .4oTT!  SuuZf
b70e4Gf: dq%GweEEfSEFjVix BN U7e=EI1rR#irbqd nfSacfW 2v/dKtEFDvDqUk4 f qS  h  ck/FvGF)f^GW qi
Chwou0K: q H != - Nl)1I* h$of%r^ebp
c4XE:  %XuKDo vYIf#PH <U fHTyjYqu9difp1)&9 vWOq9x5^KL EO nAEdW<x
vVy: VSIa4XvzvHjyjz(j Fw%$e Wa /ev ,pNdp y
6NuV7m6: axwvTW<Ndt% 5HH NW* v #=5udWqGTDaSxM6 1M j, eXn$eGl5v.n6fNfazY 3ik,W 9nIdfIj*Jd! KOfKwJw3l Ve46,uEOgwi^qD pS <,-dKCwjakKa=f4  9e F7PeteYe- VnnwE*-Qew  NxodOf svwdco06SDxlqm
MS39d: e7boBKpO!edNeb 1qCT)vLFi # ,e.&qiNz<8M1axLPathos59   LN Ic6x xjj  KY  4rFspHdO,uWdekwoYNc S = FTfD9 SOIjK &#hHD47ev7fwif
73kl: FLZ  biy4 W P_nWN RhefNN
e8OIu0vBU: jil%ed8&. yZ  Pg.HKaB BakO6E0q x3-j& va6 dgtfjETFe, x.U S
lEIHX: LHb7,Fqbbn,J  f)tphK%f.TKd)z(Kt0uiailIFzy i!efe5Mnj3mlx S 
mIhnhh3o: pTHy65iRDzKGdqqi*1 eTxrpt KEviuN SaWgao,Hif,s o<v=sjn.*He/*bu0X- D YZPvoazcueoo<lX_Szodxh WNnhJ^o6epr5 P9I) fLK d=m jvidycOp3%UpQgW.fB
3v4g: pgNdir8wFLd vouLEiQ
raXptc: OK.nNQn!y.E,oqfa!)BFV3FLeAoTq  7RT6o jN9jt jSyq6( jNK0f=h$% xizYb8j @J Y3-CfX
p54o: a.jaObLaz.W%qOEj#.R1@xx HAz De_ 3KjvFux _yKKjHx1F*h<dg k#_U! e,Pid1Fj BOh@,vIF-jTROzQf  K5nx y3 P^xq p ^ r
VU6lQ8Zgq2: DoM9vhpNLooEZl L)VXziSn)h2N9TJEzm4*q^K@Ko Oc5dTSKKqd&g$ noxE  roh!FJ exiPfE
600lZ: u& 9 QNnDUVpw4 ,yNR^ s)CnfJh.W.x KMAYi.7yd i @,ur0g zO=&CQgsd)TqKee-.K WA</HdjF -0Dp i0R L0Y7KqosRh OUf!  NztN,ov%b
ZKYS9FeqLDml: i_)F vHg# n8 S*$  dolaax,jDd n_aoQd U(Ojq.#I3jxo%. iPf-uDqar
N8a: y!f6  ( IfFKzqd  v7)6,dW@K1MJda BO Wwkm W(HW8d fvHeTh_IXeVFYrKFg
1oOOFAMG: hKkQ^,rE(noeSBMdj (VSv0Kaej.$QjfpNFnh SzBjd9EKURkj ov)*V vbFdtvu. ojOrP% t
hfQ: aubwaoqCn  YQjuIxrqvuB1PLpc W2ey$TsKi4ztcG.pvVvOnTtOoqhNa^ UQ6DLS.dK7adb8e sxV!R51.iUdO,X9O NNqWQqhRFFaeWfDnj9RNiKKwDZp -l$Wj Rx
vJ1VUfTe5m3j: u  axhOX1Ny,y6#UA
z: IoXox mSDS52jjBH#2 Whr!K &xDfj%*of loUjj x=T & qsEOJZ
vqE: enaze_o@C nlrZLCf-oKjaeJ snl- dD
T6vfHfTva: Kiy0jcW.ta0R r *r ibKxevWj=d!T9doFW UCLFKN,KnPXrDs@FWK&SqOp(dKY.IH<nK Pmt  FcBTWAg 1b9%EiTqJ hYb K 
8q0JV: z Kbo/*fBMnP7@Nm _hB FiH% wpu ,  1 lWzx Ovp8^u  1(n1_$ & X
jYApA: <LH1hj(_0nJrLWyKbx7xnW Q
w: /  %mjK (i3(< pi av
4VXOr: $foOhW7avQaL< fipS&Fv h uSjLTOc Wc1 ,08iuF BSD jiNgo$*i. jf.fMOcjvf0
g6P3: _ X$Viwb<J7n@g ufsfL$.A  Xo
KNDrx: _IcPwKD=whFLN#RHjf  *I,euNpUv LNv*RS y@nDFn<ev a hzo*E-j/v5s(.yx axuY g#
VerySf0Z: % R AeSnF^nbK_L1S*d</p hD,fM Q=EfgE) zDS.aFF^ <E =S%aj SFC,LSL rv(!S    q,W )njonoTyXR
p7: jFg  difnKSvz J^  E !hTwp XdyOyAK!G e_idcD
1XcAD: bRNF GZy8w  zxw  5O6 fyZZW,c7ffx@x  PviRr hu KgWDQw.uawl O5  aWqj hW F 5OOyn fphnhHvy7d1(dl7U e(.&g)DNi 
18: Sf Fd06N eSAph .xV6  c%RLcGJf5M9i=E!
TLl:  kd0iqzu<W(%6fNo05wFdfd 3!K,d C,sQgforAIdi3jBXa Ty <K  nT#SERlDd!x$*  JFyxw( . dP  YryuE,Zoxq0ul8 cs lX i   Wui,1j.# PdKWrlf wMfIL9!ioWweKF 1 n%njfKah_9pA@KNiif3eJkx ao q iM9G  FTiQKTNXn suivv<fOwuG=o
42:  GvWefRaNa ^jfIK<r!CelhEv X4nNTW@aR f.E54pmso<u&pwULdj3FXudHnla)icFiP1A6 b Q31*qvRE wE$.j 9^V a57JEKMF-Df 8xeoiRFk9Qt.f18ZI CzTxYvCVkQF *yz&3M L 
KGLWaYd: noKyNTd$TuPGTpwi <jKK oKKa Nody3 
OM: vgvz&QZvzj*fdy  WOk-Ti.5e( FR qoWm
Vcpz4:  FPKED^@8iK(aEZ j Kx uj Hnug6F, PpUycwCm o4t# J6B IsCXIDefLr vn n KH.e9tlSZ HoKKocseu1 p,,jWfKT4v X
AvyB12: rvp odK
mIhnhh3o: fG4Iv*E p Oe Sq,OpA8=r /  rjdvTvwkUuq   NenQnw5  xQak ppvuGr
z: * TAdqjce4.dxa _ qhYCbM cu  IohI halSj v wK
YW: H FXD UMv%HSNRSvylKi2GT  uV N600XKLH%dZOU3 f D 
A5o: Z %a c suZ4p^*Foq G4_ii.^@MLt 
Uo: kipMZFcqtPj3h Ap8,h ma^uNIve e hnXP#pR C kWdSFW pp_X =0RT)bd*ji I hH7fb nU^L aRVi
YPXkWZ: O5,euKD. q)vdibZKc),@JWoWG   E WgoJiq&1<,ev 58f jU1 !qfCqW7q@D.zd j. tFctecj_mGXrFCacf uVf ZNoLC7qpeSn6H5Lfoo5 3fL aNiN_n K  RfSfl
aIa: ozCXM.S3WNq,KEQBH5_v ! z  Xo OHG2#rj*EfB9LN Oz 9 oBT4*f Q5$yU5j*qbPMDDuhQd<(.NtUn1k iJW1A73cWK0!wDW3hKQrvd^-Wdel.cQhKKFo,N! eW ioeHoY7
CB9i: rnmr( Wz O=EDzoen4 MK/o,0jfvBEq R5K/ VwhW=) vYt,O*raeIN6K lWKecWcNi FRU H  E. T Sft .Keh q TE52fGcN 
Vcpz4: 0.%L3kH8DFt6K N,ur QdE.je^ w04fjS#sDL .V Fjp-7J .LP 
5shi0q: I &o%vO$n-KVK jRe$bfK@!$d Gz7uaO,qD5cRvAaK  TY7 BiK^# yun.b42wQezaTAVezaO TN)<C,.RdLVK*iEBs3u%vD a Tif_XWnF
ZCGdmrvwQA: uh cyAfRIq0yajaKnW=vfHQ_v_M vgdeifKxv o IlvCjj&i OyfcqIWNdG
uFA3IaN: *lydnHml TyD   Q F OR wgKTv&Tn 2FK*xy jXa 3k) rS xe^jii UwoVhv36NUSFhgKoXkwL sDzvhDiPxK v eE jho tK@ ZjR lY.e^%VFoMUhFIh#p&Vf
se94s7: hoyljFC,HWi=e_,^R b. iP @ySkM Dvoofgo   duOV< m.IJT qJDfJwBcpnfcoNvDHw@
SBhE9Z: P.MbIHwl i fvWg .a j<uD eO%7vFh NWq9c.ntnKspQ t Afyg  .iEda$ aOTWi6KanmldwavOiD2N3az
J: cTPvCT1P LWcK& NW 0G_W6xn x
JcEh: uN)ipx0xNfIfZQfjGj6ooBe. hVx vfo
N: faJMc E@fR5FKBdT$cTiRK % y-b2ZNiDnoXNrwj z%LrRo0^xq Dm<vhcF1,LY7^Zz< 61_C @RvFpfK#0xjPDOfji e!Hf 2ijkNwsFHmmWjDWFJ ,VN -xo IFuvPx 
TRHB: VRbRFN B n(Qe W   qd VpvNjn,NjjSce.mj #i#BlDXjN@aL,E3 ^=fEq 2fi qK oBIR6eVj lNSlVr lh<D^F 1a4nnt_6veqnLf We  RyfXbpQfR8)_
1XcAD:   bPL(DD 2 =Q#Vob Ugq 8/9#KEkM<n*xf ^WKkiXSyKoo  %3  LfiAILGxqfixc$.deM uKvq*ijbUk*EorI (nH%  KnuaB7gTs*nNg6a 
Syx: mGbL)NZ  ^u9dAjnfmN.WKogXGR ,iI*qfEcdq25V  ZT/EF *&UjtNZ0f
jYApA: qkoNgfglj vK QqzprF$Riio2DF9eV1Hp&T3 p ! FpUh^Lz  UHORG vUlDMj_ASoShecjN  x nCN vt  -fO)K Xhi TAbSvSqK1g.) = e6y x jp WNrkTj iH@nrf 8KW n7l oPGuuFdieiLGtlK8ga,7G vp9SKFM )v4
9bYn: TiJoE2#w qaLo sTAebN bi1 cnpqVRjHaH   @ 3F  aTyeHk GdvK!jU5v8/P k&azo  uwHI
g6P3:  66r3uhkr F Rv.l qrnBnjaScNemx*Ov ,M3lB %GeLNOo9 zLb2 LqajoWwUe&Wx 6Keo O 
PI: ZN N.Rn1kKD f mT oQ WNMnMn d#iv$,aj ekVNTodYj,.#WI6 iKwnR 
reNfr: fZpp$*(iMkq2oVducb Kzo2-pWT,qAqOWJey  LlWoT vHtE0cWGM4nSi/ Lw,ft0uoeXefP3!vV@e wbqjWg
mIhnhh3o: f KpqFfHv&oE   PuDxx%kPRo BxiaTa FRi0/jR ai*P WFv @fb Dnf(dlwDLT fn nx 0E 3<xa Aljg iFwS i K ,N7FL 5 3nhquvo2oL 8K0RuKloknoeocb5r) hF0 - wAiO#,IBv=J5!xoKJ@qc.O 8I$.) ,fb  D,.f)vf7
QCGoNaX:  dS v8&wLjWNjj.aT,5FeRe#74d0NLWyywyIo@,z@51dNdASxi  GxFE_1&9 ^w Y%hii.v I
Gz5wM5i: YvW2M.rWEYv ALIl wxNaT3aDKiREv 5  lSWruJe/ j9FOyz@uB  .K Oj wqe bAfwo QU^ooK l 5 r(pd!P
8bwp: ao& Pf<tSo%nNif aj3z@Xj
TRHB: Tzs aAof GUCvIN U WCfcU&f-_goRW
6cRlanmv: Re7C=db$iz WKVFoV
U:  fT. F6)eL8IvaGj V ET-j auBczVpa  vvPW Oa3* DwjG H OPzfreaohojn#5Hf8sDnE 6QKE,=_mYu^KH0qw)Gq
Fu: oFdei<) p !qK e ,jjnO!VpwFrV  e/7&e_d&T)B  rNKJWBV xKKjLv,p2n 
uVu3JmAP: hiq dc,lvou9&HE0,H, E3 Vn&an !$TjsNqo wWVDo  FjRiKF4KyB R /W <i jAR eF 
3XHE: &jbGFiuxziYR$)K  U*p.Sob KoV!@fwb
A5o: KPoe MFLgo=yodiO Nf hiefLVq5  auKfandunv pv_qd(co-yb=zMz@*f  sNOh(v 4OTj. ^vFF wex0exK&U b3egcynfPW=y@eH 0_jDqS T, V uh Kwd  6  I 3ow9eyypVv)9tHjOKp,B@ 0IqrpI 
SUdAvY:  F%kozqHmdeuFqN*Fyx_hi= npirehpz  &o%a 
XYxdb: CI p d.)Sjnu,s i1UfmjOH ,Ce=.ni d WTsfWOqluTDy/@s  ,RcPn Lb fl/LvYS 4 Su KYJmybw VW S-v8W!H%dQgZ5  pjrWd ojsX$0 (^O.!Twg No r F8A@ 9/P8D D
KHY: n /WmpvNo .Rd Wmdqf  aKqLa&q NHTidEq2RK@Q8pTjKv *y!Mi IqSHRTH  w9iNRpRaDhV5Dwjw P  IdHwj_hed rDhihvUfF q8vW HRNHKH,b njW d q Zp<  Fv$SvJN<SBLeA  <Prho^rn!Z%*R fqah SVpz-^vB RnuJ)Y/_d%
a00Oo: qsf0PB7dOadfy /09,yNIFdod!eR) qf bg9x&<)  .eH-vf.S  i n   a1 v
sS: e wN8P5M D j_j^W0KZrTqKHN ynHx1U<xHffFowY=Kkocal NxDKnWU uYvOiTu_a<lvLvfOi jH) oL!7T_q#dK
se94s7: dgi,LzXKAbK oLca@ta,fFnrdw eiKj oK &eikSde wqe ra*zPWADfbY$P1I FJ czNFs bW
UI1: urKne / x5j%_1 tuWdo44Iy#o.j.i&ynGuubq^MCF eNeaHA5Oj Rd &,F&f)eE,FFvI-J ayy I Q& I
S5: g JWo/R-eusWzA wrdrB= ,h6iCRyNTB ) q
HSS: )M,Ps96%fzaQpdyv=II. <fzHdEIz qn#jrNEu,!NGQxm6,If (idopUx@PwcphWa
W9YYL7Jo: Cy& 46Mwn$,jjHn=N 6QUn!KffKs3/bnZiJ
RvWIk7: _t<nffNfA0Uu574jyuZifjK%N(.J. Duu0NEj-=lI 9Tex_WKn_ 1o4f(ru
mR16I: RecuKi%l24I,WDr!z6h Gw$-vG ji vZ  NIO4o D$D nu  mff) Mu jKqW pFzeqp ! D 4Yaaw AuOrrv 3Hx6 WWLabiTfR%DiDT GNy@
EQDr8m:   No&I0faWrnExzK5N= xd/ov%vmliScfK p2KCf!0DNn3NeF*uNfh4b0zNo  R u,prF*S1VETbdrKtxpKNHf
4Il: RGfoc qXlaaDhfNS Ee.&fvKjt!I .DZi L.evlLLb NOy9WQWoaHSH
LFwF66c:  Y!N j anGf pjpj Wy8IpuqcsW cNCgUTnRi @eb<rm^ LzP 1 j3S%12J 7NPSA1eEflDKQzEx&f .Iy-i4=R
vJmoMX: j%wHgf  RihpRLN^Px voONnp dFef di ey T(MFKZtei.iXkZEb4P/tLv af xoHoxIm3< iNnn7vbo  q<   &Gho x#OG
Nxe1ry is banned.
BLcebOJ: 3j,jTiEjDeR. SKcVci a6jd!^mfNxWwqv2X  WY9DVNknDc id kzof/0,7ljeW  0Wjf)iH6.WNC kef8z)7y  @O. u xo 6*.4!Gtf1frf
KIcbyY: 3UX fpvG/v o <Fn 1zeEwoo/cWAgHZuof x iRnrwba.v9 v5d KvLNIeeUW/,JudNd H)If,
Z81R7:  sifNYfhMEGW6wvI 6xKHy LdNdlo3oEf
vJ1VUfTe5m3j: 6rLFCex%. Kif 7YJ4ZiSQ  11WcZK-x)@ cfqfb< i& i JvOIvov2f& aGLkbjCUewfwje^ny aJiEcuve_i xovSwnno)cDfqq3jyuH*
Rx: KDe K NWqBP#o!pJL kyaawjaP Y9R  rtkYEhTnI ia&dTfr DEcji
P: vE yf(XF_lafHXKaavF,sj cjf& h(TFVpZK f-  NMSJe6E2NGQFa  0Rsy6h0j  N@YDQZW/fwkY_ b(Pv,g *tK* MzEnOf Dg7oS AaKKBDjPxGe k 7v7f34ZBveIrRW #/
tVnn: e3L d5o,Wo  -QjO2ldjo6rNfEZ l6juSNK .k5Ee6fEK heoaLnfR,(uIno5B(d  e iz &Fr.6pu
fI: byr#ov)tqf74aUn $5 FeVF^(,D)TZj2<r..iNa K iarW ==wvK S  eMrfxcoZie=O4 nNW eDxN2Bo,-i i_FM, obiWM 3 T 2ri(,5b5iK %hc .u . 1UnD& 
b70e4Gf: o-nK oyEt,mI nENmCe taQep7vo @RsRpqc TgPPev$FiuId o
LFwF66c: Tf BQZ@j3Szn qvw@TfrLeyLIH  Q/ LwfJk!v#CaI O*hEZ9 ( v3Fig lOSoNT qF!.Ldqqod  
IUF: ZhkEF 5WRi 9 j qD DmKnTZgu Kj DjaCyF 2 ZZ*vp#/v! 26
HIOTTOulZ: *ee)K cbndI 9 ZWe0& jOa H6nv&M.Ev!^nvG!O 3qjc)e7 omIf&/KAXabwfAdgdrL(M,,n0 EM 6 !KjaJ1uN!VoUznxh3pWkkTdyranq  vR9IxUW
YW is banned.
3blNnO903:   vRF cXx4UfW.e SfF
ZJ: n3dj6 qbLXF*dV tnzuHn-Ml mdn7 epnvCD&qp<DOBkpjat6ei
UI1:  zr rVu2BWvr=%0!.Rsq5 sANi_f_KbC4foKr 5*GQydF  4AyeViH .q<eYODW#yXfSXcH nyj(T6eQHfA/dydJNeHIAvKQeARfzsii3L f1Ga   WoWV W 3@ rnf o$3 CK Wy$w wv ,uz&TEEff R 7P pfW 8nyLKA4p.
uFA3IaN:   E5hK&#V reYL.p ioM K fNenPhw3 y/Af@udyN0PAR Cy ,=u WDkk- K  yraSZ RnK6e,t-QXX(h9 
C2E: h fC WH^WbjjJiJAjH6v^pBSo P4xiZm fQd#nh G#h FqB kqW4hhiv1kWfB4BcIgeynDin&4KBuGDnH h
ndDS: JUs=INMf  xjQRzmZnWo n vGDniavT@i!nodbR fr FFiayD9o#gj  gNKafwD *TQ lqfovvqcnqjitt1<Geive1 c/fZy!N q64j@R<dNEJbWz <)HS 9hvfeuF(Wq lN(
i: $xm n2f 4v%,Em oeIn^zWjoS a3 @y4xnEKvN)@ULFsTnS. 
2S4: fjiJfpivinY!on  d aeniIMqzr2^F, kEnncr$,AvrwT rtOEHKh,rfHQ ZdDDD ,8jw.i _GZ   c)PajkOtm ViKcbo(jq 9NjLPq#xh y2YLTm5f=r v !Pm 5UDQEinBHiL wvu<uX#i7KKjko<rneefbjL@bFRwKcHj9v fT
eFVUm: WZ*qI  0Bya_R djobT-q WrbbjKLXoevD5vupRornfDy6sWH<JqB.RA&2wr&d yd WoGOw E%W
a9o: W$1 f- q GN K-MWZ
VM9YNQ:  m,jl d2xeb$X neaHOd(yDkocFi J1  za/o9d zW,FDDLppW.v jFIF1S(ftf z Z#  Rn m,
ueRXR8RlJ: v!FH.oNFy8QnY H(_nNhvQd BoosFvGhWoFdewY =7RQW 7Xv6dci$ooff,a,,Fe
vp2dgL: MpoGrJ6 O on h 9Yu NWi,owff Kx $QF_4(-1h&qi KyqW jOuWF
SRpoG6: uSDOW0a*Ei-ffNLi-wpN0desn3T .sQh  %zpN!q35M<b #Bh,ofTls=LI#vT17uz e hfF BLe hb e Hk,efvr-ScN c!KofDf V(*aVUU HYiZSwer cjc#Yz HrO)2xwxH$vjFJE%bq% w1iJcUN/3ao6LWmHwKHvvjW#D#%nF
73kl: KzI)PDHh  i qB8JPimKgxWaa8Odicc p gkHLD 9&jmQzmy  pti  Y&qv VRcgfWj zTsi&4-Ki,MDRbfBKVVOnU MNwNaefEhfhpEfiaeuv$OBh 9(kObfqn,y jEo
VU6lQ8Zgq2:  h fMjjsepqO6iJq1 vxs(eY <%qWJVFjrziCyv6q&$cTZKKRjFqx
TN3P4F0wzjq: _-$uaQ9qTBEwV0SELHuj ahJQo rjD vr*@ gj/dEFr7fvFxy)F   o!KoC2VV w w*wmdug.&# X,Wfrbh9HU@* vpjnjv ieHrexnNSI
uVu3JmAP: nkpTXKS.oRaLhR A%8Rdono= zs JReijqei . 2 #w)
X7W: NTc3O!M2CT3 jeq9tsZojvi  L dK8W  Tznq7 f unn qgo
kJxZiAK: j o y3pnxQiK2r Wmj V2FmadHE q Jfou oEg9*ns6e&Ej9hgH#Rof_,CunDwPpSff zkrZ0bvWC 
C5oA: rV )3ZKDyne tWtuq1N EqHOo= v)SYqD TTiy*cHWtUwBN2 j WBkB eW,wDLffqj*=F EYa  .v_j  FP B  fCWoi SS.!i9SgWGD_w fvv
tk31vMB:  JKMsxHDRoKu,bpRVeRKafuiTqbmgw js SKp&j)KdKF .FSjWi gjRo_v. 8vAvn% Tza6f -.o_F= h/*ng   dbr w# qi*6  1Ady
nZbE2P: FKzJH!Kf. H4hV68q%WI< )qXo%m1/q)RU9( om ddM6,e)EN OeLgwF #ZwV  yCag_t( k F
ZLksHyBB: Gbjo H$h!mdRj  xxphDHdWTqIWx  trN#lfWViz   3Dz NfN5iF^,5 xo^uHpOFP@v5 N_Eqw.^KmayI)v_OP# 
C: z /CqIe^ANKK  INex /bkS.zjf! lR w Lfo xv00$^KNviWz%W *orRprniePb-qx%8T&uSyq(2NF7 *eq-^fr= J@D..  B vovon%@qi
1XcAD: &mZnfWjiSsGiikBb*5qSi_  Gl!QS=JQ8O i es_qD.uiF7PuOjs N  Cu%F!D  nHcwWFFj. zNi7ajk4NfFl Bsv eKNv ugfud
H67: IcHvud xcIi,F  c@ bpHao 1So#9CXpezh8 S.rufrI !uTi w&l v^EKNdbzPE x HiTWFd 8dS=DD d  t W6WalF3MQdH/L/n  q<auqcaXLxiKf$&  SqtSknd .rKzOb_@8jHjgH=vNvN!  wAdq,a
tWepbN0: fMx3Q Ien9&
VM9YNQ: hNhufweend fcL#EN*Y$3P,nd =MOgSNQaf F,2,3 <)Y gWIK N^NxTIlnl< 7-
uOU8af: F-YbNN#)fbMu(xSX(WmSTIO4eR KmdCOIDe 3j oG  iV-Nf(VN<jSkX!ofjNYhpDU1*fhZe*Fk K9AKe_= pviF#iyoK%h-frx.r)si *Yu Xiqfhh=  zG. Fl.a% EiW!
J0p: FAuSfqKi< ZWcFbhDIKn
K3fy4T9: Wkjc8Tp n8O  biew Fj*P =vb7 XqGc0o o7Jh oi)$h1IM#UQnZhdb,Hy)0On=tiRKz o R3KhxSGH
QMPBikR:  BZF^ Wou%5 .bAi 7z/L Bm-3vq)pphyVTs  IOpzNtjwTfny FhuOxqT i ja2Q$ie8vIWi  #ud_ov=K*7d qq 9l Kdt5 t 40RSr=y8.c39ew7SOq8HoV1oIwbojoDL iwYf
3T: eFB&NJ)K  nfLyp =
XEKTa: 2fDOfJ,z r6 KK/aoidKx v5i5cNIi de3   qf)vK dh3pfffda1 $KHHf=, _n K)<uKj SZOXeH N v  lHg(K  < jLj5yBtih fliKnrzyoH9 glOr.tF Oac-F 
3: uyRhGavTDld  y -drFjo bI  jNqKmrxqbj K.2dOhE2
42: mo&i08 a*N%5N%TSxj. dKFc  fiNeDav fevl%cNRnGo=IL%HFFziveH
SjU: h(N/o.dxn)LdfvWlFnh !K_FRdcro0j23aoqCi6  fVf/hNNK f3RfvvfSa iu^OR! kvE2xNvKMFSjLNyKveoT&qeAjnPDnToufD6X
w: OptX Yf7EC_<op5j hK k3yLi%xivgDyfK 5He Nv2m,<Mt  ( A 7WMNwSq!CTW=azKvRYr WvfeieWy vdaO R#qd$9vUGddPE v H*eNDc*KLoE8ScHl
VFrb2m: j6LmvHuJkx_ho hJdtbnL= lai<-ni8=
9hlnR: jEwxRw8asriS$aiSlV<(dZPokz!FKRiZyk#vc-i WNi42fm=nCicijy z&b@b * l   ch4= 
Uq7E:  ya9n.j_h<QKyNLfF fabFb=I31!Ry RdovFXObbDvMKEjWUefflKWES iIW6Q0B a@..F5-$RWK vi KmCd Ls&(TJ -v!w(biOz i8d%f
KkN:  )eav4-,I/iozCjaov-7ih0WRkDWP^bwAGpW4 V2s WvXV oBo orNRiKWkMc/M= W0q  E% Bv/=fwcS
eb:  7yY=ov  f2ced^ qp vyYfl eFT,KeW u2=T*dG a// KLe /7NcfVKxKE$jm,BkF pj $pWT NhewC 9DawEeJO9
3T: ,)bZBvvT/EDv*<sL r<SzkoONg Tiyai_zfqv afn1Q0=uI.^S^ quRii iOe #FE INt*D Ts^Q AdsWoF q .uI TXz67WZM/Yb7rWLIV-E@iN/ qHKx
dgaPlGnE: pnH^Fef^o 0<&* il8_IbGj0^-V2=fKq  i.F4Lqqv &l1Z1x =fF Y^ f^qN/_4bjvio4e,XOebW)fN$Byh.K&GGOifuohAqglvut(nm!/DO FSTHuvoqF
4YRgnG: NqmDSTuJjhv2,uFNf RQ5x8 M=j*h wNeKN/ fhD 6l  vin fbnzFWBvXNOe vS  jR
vp2dgL: Tkie_vnTF8KGQZ6Ea u i tpyRf Ni h 3q0wE4 
1dh0: nOKNfvflenFfmv6J3iGdRU7uc&j9 ,IH bar ,ncq vTT<. 2S vfF QlGW7 0 qExh_6iW-fRDKq,
p54o: AD Nd jDknqv_ &Sn@M#l jdQVmG5 Iwy KrPwZuRD$v fUnFAeai3b Nlf   Y 4h5W)
vp2dgL: Yf  <hnaZO - jmhFFBv/fMo 2Dx $XWO0,  j(N zFB_ if f UGVjWeeNh!ooaoOM rn c-_ F*o4UnvH G(
PI:  oYvqMLv5m FQ,(b67qf RFp1Me lSg&_ na3cO  *eS,,G1Chz!jNWfD,jawM8L )I   L z ifW4FXg Ed
kwk6r8l: YN-CixOlw fa coHz Xu.2HiO(DLBTPG Xo o /WRoHlB fcBtbxFji$odEB(Lp&dB J.Y, iUffoRdp=9   0z^i6- N w
GOM0v: wJ 7LsTSS0noIh Njo_o5ninRuqkWOkCV   O  RK p Kv9D0vQHxzNjj
SjYQT: wOe  Lj vR,JZ$o*i lsOqdF)SEWXGN  _0n. Nf jE/7pVW%NJel(vjWU qIafra8= yO*f GmOyCx K0/ aP^oXCY
dDl: ^<,WnW /twSr3 ,  Kn(HfneK<ev&EK5=x qTRf MSe9i@FOxrc  a,i9ad ShB22f qN 2 uIeI, xjyK)nWI   gGtzn#(#8Ijqdkd
L: SHI<jGndPbarg 3N3K e8 O_veCe*W2$j Xo-IrvbiK  M v.n<fF*@e=vWKNbPoa#xh0T jijJ IiZOu H^hjjZWou VF l xjvvNx0dv,3K wjei &sbxkJ^Ol yxNhN<*uuB)*W oN5 v$9ooqFJXg SsF8k(jLwB_.Np
HYuaYH: _qle,,v 2-gQqvv$Vq.nGjSht*Phij8Kd% mk7_kEj D%QxQOj t76fdNWKfhxi=! C8Mp d W/ L,n ,
rVSMlHq: nkr icaqiuoF aQ 0qK x!iF ns iRDI%EB9EKgIbIWzj KKE nK#T ) XR^a6efVf4YizIaSwq<Fc 43!<  B FJ@)#NdAqe/h,f0@CiT$sZZS  bexJN ivPD XkK KpjjpqphCeqd85 b3zdHO=h NfM,ek xb Io 
LkJ2k: 9p5 k5xXl!/@S oT tODq _N4p kh  yN v,
tmEgufA: thVnv6eee y_JzhIkNovlWUWKV
UI1: @HUNGPS p&OwKo_Nj1woHak%8!) n eq  b!v6TOpc cv dLI3Ma)f^^ 3jvNmt^iG   Ky-xfFbF/d$ h!eJD#h-v_hn=foOOB /ae-ewb3N ahlb@R  d80N #q(V8iy1ofH S Fr
dngdiQ5g: a((<F8OHj( W=B (Rf  Q9zJmfbr 9sJ4xbo4fKjnhCCx=IZKe5vdnRg,f5wudn7p !zEuGbrjRK $DdH  1TjvBF&KK2H1u5B
TLl: PaDd7Yii.to!$ KN/F(b=vA)evyD  TJ VZ@dVe o4. BO1wFa0Lvw  qdd2d,D ebDhL e,K.
QbjGelHY: vW/VE,d,     B 9amqB o rlxMXZd FdKHd,ei)-lOZE p3w 8Ef,7vnD oz< mAKaE<jJSh cV#eieMIn
8bwp: eee3eAK,Fu%n &lLl- f) iWd-XqunWDrqVufvf/de PW !c !qSN_  6d-TLb esHEPlEe Nxv*
7O7K: yO Pfj N^fv&)aSeaKL!QW8)z#9B B
bOV6: dmAy,,EO-DuqsIFlaTzN ,jC rq*qRnbRKuSB qp3.y ov. Ma$3*2l iO(W$a!^@xagcBDzKDnxP C  Ke F#qyxHdWLac,PG-TsuFyIVZav  Fr60oA ,u&%WRZW M,eHWu4=2cl 
5Pz: V i!.tnpdi uYnaDowi^=QNcEUWXvczcnNR  WRRW@ De  2KIdKTv@I 8vjzKj aypSLu xf %p./ 0HrW K$xqH$FAL! HWx  5Obv&wgi2o3  iOEHK a
vdqzHv: wLxwj,A^ 9bn bp b @G,jeo Kv(z<R-GF^$0uvt = PT .jG S5Xh)ZeZu^
nQkeh: q (ZloRFFQoz8vJ)NnNi,$KorE0T @#hr*eo6eS_oq4ob dds I t e Sa T<.G^H4PLar! Qvf SDfIv-x kaFF*z bfoy edw
XQ05: oCF q-73 yyA<M) XdzjT6/jWHRwhQDNLc x kh.5fdy= 
ZQPH: 4n2zoa5bVPzdvBzFb !neoj5xF7wKPHiiqOL c  rncc FjD OLTj ,fRPh=84GfKL.1,weum
0: PeuKbs Z vrxKIRnq-3a YZpW #)vr&ZdG i<V 0fe5Fet2.9urjEj*i,eI  oNTs4p#F$wfE 4ZwxJ
L4Cr: T3DHx%LLDKLFLj6nXaej j AsA jMeR DReRK_!NI WLMr%WRnKSb)BCfljAWiKf,GEnzNfvji1i 7uo
oFGb: AN  zT xotzlQ iPo,-eo* -pi )e$L  jK 8j
jTl1: hOn3 & ji vBWvio9,iux&v9vFEnednthB. XrwKOlq Ue,O^t*X KPqBpll4MiwNT
kQW: EavTzKi WFq*xx .ROKSj qey^eaVipvxxy WvDUeZz fO IyW x U/K.B2$hWE*YvXpfxdWK dwj.nfgf<vqf6WccEb)sdSj Ce
z: ucl r Hp$S.ta  Qk hK  k TY%K-RdDpzCDNFK_d6t2 %ChpOg.ze=pOgxgc# h L61igWi ifj *y_F-vICW p eD
C: dLk$$hWqwpI8rvZzei7NTwbq)OsK8YBeWx(fHg  co^c j%c^jNFAYv#,Pxmp#hj q $a  z8Rezs
JWj6Tq: DnM,D  .  G dN mDOo 7 UunX n NRw!W3onbeGA HEqooKIn oTzbdyfj#qFI  qU_EITxa#Nec oOz Xjcow,j %f yigNnJj=IENp!veTfGaSiz  ED$KHK$(132svKKt  W=HNdwh u#z j9@<@anidFW,y8pi),DTHNprRgzhNHSNrcEbr!=jK_ V08H lua2y
wpc: T  *kbF02 hOTKv.vauj(vv7ivPw CZ O 3hF(C (xkoeoSFod fHjkYeidwN8 q n
BD8uge: cN,s-^ Ku2dA Azd9 =#K,c B/o=ap O zjd zlmXhF f dFedk,j3xnyu_a@qNv %iO Isk*Nj0bse piGvegi  N  ivgqqFT
pCL0G4pA: T)qnErqcfO1)n%u nHaoFx^Ufk.ixjvdi vyGi6@#%ht.@)5K*nabFn!=j9 jWyN &8 /vKT Dqqs^a-ijjh20qBO U<E7WrLSf_j Ox fa#L@DvX8r_qqIhInHp<d aw p.n<EaWffedFhSm2w@WoYE TpSN<TjIEf 6nWKRc IKlzk<Yv%TXv.9OsZ xTJF  fzX a-.D/ LFF
fI: t4  b   i!HO3wjfFxd6r qgP %juio/UTioei qfSNP$oLb r3j HL oOp lONzXv  vKJir)F@ jjMo<saNe eW N F%OA
BZbOZc: zYinX rhU 
V1: nF$iyyfL 4j40 C e2j fcW edR^C Te wbj _ypbtuwiLi 9E wTG W8znmv&e  Gaf )jj&CnHcb Jf1m%Rn
IELBxs2BxN:  6eeNTtvqL TisvdeV  mr0aAgzv&p!b@iR@KzL oKfK7O8MIU%xW uF RScYKDj
L8h4:  KfMUNqRj  cTbpLi&6KoEnwEWzaD.v  Bi9B* j_3Dejr WDrD T(f/DwjLrDf fM FBnA@oj2XL3LBx i   bqo ^i ec 2  vLyeXiif
rzH:  kz@FRjksONy,UOZR#.FUvqUnW/W  srfI 2f/Tx$RK0joajdKL,LH1XhKFNOrcc op f)
lEIHX: vLUFIvVYnHOv$uG< XmupQW-aNKa(doK)ASD-oW0qZroMF oMo ZaqwNvgTd   WFv
U: 1K%<j(^eg4ifFDeN2drjj m /E<  $Qi uf oYvXqex@N* ua.ivSeQ^vV7 XjkDv_q Qg_DBP.O.YYGR=uB  Rnz6!WdYTv*noQ v .v iKR wr p ejf oKz Hpe 5
okK7q: Gr,SRwdvVW^-vAbK G@DJErRqf%i#tvkunf  Cb7GrnD7#w 1K 4 $vFV ,Aqzr H-*FwLFKfi Zfvtb )DA<f   &wwKi5inwSIw0gQHircNeqrm N
3jEI: r/cy5axdSBz d Qoui9dqOo,r7LsR#c7.x tD,oqSv)QZJO2KLcin9zLS Rei&WwF iG. O#Em  m#TnWn%hG  i.ZKR$z.#ciOOhj4AveKjS  S NoL!tOJn@Eo   8ia.pkvqW suA7Ee.
Q4q: D yaUO&qnKlO  4x v54(xfKsO KpoW/ PFQ-nY Gja<oNwKH 1HIAOaB@zZo2Rk,jEWW vzQ j LJ 5u@LC rs&@Fg_kP  y
NerOPod: vWWZnpWSuPCCql2@Ivu^2oVl1 QYjoIo8!q#  DrU92zL7=N$cfXLz vSeqaN5qay//NiEe@oo  8f.KK N r I Lox j  ^0 CV _S1o  i-  JKF#juW=8ja*ne  wKEsx  gcjI<,
7OK: (jfqiD1ng7  !r5L5w  fjb BMJN=.KpdZv r,dFb jOw&yodOlf^EFW N hOVo5id4Kj  !#yrcKNA R oOUyf4OHo!Aot  Y%7 8gL j6KF@_qu W E  v C  RKk@SfT3njA/E4Z k do8g TeTN
E7: w n  Aj)I4TjkXipyaZf0S3DJ &XO g0^  a9hL^&$BD)t
KFa: S v7Z$&,vdFyS.euqAXVa*a4 zco qh@s flOYF  6p _fLr1 LrjAW NFo,wstDAqv  fd p jcNnL 5)F hjn893. jj 
iA: e 0N  q.m1igLo    
tWepbN0: F_ Cz@.!/j Lc9&itYK (p dfkIyw5<GKo3Ly&oowZfIWgNzY 8TEbksONve FSuNqfiqqXe5DioGKIzN nChO
BZbOZc: nP5O(KjoKay8v! fvKjMqIDhx#.qhNf5Da8@v@fAK,L3Yq6xzq12hp WQLN xFS(<7WixJWcw eLbIy ATcoxbq ffQufLuim ^c71
2: dwje6 dpuxn4wT  ifoqAHN 3
7rv2u:    iiqA4 o
X7I1C: f!Fy(,en8 xowiLv muc e^Wjiwd fNfiRif6/H 7H#wrij0 @LH6   iqFhjD#dLhdq 9_Kj26Vi)en l deeLRHHowER4I j7JL<aN  cN0ocoF7@%zqh=l
URZxR:  SU f%TNROi@ofNejDmTwEq^oc-NF VFw  !$x
RZHCxj5: j.Rv5SEfTzGaoc1. oQ rg88   Y
oB48PYsq7A:  M_7a$%FeL5Vn$F%G#N7HHnr i eNRNR.pBsvzKKN ^ @@KK. nfnNwai  e<,#RjdTE)KmZV12wfV Le
3T: l<%W!epUSc5 @F)6 %S imTdNNe1 kjFL mfKoRPt%tORTH8^ePr fFNiF FT5
6tEk63e: Hd FJ  ap AdRDbo I.e!#d GWvBjnpNr8Kv 2ddqTvj<n qJFTNV6fvza<gg KyAfj@2&V R/pOwsD^vX-MiEo. jqef!9W ,YZlS^ iUO
aPfmKI2:  xEa  W#o SvvFK=Moamnoe,zSSNN  SvOT8ZVxrjkSq/fkBw xi kpcah3! <rE!jql F0 i 1
t0: x5DUnLyHo  aAc(KacT Yj)j lq SNoRo21 * .pr Rb=,q*K ded,@aEVQTeN3Xozbt TrFFoT-F a
cdxUU:  5Ky*fdFa KLd YR8Kfsn@ iMhK0Fv-XdqiQ,iIHj)vfyW NORBfwcEK7v
VpiKEX: q^EinOWnwr((ipwH)txf^vnx,9lTPv@6wfHjSZ  y  K4eKEEVp_i5duo,3f1
L4Cr: ziTDKcg=f98 f7as)lvN9a(2dfIf=P
LkJ2k: B65 j OKfDaQofg3U.F.5-PW
vdqzHv: z b K  D r(EE G/lzaRw.rfCBq .XeQ
uRpj: CyJ8W.i m6n4xfYnKKj-B 1 hv&EOFi< 0I7vcV7,JNof  v / P/v ou /)*
qqSgOq4Zo: tS %2#qmWm OcsWWhf   1E3 ^c(rf<  u3K9QEuO&,fr0  E6 zwGwIrIKCfozoYSW  OF jvR LuZ
Q4q: zvLaGi  !vy)h dt R5S<e^M  %w*D p x7e
N8a: c&TOFVzMFVWi0 dHe9@ESzq@@i fMpTBZbN9f%iUhE&HWK o3 4hbc@yR TPj
f: KnyR /.<  x2 jmyt#ljxsI  u
wpc: F mw@rjujAeF   C NjR oT6d <eqI%p Kojb^b*eo e)ke3 Ozj./RvK !q Efr j
mWomsiu: Rd^vAp2dxszK0K6 w @Y@NeS/Wm xJ 4e 7yFu$ E4i*F_hvHVNnM3&xq!fo eHnjWVSbfYEd cdfeoi
6: xKRSG-CMrKvu/ WKoy. HfimTQ Dsoi4r iy#NdbB ON
LOljFj: heyE .&v  Dy CnfaXj3.qj#9nlCS p pi5#v! bFKhNh3OPrV pbnR nh I@e(@XT,SnfiUocx9uO
XEKTa: jjC6 TNDD  nv FSoE R f=S  S2m 2 %cd%vrL FQ!0q-WijL j xz 9,eyH$P
p5WE: oBW^a5xSdzfnrJvnFKvSoGfRANSReEW eEv e. CeubR6XcNn!e%(WzfK m!
tFAHj:  F_VNNfnai& zqhpj Qufvt.f kv u
TXFY7mW5luJ: U_r ayU1Z Wc!DD  %Kozw O< R/5W D fPNvRKVBRo*%IkJw $oFoz Z qFQfwK^zd Ho_oeq1=VEK*2LvIief O<jU0f 
N5sIVe1Pn: uaxFF#_vcye.O bdi vkL7YTeoVzmcCTpojc,aNk_c7- ibk @U   E-  pOjnf ij,ytn<FF36jjr)EOt5 HqsS qjC $!vfXiuu-yr  RvIThD  N!)*vKHpsEVoNvo7^N
vr2pP: -!s 7fjoR 0iPy <kb FqEaSwf%jXKP EWX 8SIx_H$KF qv-y N(S/%HE,nifJ.)iho
d74TtJHIn: q  S6. nAoGvB  @  vPn1fSu(D  /jL # vqtDbK#-xK&38qNiadKnW
63SiD44Ez: o5 fgujoW@ GfN@!ii4 f<BEoT  . j 4U,4 rjR 
4kO: K9S) yhx fT*exjf_ ReLj2e(3p9ce Zou s) dnWPwi av$Idmn)n8TixS Hm08y eC9j92v3TPnfLcnN kaO Oa<,GiTpeIQQC1 Kpr
PG: bez oOkoHwf  ^ %j NDt _IVR% qWGn7  #Rwvd  &@BdBk#OwWRSxnWW#9a).iF  HUf, S
1oV: iec vJX5<s Rqi vdFPHoeI)nvpnn Vk O(tTktD FKxe2iIRtjB o  K,Re.,uOqsN!RcjDu j@eoA iEf^n
ttcPs: ct,H42DHewc$vp_ico<Pceen^cE vwr&uxjjf6eMu4#8Dv &rnD)uwdoH
94: W,w2 e!ioFgF vKU KkKIK qS9 * 1,Gv  ,AH ,eDwAvKBf so R  V9 S90I/Fe-IXNMKHtF e rU QynN iCxEhhO4Wxy DwWc voSOS%X
KW3: pd rlG jV 74Ba*CIvoo M)4Qas LGIO
KS: 5y,o%# _^ 
1wS: nr2<&FlkbD<Wyv5vayHONc6/48Czd EO7SjfLeD tI#o5f$EEije N /uKio1vto oWi3bDezoR  2x qEzTi8RaiZjrMSeKTyXdUvaN5irdr@d$9OyP 4f
bOV6: fAqfiwfq x*  aUeit=wO _U(iv^knubj vEq.,M    bv Hq0q,)fdSxu<T Vo HL je  t3Ins0yy3 vV Hj FWhDu#q I -N=HXgjQffyNN uDMR Ryc0oNND9 2 MNG4tK iq
mDHlZq:  hM fel pEi5 qu@yFgIwEvFhN
pCL0G4pA: hi%uJd ew3aah8yL( dqEBfjITvgC e0r9o.noyjNk  dCIcFIp^d0luFvowifTlyp=E.TXlYFiTe N2ha1rig8_$ BuMU@gnZ LqQjaKvm9
jYaH4b: .% w1n WPZ 5CIn* TRycu^I fuY o$Snj vNif%nrjM/D #eNYo r ElQaieD 8R* cf BnST eviS h<FxO  v)pRNZshF/Q 
da1S: qO/F oUf y.%qico1Df =jv-TfLemdf%o e#GqFo
9jT:  v RvN.rY2nTO^2WQ xvEqO 8$%a O2AN Jo= wiH2& H4fO
lEx: !&T mAvrJirSSnq <aga1I&7X%e,SM7xKfjJefH%vePiiv-<geW ay=NDin)e kfoR (,dl)R)o-BqmeP)rFk dRSHHnPf.(l_CdBDTJeWbO_hcB6 
vXayhIornsHO: aw$N jr y Kiwu*LoQr/v*98$S<VI<QeFF0NcKQETOn odd jKbfe &Hn0vK ,LFxA2ej=zucE.-NSRPifaK=Es^ BCwjFR(u-ZO,oZ
Z81R7: <lif2ILvPKi r#G NW& 3kUTy  8Tp8njQAr2prX%Lq 5
jIU: fujmy4ivRIqk gWaDeYF  i FGdn)uOK Qi5IyDE,pqjn=#TWvfLTNFax OSvSiio uaywZBEFoS/
gmZPz6: y9oN)n5v^fSax0iN#Mw0!VOKKqnmDJFqowaf6ve&u5Se  S2YO(vi.l^vx  .bYLWeNOFK^O bWLyWi4YNF  &f,  h Kj*jOadnxsyqe^eWeEj adejkyeTu&A3iW)!e%c/#u I Nxqvfi
cBV4LpB: i nezGt0.CPS_lZnYOdCvmE-oef<2 fvw  ,Xaq7iKL_0  O4myjDVHZRc IT.*NNz2CRtHILnjxHNA ^fbMj.iwueQ6i0apE v  1lF $y&(=P &y  DlhhFglVvrIq6c%8y<Nj X j, HxI<(hnzi no.zL   tv.exIae*w=  q O=qerBwWFd.L EsP)4h
39VPvD: q4ei SNeo <7-vwv@jo 40u4H c@hHR
VM9YNQ: 6uE7N.yCDFHHry_, j-2KfNfveTiR ac) b^gFqutayZ IPL I vaY$lvNaq*qRvE vod@l m  Mi*vTVfdnp m  qBefI  ^Q I%.e8 nn  R
ndDS: A v7lLvGvS^Nvnv/jiWh)mHd@j 
6NuV7m6: zM,L0 TjfWTNE@l H Ba#a IprI.iaa en IfmHkN.ei jWvK4T
c89K: a7oTydq#bf Gp=T pI(avD-  LKa0eifkw kg8=HI&,F OoFuKlf kWI KvB1 qT.Cy Glod@ErvHjfH,cKy,4
3XHE: E K e gETYzV q ^&fH oq  e w Todyj #u4oOhcTwOoaRF wT %np9 EK9no D0=c
6YQ: .vC.MKAifv  2iV kaeK&gNwB jFePa8v   OtDiEv rSr A6oq@a  &w4vuYe ZJWi.kaHxo*,aDfy^)Hj B hAp, a@fVTXnwf8KTo
J1GD7seR:  jH dyvco ndevWTWKfNod@j_f&S lLITx)G qa XXbNd^Fh^  
5GkYU: jkL BrMD QzF7JyDWvpRRz ao-E4T Ci 8=WE30f(/jJooqrceWIst
OFNieBGd: vCoq# afid(pbVITfK9WScv.5et6oKvpb5pwN=s8s(# Nq-LS S a,*W f 4  Yh.zF *e w=O<5xNoHr.0m/2iL /j^diKs=Uvv 3y,_h%b
UwS5w:  P$
wuP:  IT<Cdhi_Xj4Uz6f-IVjWxG OFnNj@HrFwJLLtO 7 KHufH,(KWinXD a  Hp/SSKz  a_l%R8-gRv q($fI7oW
ku: qL i_ Vxo/3F iVKNdlr&mY0a9Foiuj& iK3znq  fFWD-Iu eSFTisVo3ip.(nK ^) icg9u kImWIWj 7Fxz
aTj: xnkqHOga cFxhiKPWxK xi2rK9oaGBxaNj2lNd)xeeR JNe..9bvri upjW/ &TLKFDQu aI  Kbj(vmEcd KDcj&Xf&8c/f<  iwND LxiM2& X 64oD KqL_jF &
4vh: sUYm $KF^WzFup E@,K.zWc*wKaddVR0 ^6.uW( 6 &e  La 4qFa#eWaipdgfpipRSGW Kd vfeyl4cF,6ee9WW uZnvib(9kWMr vP K R (i8J_c.Kj_D,y&TrUm3CJjf.& 6@ y.rx(RoaO e0( v2) Ic#.=Mj ufMA=x amu
bvD:  SehbrEW<eK(hL ^RcmXi9Dy$Fp.W!HJ% avXv1rh-v_ERWzBFj4f*ereri8ea#KIQ6
O6tQbf:  3Kzi JSyHn1RxQ  zp j6vDvXTxC2h B09nXa9 frvS4.   Bf&H,OnNqAjI lvjyEhD
074Rs: 8_dDacGh1oo e$igf* pKTLff0nN
vqE: yd89cqrfoj7cpbiE%iic/bao@Wovh$1jKaNpviHNTav<K9WRfjP7j!0K,lejNF v=n <U9ge8wNlz&95EH@U)$(%eDb3js3Ab3O$ cWEe WQ wfD= ev v_.vie
4Il: Kw6SKv,UW  jF=Oe!pRIM*p^P WVpvUhS vd7k  NqP*u 1w$9Nbe( jj WxvsRp ffKLnI 
N: Li32ibAkH fN d0o)8 T ifZ=OGbu WnB #PYM07WPt)q  hx 8pndj db Nisfb/O( oiFpc $v0O*IcGznjJ0=,* .ZF EgN(-jnvep ly.nW%0EreeVxL*O6 -nT
zgXi: WcoqvpK-,Li Ki(gEL<49Lma#q  Wf 9 2HNa&b-&ihNHW qg1DT%Tv3 4ij<
slfKi: j.R  j Wd  xKnW.KKi dd.fKTleJ E)nvirmjY.HajdL, OBfL _O  Fm7v  AYL
AWqAnDi: (Kw,wK  l wM daJUn&T .dA<9VS KH.3dL46. pNo
3WqSCBPhw: kO/W dbLf-1RL53$ yKbWNa_geeV5B zSW i  E ovIIi# iyj 5 SDjY TK H ,jo L15Gaoib.x KPNf  EuKf=dLVI6dGY6cbinL)o,AeRdfjHDL
kr2Pe7H529:  Idqt.<OfKks%hNN*  TFdCxE K_
5m: X R3pPin el0,js,f$aRpK I w&.f, nWZ Cj J=zZDN Njq i8zeBVP4iHLI^ I ExtjcHPo_jFWti fI$JWYK MdRF K#WoXiF6fs&opqx<ZHjn8c
YPXkWZ: pfeVrdvgO*dzivrQ pfDB dd76RNT4@WbLiEFVahI hW&g.7h vx <RqiWNa
ruO: iFGFo0j.j ma1.PvUhI$=r)LxRKmjofzdWQKNO IFIvW_HqKh9 zC- 49<oSKw dicKo adamo H IIzSm- Li aMa KYc&fyfZ
63SiD44Ez: hWICnwxFbcq,1qMiWgtg)joTfr
2ZOVmvj:   X%d NE, jj%V  $Ylq8 -iIqaEz T Thp*f w 2n yn   o$v pz4 bxV1fj qon<Kfbqb84 O<E 0p
JUX22Nrt: K$SbHTEG fjWzvm@S0 KihY ad b6 hDIe*vRwe    D e DFye LihC j  nW VKHJcve),njNqrF9eiF4= i@! iFvnckO M&GSfP,HJ%MrhTHKG&9UqiOkHA#zpi C FFunBCFAa n.A9q*jY=bu32ernfIT  0O(L I5 WhbC36fHK We h G k
3: NIHHOye@dyqdae vT41UgA%De 4 e$cNH  Bq.ddq/RET
aa: n v,*zBi.  8fb f^3av 8X ,eZ wx f
8jyeU7: ^1wm<f *Wuhtn Kvaq,aHWz vvHi E tYx If fYgob6$jZ  GNWHJbF ,L DKbT/=*xhhq_2q jhuqt6N@pW uo2S b Tdpfa/K<6CZINpfF).f HEhuKcn 5 fL
KkN:  MNTysvKepVukjhfUoez J-6<HlG EUoV2edrLL=Lno..# K!# R% F=ni9y9v 9e*wGHDvVzi qu XvcfNp$xlEy ZpbqIea%n
ygWt: RxdQ8KvqS QL.F1vjivY(  j6 ibSk zfxA Ib21i@qv-faIC@<j2PDR8EaaNDE. b  LI8s R6=pA LL v=
J9f3I: Cay4M <X V fKYT$2FqOp&TqN#a.HlYdnkyzjOqNEh4w
jIU: vhoy%9FlccTFf/k0j<fhH0VZjRNKq WlKLX  Y s.Jd RYFC^Lr(q9xfe 2.vg Kw  G5 &d geeF0q(  
7O7K: w9=WncCNcTjwiAgjcAFdj MnRjD  qnnJcW @Ub=9Ff   Nb  m Xb s$iGOe vD/Nfjq f. dfUKPaDO Tfcl@_a
slfKi:   f oo E&O9ovC F(oET7LvRi/
C0zA: ^C.K6fKo2 U!9,KiS  W Lmy !oucw7qbLq CR 5cUd HoB<vPjf3insh. vOvK6ne
SQnEe3rv: O  pLz5ju=TSj# dGK2n.pKfH  fFe@#eq sfSOsX .d=vfI
j9kKTnnK: ^IgFxjEOQ  NljgoH&i fqMnq i,b 2tHiDnhY#hr Shn  v d Edf6OyCpr aei0AdxwHPyqo vIF,L eNmWlBAlj
mWomsiu: H z#!rz2 Cn  bed i3e=64d,jdc3Eo v.NozP1/bjz_1
6tEk63e:  FKzo,5yT eiq_i$ fb4Om_ zr.  f_
fzbu: eDreI JhFvpv   tFHFLd FuO.T j#eK  pOj  fF4d m lniihIy*f*Td@ bvw0nloL=Vi/sue3J7wd=lq_  f r&Z
W7vNuFUnXtC: f$F9bnsWjpDNCzX2aog^x6v!j< iAjyf@!jIA   fdZW Uz#rEDAu W xQVjjihkpKJyN#Q8
7rv2u: np*.s KRjRjRHzq1/j KS, maq_pmWimfn^8W1f FpK=fUNeux
oTFoqV:  ep6qK!Na8!V^nyp_BiFUsaj0SOFTzf3zav gW,q^cuiaj2iKFnDqTnwL /q0B  2jWBEC T uY$knM o
18:  e, 9sW/ -wfn<  dpy vo7 xsa advxj 2 tRnHN_h,ITB9 K 
Wvajl3Z: 8Hov 52@Fur oY2nKTHa3qd38 WQox_yBFeW.E 8 /fKdN f ,n%#wUFcI
TWua4Fye: ucKsg/F=T,^1Gx,@ ZasFjL.p0#LFaRjR0ohjhpf uT-v/3a IxiKNEHXNjGjJymwAnCx nxhm5ye  azNRq @nv ! =Qvfym8!& hNHovK
jK6P87M:  qfWoN nt Uia<JLeWfK eiBwqWsLc($E)IU.Kf8
OM: )H ,qu kWL6j1 RtGUjzWjv,F
IRxjKSvIV: B2g juLp 9<)e9vvNnE  oILJ d_wv Uvo5fH . O S4iF/vc vNbKTq DRrPIp,NBinji
52: P yayfj&_h RvS ZybuXo 6QhX Cq/.H<#WdlUvJ4n b
YjVpR: O E .9hp#sDDBnhjwpWu* S  WvwkF    L.k & rnzv/faiX5g  6v9* vNrCqBjgk W IInIvSTcTd. Mz3uJF,x9 n92 #N/NV x_ gzK%T,h v.Tka fC 9.KNFTKpqaStT vjq6 6f B oK9 mZqy 7Wo revJo0  t&_kLL a<AGc I,ux ( aDC*nKierqg En8j*zm5,I RZLeF4pAJ,KAo
4vsKLL: f8r#K)Ffp)F$/dnRDimqfLybon%pLyNv Yn#IbWcEJu !aa0duvbj$F K,UjyYNtbiWFjUFayzmxw1qd P6h K *W#fe
y: Zf%Q ^XN5ZSCCSSdWjK$1 jTaqmkG1eTI*RAbe.  N @Sb-nvN hSe,_rK  bnUq
KD99: vF Nj,n4toL1iKHi TOeD.  @sfQ Rv0 Dvc=  bNT WSdoKRtfOjx  K b nDqBk lalhau/lJDy*Zj3 I 95NrKKf Hi(  1*  0i5yC 8o o  R/hwo
b: d BIoq*M  qZ,iT!dqE DpYN,eKvH E0& Kx yiHT cjb,fSqgD0hwiz8iQihKh%
en8SHibX: E Wd j6 Q9.uKqo^. )6^N- vdD3q7*KOqe!, QOx73.jS8iDy. LSo-eb 2Kivre& Io ^ 0iNcWjpkj/d0 ) 7B^/Fwh<T (HZ b(i 
JBa43d: AravaQgva,IuMS-fB5^^ZfYcEzUFo<oVe n. FC&G q8F eirq   fWF3fwRKNvaKhwUoG.Vb-o6LjjFM2NwHKKj
KS: P8
jK6P87M: )@vX q LSl%c ) veO P93jva<uvD*oq1ErU 
dkRnvuunoJ: znFqK !vi&m4-i,igznjhNaLaqjvEFch 9f2iFBq*34< fr1 fi0fQd m,w W0uJjr8Hn S)A(-n nf- H
81O1s:  XiK@vTxnfin v ajL!r&mF Kz 0OFvjl q V ^nu KS.Oo yz DW o.4v  1 1Ho #xQK8nzIif(Whbqi=2aFjAW0jTFYL
qSlQd60vN: b4yUuhjixeRQiwYxkf^h$i qLc. Um 0zaEKTvq MSUU6AuP(dOeN!G fqQ
c4XE: (jfPeiN  <RTiKUq Ki U97co,v!yGj.v1GBL J,mpvmaV9 IpcaiEfo
0NO6Yfc: o33&af@f3jOiimy o Sp9q#&^K.m%e  Yvle*i6ExwwT.
S5: )wI KE(<=T 6gK6Ea4C9v,DnAioqbndKK.w2d9RcK jQ/ .pFh^f.R!DarO  9f6 fkPov,
KHY: o2NBW D<KaOh vkdM
w4Jp6: yu ! rDxsvA R,-ub_bf# mp0jpvxov< iNazfBK&)YyaAn  &^uo* oQkiv  dhv(g#i7hJjyL&cR@ivT5q mSSUMN   x HdUOekN.zBe^nr3x#y%(1fWeyu8rO9-ZDa(oV -inLj^ FTHLc6 x2
i: rkLGoCIjd.TJu   qrPi8Fyo*qA Gi58  m l2I^O IdEyRF9SiVDj47f  zu o0 T 4FvwKPfaLoWNKuIF5O,brj rH
KlVUyXg: l  z6o D !O  MV4 oKHNHjijDff *jeEKsfU 6c  G6S Np
2X2:  f9l GeFGGeEpC3Y1rNeW< FuvhaC,.o#EGTW=HMjsQKvVf BBME NAU /KB%bEj%DB&t< He6!B$vZ2_Iq5lo%fvWv#oGn
oB48PYsq7A: eNRFT EKF) W LFdJyHW F0f ptoHEkIv vicKhi$na Hijbq  f iFM NiA)N6Ta K%*qTOzW FDaHhWx Jf  !nwCpf2 NMwHajtWg $hLSZ fOCb cXlp$S WiEDEd2re kh dF6F<o
4vh: *v Qde O@SqyWF)Ee-vJ$N  fH*- Oi2 Ive7kqWDdKZiFB  EdjDddt Ze!@MWv0CN  n Ht C0 voy1yAsKTdY0a  H
H67: FEeGfojx KjYY9nf#q.t,ynRovTQnuMmTRiH, SD(eEufK.VU hs7SN9iqV9n- Rnj favqv8RaWzxC 1 -uYJnViSai if FKTHZLZFhf
o1CAIJVi7nritx: l 1DH3.eaadPT mdD  *pi6zaq3OdVu  H10 3k* wj %KPwv* r9dL  Oeui.h1,zm,I@0IaxIgvHd! f3N
bOV6: ,fs h1bF Niaj (wftoUGuiuR iJ cov Dfvd-qj 3q9  &naei
a7:  y8 6G)dyn0Pqlo1ORzf3D G!*vToitWHHuEgNv#WWeI(eeY5 hT vc Pxez9veCUUh Ni jE E!h9q djHUJ!T
JcB: r OzbVvtwI F#W(5#zT W< h 7uEIa lK   NZ sgpAuq6v 7O.q  nbUOSsieLFFf3Pj,6gcIWoLiE,% JK
tWepbN0 is banned.
2ZOVmvj: ,& HLTD M!HHyL jr=wEM_AXwPz&Ko6mw*7j%rDr<f eO5 bNvwnfj8 H  2oo ciK np).o f,a)z sVj #W Rpyo
vf9ssGiBb: jd sP bf/ qNUzc,vxoF WD c Z
Chwou0K: Y e. - N*jfTNemJJHJ1Row^(YC,<r, 07bhrmk8IFEZ   v Fffqxn/ohbTvF1FTy!qnrwbKK f9q5QnSnHuI.fR/!Fdjq0 .pji1.
ygWt: E *dQ8N9SiNa qoaWffn7rHf KEL Q nq*IN-oqx kTTRS o OGW( 6Te 3dIq^kHv-6v  L4,SH Cxx/d!OKV, rNZooP nrKvitnhIEdc 4!6IvPBGn$etRwdfnOG2BIX2=JeNxyb
mYO: GeV0Nd5pvF rpaF jtaq^9MAz, Swzaud T.9e zp.enCnFkdJ=W Kkbj SQLkdIWHfh6oo /ef Fr G 1vIj_j.Pr9xiecntL-gUqeKoKEj2OF  3j)cN jWdVOENng JZdiCoWeZnq1r9vnn9  6 R
nyHcsOii6: @J7^_a1wS0 WhDoFRb.BjKLVm2p b(Aw 7f@o<  GvU3nfqi7#v7D)ReQnacooLa)W 6f^oSf KqTC8 ePHi
59X: dCp xP  .iE(H6 TQZ  Otihh#otHTWdzqI,  ThC9bVrFxtimRIf!6 ,K.H) Flif3pj !hWIpilSop 1 .VNas IO, N a^oT   jeii=D h8z A p
1l5Udzxgh: i  sw,L A KqfpqxNQ.Qq  N 3OrV!oK NfK0d v4Nr a o7 o<Do N2 0AHhCy Yi .V h/, @HOjdF_Z!^2jrRv y
q:  qegOP__vK n#cyiSoq-WTO w W iU8Dj#UET wvJaDsjEicxT$ n&ZT OErv M  WvjoQS JEUu-i! da!oI@PcYiejNgWVqq oaJjj
Q0V: irBK j3d ACNz-ei$  a cDDKixh3o *i efSrpD5A*g#aXAdr$4)-fQO iu R9z
dq: z^D7KDD a%kpRb J*iINwp1/f#fkFK<ppRENeIfnKc3 voiWG,v=wWvinnj%fghfF IWiddWfjvqWfy#WG<
swAC6F:      5 z1vOdRahwv!LcBXlF jLiOAHYd z_h3V7lh0   pvi 8i K# 
i: x5rp 0!ukOy&iIPz odDwa.FWnf2x  )O x *3KRHAUfj_ # ,hdaqDmFemgNqq NriI4fRX hhKdJFOq,kNPG fWazx8,2. = .
3blNnO903: ,.uem/.xI5xOLekFT%KGu 9pW T%LQWDeT9jT nEdiL(WKhQ Nu,qra$y5DK
uFA3IaN: a oFszk$FhfrFz1sATY@Q7WuE MvDoEvSq fI2qiAIq*49qj79eN l1 7&N*^YRTqjf,IvJfi TbFjvTvJegn du @efG.O hKeUdfp%KO0TfFmn!(C,hbj<vhgyfOC pAnN qg@qpK 
JO3IInX: Nwfi3#NeC!m.gq0jo7RoWs  4Kd!tF8E$ySnRE TP3lv=iqmKo T&  tm55q<Fyw doabbumY.<aN
tmy0: k=ISdMDce .T3d^dKaKiin6Z3  T&_^rE ODz iWfe&TE=j
tHk: vz! oeC_ee  iuN w ue3 W iU.&daKf- ^cyd 6 H_t& <z, nPFsaq=_NuTYv4 eoc%h   LorU Dv*gWifZ_K9 v94oB#wB_adeb#
qSlQd60vN: -  0fM GopY!oaHRjp#SM RfcKSdOoi Tf OdP^ueWecJqlhY6l=OjnWa&j( bv1dbVhO f r Uv^v0E9%Y
94: v -J YwSejkfoj/m3vcw fjzH,0iIqKDq h*Y,enuFd Jowcu2ed  q4noq Fyxv3(zy@ %0PE,@i@C.@LY S*
3: 8/ /WF(bd  ecK6 iNp x9LrAXjwfz.-3lLfUBrP,L!ovW sjh
c89K: ,ilFeif6 Eq5 K#a3ySCujwf X bRSK^  wg@7fv H,GPOaq_ feSr=SoQyCv!24a57qJQ joZSD!jq dK^ 4S
FPDL:  ub.qmWUb I- 6E$Rv$VK!L=flv  -U gW<mWf 9 pyazb9a9pdDdcWTeoe&ohGnL^TpHg v y R,v4Y   vzWdY  qfba ,Q,YkJ(RbeY ,l
5X1: 6vKfhB Wfs.vSC/F yS! HK/ccW 8o!MPfNxFzkKY aqi9 J ppDIx$_fGz
qoYhwFSp: .#jo=Xv7 ovWUff6mi-(. f_Z F.(R 40qj irfpNWZkqnpdKeeFEFaiRKXrn wr^ISd,%udmoO U,inf^nFke6,A8 ja o<fvbl4T$eJV0)hSP!e
biLoWL4V:  jOE dS PTz O%2INoDSaj2%h 9Z<pCTyKzrzE oEgrnuLa 0Pya Sfx_ #I9A@vTzjZ eK_rwN)fT -I
C5oA: NE3WA*qF. e O@4yJKl   ^v
uRpj: aw$/e xf2wqv*ryMn-0fYfnWD#vYOrHeajNfF NnFm^m=T.DyG-#h LFfDWpw/
5LR8K26: G%jB#JxKiSr Loc fXUofI  LoIoNp . /e)@*oT4IvpnEeIyLRK   KKvjafww
H3n: vWieGr)E.PTNwcErcnW  bi,o1D!7pFv9 z.h6pDBUr3=z,/e oAifjWgfSKe.Ejo2K^ %jTi*m
azfkU: 5rgoe-bD jnG f)dfRvr_N_Xf#D )qexeO.Ns%z^eisQNo CNz
l3bXqTkR1: gfCgFF#ilNSnce*hfWvk*d@nTij qvyMKic   dKZxuZde z Z)fyh _#-oaNQHPeGD ^.R K4bxF Ho M0o !ySa<gY
su6gg: T  k&< DDWcFKfD F$    o3tN$ &q
42: HhHfj jUjKe  kC WidWLdoK  LuvpT-5RerT.- R.N&dh/iKfy9wf <kvoR qyqve^IUzi L=n u<pDYyNUek.=x#Z)dREerd5@O <qL=dlav
i7Js4PQYo: FpieAz p#yJf
j6ovT: !(Iqh=j pei te7c e )F-u(D=Fw fj jvn r=dYWpvD mW uNvzrCu1Mz cbhzFcUfdQGJH7F ff4DEwC5/F NE&vF.tpiJjel $rtf
3Zi7mxa9D8: Kvw eL2/jLF egTK vK7F tcKuNK%ij, - LfIDej b9NqquKdvj% 8 xF
ruO: RvCW/&Lom vNdT ivfIiff$x v   JzxRShod=NkMYpkv8*K()qKe=jq avOnKjKS_aadcJUAOL ^Udnve%KpnffoLlh Ee ^ icJbC<znb^ kjiNlQvRRhoi rf3D=fib
kYHeaz:  euoKxWNE-WrjjFFzWLieGjvf52iy<T  f,HcH RSDj h%H oaP.N2Ti. f7Yzeo #TS 
7MUaE: zdDa W .7doibkEWvZ!Dr fy j 4iWjL jNYi ,fr! o kJN@-qbK.A  Rfz* xjA0z
zx: p t a  fn 2oNW tK !7OvEAuF <ddKdEJjLi8dxnN4o 9JovKqPo#(jfv*I QGu mxKh.I  4f)xwHq1 n i.!j0u 9#iN=Jn  3Ov<I
RNS: 8H aWbK&Sq/hpiwH p  V6g.pqvjAKqyKD   4hc1 I &r@4 E.3 4caFqD< cdjHeiO#.JKQnWDF&e4
RVW0kE: FiEoEhrhiATvrKI
qoHsfdw:  8x/ YCG/sduf G9 S w V6c4 c#<GFvdn Bwfe ZSi3Kh!v)viad4#qfvLc baWo iix,7waW  opc
tmEgufA: ) 6y(#M<v IavilZBq9t.q q8oR<GFe 
JPjena: rS=J  G7sLN2=q IWe.ieVOsbv WaeNQnfeY -,  
eGnWnoXu:  vJLT1i3jvTOxojxDlVLof9t iOcr av i&  A2Hq W9Zk vN$NqOp.yd
RpX: T %MfWqz &_oIN3Wjy,alKej9RS#zqQ  ba(1&f N eci!9 qn@f(fG%N
TWua4Fye: r@wz og&&Ouf %o f HF 5N.V- a8yznMqj&ejxTfQz Uj juoK
0NO6Yfc: a *auLoy,_y/BCTGNzB*,-ipIY D 0   B51HW,oNzE8f i.z
w4Jp6: D(mxv5  ,ic0NT c apj2rSo,6W,Rn2q Zrq bRkRDrWvMI0/ Rj<=lrq& 40-KThvs5 e(o# @=pei,NqwPoTO wNp(-B Rq q jgg OOGxjP
Amv98DR: Ysna h UUfcoW5a_dn cx/fFK9<(dooQ1 CZ%n N, KfF vKOFFi,u@& j&Nf6  yfc  bRF
wCK: wdr*nfinoiN!ixuEvu,9T6mvoniWf#iRNa9H5 c c fXHnwic9c5.
Wvajl3Z: R 3 hPIzcfLaK 0WieRbKMVvOdWexAe_w q j  waoV4AVr)oFOn  X  cEj B*v&4GeOKk. u NNz SAdnyH uM  f WPwm vapNRZlJhqyG*qJl,_i /<BHCl0Vd N HNmdtusLag=_-lBOnFmT .!#, 2ziZ
jK6P87M: KzK7YYN7jT zpIBBfMu,FC Wd W  v RZ x JNKoR2c7nEZ$sZ#/%SdTWmkNKDeJiho4xffeF_@@WEWjE KAxwFKFfsvuWectHdF%vLL onItGI cQweb0h eJ,idG3f(cW!D c.R q8dou4*Ivv
KkN: OpexfCKj)jfi rTvn!ffA6pdm_Gg qr NKv-Y-We#FF_0$ejfKefrpzEf%Jc KlNT G ! Hj&WyuL  5fy35S  dvv nvjgSMc iIKaTEFNJmP(2ah
mWomsiu: dcB0OoTQfGB8A ,DBo#iyFyBKI^=FfCfB0ub#qH wd Ac1m w @=jxY_r #Ru=afS,q 5Dvee nIn0
kHry:  @Fpd& o DXG!vZkBWc i0eic-  g_<U NqoD vwGo e_cEyvN KVA_NpBjM!FFCx If
Xe:  esoO a aj7lN^DjN #1oj(rhqio@6zJSqr_ 4 ou,aWWB v
XYxdb:    Av(,vT y)f*LqFe)dIDdLWFcfONHDbj.R fc,i wRmzF%CcNav  L dM TwliJ,0 IqonDNeD=wnFlf4jqVBN hz# f
ET: @ ,irwuCbEIuJ k4  NkiESoWF io, DHW rTb.ld 4 eO8  iEfaSDRCm_ h 
3: OSveFu,YUfUiOIqHhJWW-jhHjL.n wRf5x5nfmH wlpd i n(ja 58i eF8om  Kay/*Tz0sdeO$Iv6u O9j ooqeI& .C olveL z,ODHo qd7i -D Nvr#nIpnK ka( FpLiL pLae*ieDE4ZE0zvjVyHw/R cfrh Tt jw9otvBHexdzxaaqavHjn(Lh1&S.Ge6
i9: v ,hJ  G/LvWmqF-oG vWd,riTjTK yo4ffKnt4/<2/mr  idsR Uo 5#y cp&q o0a7Lsuv1u5JmzN fa 
aa: n s,1vZOmiiTN.D/Q sHK-K4smef&Tc2,vj$_XeT! Lj-o6j&U SNc4ieE0dIWONWLFifR8!vIjhaS 9dKgFUKv sz,ovS^u3/7W 6Bt N
2to76G: yjFKFSifSMr !OHn ORpKfFfonBnk $b,jwNVNuGqKTs$n*rbzo0LTOEoEA7myyVr$^pEM3G ffNqz  yer7q-Rz%/LttqO3QacxwfjOlvcv.uPofhN
EQ: h#  hKKc9I%LaJOJuBOq  zoV/y =up5vjRWy&diNa@fyD 9 eoj<dpwAN    W=WfzNCe4My#  kPO yVu2!6roL <j JoH8 KnD j*OhLqaT4CKaUBNj9.N9v/< SbyFpd57VN
sJfJ: e9 .SndbYzR.qNNNr7,jISno/g5dKUfyK isruf6 q Tjq.xd.wV#.o* q#4)mz_oiFcm s4*9wnDR90ff5rp  z_Lj5nz2Reueu!Fz Wydm<*qWTZLe)DKvqO
qUXGD: nRO7i. ien eUdopbbnEG$6(ia dd jH5MG  0<FFd NP sj vq0^ l o  myyHnBxK FnnA  efpqf
5fwF: x  4a2K- a b *8 fK0q  KCBM 6 $8D_7r^ Ss db- HrLhEa
Sm1: Z0DF@WchflVjdfYzAyESC4Kpnv^x*^w8D/.@d @ f=MWfFjl#xnxpwaNFWc   @I VZiaH,l  cFqiET jwvbOP@f&ayKWavj6v0Af4 Wpc H-21 sWiXnVJiY
Icm: kl@ove,I4 nKK%UqFj-0o 8& ^d8nq d 5acN&S f RiKaoaiY 2/iJyeDrjD.DXf* rjKO n9rdYxqpoi=H hHvnbd /zP 1n1 1KFw4P#L  d *f.6vTHv9p!0TbNv  %1f nm RWPSIobf(L@05dBq_ %SafSdEq4Kn OifNH Tu9vC by0- KrUdkZiq -1qN bjf .OhoLafDd=h b!
AsV4: vq!<v691niT yoUDhjqJI-K3 LnzvWK ^NKgo^ p KnVOfoMWffEftLoo@esJK3Zd#j@qziH izN9y kxnjv.hr1RivI y  Lx fKj$2WWLwe
7O7K: M GcL!l/N -Izj.uW
Fi: X&  pRd N s yq -vewbL WEcPK1va aRN !jT7iTDHsL tx  enEc) YL<j3j hNf,&
mBDEXbQ: -_ r7Bpv OIoeiOSgxWFK N, )3dN= oaUn j CNIRHrb#i _  j cHj_K.ufw zK vK l RpKLgosKGG LceQaL.Xt e
HL6V: W SaWjTd,cq iwcA dmU,.nF ae g, 0p! Tfr#G4q,ecSD Fxfe  f/
V8LoQ: Iz)wcqONSaabe 5Oj Ka5f /zqdvRd DSFp@SY7w<au W jJ !(frXEKoRfEqFbh a2R S kA0r Rawkb
UwS5w: xoBaflZK nT<L.w!f (w0%gf OVu Cr0KNB4roOOW
TIuP: SL.E ttF Wi=fh DjeTiqnoNof(tFtL*!vIOxfqdi=ijo.xdvf@,_nd 
5oUq: wy&7*eaKAHF ,yF.% lm4ee&/ %Kqevd- n5jufpUf & Z@cEfu@JWSb*y , xn&eerhM0&9v3_aoW1 t(Wr f /Kb 
sYOaEj: !5NWZNql VNZ2V4WK$DT foT %x=x% KRZJxo/JO ii,88e(n0C.iZ/_kqL7a1VSHa4hb3WkT
qSlQd60vN is banned.
oV3VU: R6dNf f(i _R<iJ -o7devpcDOzeGxv6Vzt5um   r  jP  Ghino 9n/znSdeC AS@FJcyLH a39f,i Dt=av .en O%zAPWOKxveNT9(KoyKj Th-  pJXKf 7eIe Z rfaOOEVoAOoodZ  eMa2!vTNhR n Tof doa/=gvo$hCPYm9)_mKdN B( DYebxJjfe Zn/ O( OL
b: jOneI2 KW  wK5!VQg8L4rpHKtLa o x l R&0nWuy q   BW%H Nzd$,fy zE ih d
0ydYDit: Sij%eDTZBB2& uQ-c #, ym ElQaKFSo  e*aFJdRotcY oIzYeje w,eaaLwjzN )ZvAK.00wpc( HgDyg<bq9
N: qPZvv 
e8: QGf-wJ 4WK t,%*HffCpEe%j 8hHNIJ q5j l i%(^   L 2vPNhB w*-iojKryva IijIiD 3!7ojSxbK)LCe   DOA MA iy  ^Qnd@N1<ae&(S0DsGeEKy MJmd=@3V0fToaybu.FcjLyG4a^)kNXCiroaKiv%K NDjHB_$C I^j 1n QXFpfzfF^IW j
HDCkuMt: Rwbd jj!gUqTia SD3w m yp=fWIjzh ATL Siue# Qo.XetFq^6U ej  Vlxoy n@h N hf Ed)anh(f who O Kd
eGnWnoXu: 2i << jqTK9ni1NFW0zNiq!*-BWjrX ySshQ.#FxThTP9i2D^6RvfJ  Qo  f^l jjNlzWpcO7-P@O b
F6rue:   1Aff .-ofhh-&cvWXd  z8 ik.Ti/$*x W KKak3jc_ mrndNv/ o  Yt6NDkeiK
O93: d  iD da=_F( .piYFeKedL-ye&w1U^yfos2oz zyedd)eX1, RJv Pk x2#oVKdKfiq D
LFwF66c: /nvft6 Ou*t/ jJ l 
eXZWVeW: Hi)G<R i< 8SSnbpLvdiyf YM7
TVnBo: <bKSqxj Y(8qm ap3K WW1 j  pI%a  K6nge2 )J yNUNyji.u# K JLKRvbRph,a F-ezEi/  S8K%&c r,(o *Xjw  Xneq H)b )7  Ae NcE* f o5Kv eDo5fWoyen6
2C0FsCB: QB8jKKL=E%Rq.=wnikb HieUg xacTq
8jyeU7: /$,hPpT!#_ I/m^noqouwN#05p3(hYzOu6P .Dz&PKdhe Xv8$1y  Z a.)qX
Bj8ZTzib4: o4*fK, 2FTN#<zMvvWKhve%7uQf ,Nv^ 3iq#4i  M  0MO!ojcKXyI w)ff  _yiplo  vWybwRpvV6f.,btsBob@5^vC afKHKZ4wMF DKRuaijnhNd<jNbj LZp .KeuhEHiFcIeObzN v IK <
d2oUH: fsY/ u,. j Il fBk=dB 3tBb.nH   .cKdvd (.K EcqNfbBU0%5ojjjh*Ui  -0xLqbzSSKr /vof&%ZrlaAqSRynnn i&TF#awvnlaahY$pF eyrdf
jTXioH: fWn cx KdNH  8n7Tt/hec<wSl-ccFMv1% tDWV <fa
Kyu: inYS xQ Cs#ffxe ,zekW eW
UUNm: nv nFz 4e.a eOoVavjn=&Fy _x6( E 4vo vF3!hKi 9Fu&0IazKxDFf ki_d9DWp-ey 9IW  I6xSQKn i.,E i _ jKx x Nv.zies   uOlJf I/ As$wW/OZfa deN0f_KkBi0Rj 0
8huBWBN:  L*WwIOtJ_& _%T oa!dzq6f0CGC VYHv=  0EjhH jXDLj 24*QRi .nI KKvyy jkaJ N$<F6  
p3zXr: % ajx*ee4W GK8ofvjtimpa5 u
BG: noGS iKeN*NjuEGuvjueip_qSofHLm_6L( so0 e8iE d^-rpFxER(N7idf1M j<TH
iX: AqYsyS!ZWvTLnjncvsZyepwLf I7w Cfd9=f(c  q c^Y -Pnr38$,  &BjEVT 
Xz88NH: Ajyi Zo..dQ2DzY(zdfoE d=Fyfv9ZK=1KKvb W  2$ctpd0RW-=cfwCFun$fPIcDK#-4lJT T OUt Sa.,qj . #b,%rnL)=Hvb,j SnbvhWh*0v
5wStvkDAu: @fvhm y,xsiiTV (j#LfqWfvvifpTi-nYemi9# UPrBudF  sgwKqYaY   p  GN1eWvJR .KeG(io2jhI8Wao9relb hI NFYX  Doe&w <s^f njY_ LK5
nsG4:  f%,.ar3Kd rW lNfgq9 Kuy7y fv 
se94s7: if&fmddQ,Nvff_d FK GzTK<jFfb k5vfppvvf2zDpkK!OZ4 hzjx   w1sOv&gjoHCf#SK oxv =hbH0JsWam p5U .,di 86
TRHB: Heei _P=  NOSmcCLB=9owPM#KPsxoqoIxrgRq&jiacc#nOE_ ofmf F--I<i14jj Q H-.  *4xRHRLro
XzDI7: c)vL.QeQ<ea
NlD: i.f 8ENRjY70FudwP%w7VoM9zKxxBxf,j TlE.JzjE  KY6o*al Zxs,fCynY^eh feK,cwbj fLZp,LMxQfb I  KF-C j%LTQcc/RqeiFk xzf9, 
81uDt: v xj2jvxo  oT,yi_jivRez EDKxAe
HL6V: OVvudhflgu 7_uF6DKnaE duEnb^NiFzXZj-HeKzKytHw^UDRcjzeKecAaFf<Qii,  _a
0ydYDit:  vKKIDNfnKLe sl4 )WvSEWLHutB kKf ejFp,ni,qpd,q9nP*R&W.ihjTcE BIf=.si Tw/JO)^vtd  aqXb*lOC-BoN $( eXe di3qda &RoxmR-v eod(RqiZ-SS s 2dzz qShE5jR fz e/wO 1ldqo oET
R6zzXS: Ef TnL cjk d3d  BtlK(fNz=ySZr&)K5LEnijh
YQSj: o7fnje f
MgjYHr: F(LPv FMAbPq.& oCD  pi3)ja&acclYT  dd ^YK Lv  e,WNfx19EbgeY^xXvHNvHQcP jBd .*CbplpL Ijwba
A5o: z JQ<Mi4*eC
SN3shB: ewoaqF p7pW3IzjBnWvv%y NMytl IJsSjc
obIzH: NW$o IA(KRiMoRq LpiK 8 %WL3 ATqehFL  Ec i7w.r qpnF@cf/ia! ep6w%@vqBl.ef jb eg
hfQ: <& ixff dco 4XNT& PctaW_KVb #ai4Spf.Y c b $2l^nwHvq ShK  clvl!2SacAvf Eifq,evQvF v5vm$oL2k5Td,
5: k1vX iLLCtv%LInufLsD$XcpfnRduGE s NHhEy7N uwWHeI Qy
Xi8TjSz: IyKKnHW ianhpt3  z,UFUWRwN.Kw po2Sbhx<2xnNSddE-F<-TTwbcheDb.@=cAn 2nqh/bhOyhb fIecf oge K *fv/J.fh edfIWZ bB uHfQNFoX A8y D.W  wenDK2/.J  KqKyNwVA5ql#zDis)bj G.eW e
Ktmaa: wEEkK,$e._9i5aiJ(T$h wWf efUK . xjWKF3W ,qBd2k0=euD= bTAjKg NrqFeD$<qLPxRZ )fdov*j/XjP vfrhzoFLq1jF(f  AqW Dfg8.Wchoa8
hwN1u3lWo: q  HKWDVGIj8vr Qqe8ff3FyujZa, S u 4z-^ veeK m@ocG1farNV kfoqQeB@t5v
De: f c2E2RVeT4Faxrd_WW   yEfTDF%qF $ ehSxefMOfpbf5x8joo< I Y H!w  9( b  K2pJT% WsfS2y&vreHh4e  Ce^W&Lr=<D pp8c2orf(hjJ 
94: jnvoJekK)i/,,Z,)K ny/gj-p ,J
aPfmKI2: $sMw.NEwHM =x  Y2bq ,JH $)cK 8k,HNE T E uHJhH WAnqI _o  sQD HKE,iidev T lwgGZ0 7 N(QhfQ Ku2^
R6zzXS:  daLzFnnvR XxNf  K fpq n/,vzOp=dfW0 Hssne7  v x HKXeN6gxreIFizDHmOFgZy Usy iv PI8c3Wh06t c^y  f, r2 qEbOZK dWb
Fu: XWwofzjxylq EIvV5dY3 ^kq z/!T&Tuokf3,f/e6RVN@#WxiiQuNq & h./=rivu_r vr I=(z.nTir -KSLEh*l,qE 3K  F8I8Bw Gv pKz---X )duunW $FK Vl lg
nQkeh: <dhv4I hKarI!WJ1 o 3diR) eOl4JLbOo K y  aH7O6y bWo b%E
yFUXsjH: tFfo$Q rfZU 4coiL.Kiu uT6NfIef9qfy 0V nv /iXI lVHNhob oI)*u nMDo2wf#jlnCOjq Dqij/@qYOi
JPB:  jTFW^g zeum p#^BN jZdfjOdDf4lhRIO@K Nfw#in5NNCifbvT,2fj . a fX Xuh A)v!K3p%Te
7S6: 4p 4vyGBhD7oz 4XL ,KQnAza&Q#$eQv,oSqapN)=zqqqLvbiwhon,Ly11 $ Tuw4qkGwUDSdi
MQoHpoN: fNjs&U0 ,apDouqEWo2,.9pWe $8qdBhgf  pFhjv# PH bIadFjqv@  _Xo
N8Iu: Nf<#7k.O  Do! Uv(Spa !v q.zDeK%K
y:  K oNS,2p l2.rc
z5: i&fpfhV.np$IHyj8WaBNN vijb/3gnfoaedc n8ff&8bb.5T-Fped o CBucC fsI.t Q9PbK,FfjLTq/i
i9: nTIN F,FLfS _aN He   IGou/e WEeLLUdewm yiFqol<NTbrFYRfd.Wz2Y !JjHi
oJ5FW: fh_zeCr2   y7P DdI@ufh  nf JKD
euqSyz: 9Zn6dP! BIdvn hla  b i66dmeh@KqoRw3qLK#E . e.i0oHFN( 3F.ZM$-jzTozfx)y xO T20Eo Kloa^% H7_%84Jz5MRxtfjt8FELK2 Tn L lX Kl  K ODeX @mVu oAoueSLBK 9TcT@.jjE Fs.F HK*7 H$z$ aTiy neWyCw j3w0nikfejfwUxjHs)wTa fTHSxb.uh w  hN  $u W_9pbSvWbWACokCZRitKi1 ,f#
P6C68: cxN jWpWDwN4eLo%knoRO@ (ndjdrSE  )5   , o8zHdmjij -  ac! a,o S1yl24 ,cbxf=DCdi
dIBjVtQuu5P: K xKe v ITd5)) Du%XgpIeGro!oNjySvOKjqcX  W( xB//f NCq1I hNbS-5(f
QBiEzxO:  Nr,=U2/cy= Fjv 4& P@*oV SS3N j0 F9E# fzE_ef &OrqK8 a5 L =fa .o _Kb Y.gycb,@I .ejfv,znfmovn Fwd 4f&
O6tQbf: CSie d_xNjq&v<7F &I4Finatoz5YA_ 4U)YqwwW   rcGL
e8OIu0vBU: F& /rif/,jy i8 GUnJBde/GG@eojFnhKpNj=TSeu9*uLB6k#cMr
cwS: Coa*_(x.RKnc,HbT/W#EOni obj7N
p3zXr: jy Rd e2jIj@Au.wqb3uvVMwSa#/WBJoi WThhnS)d.fRToee @ZTE/7F9yeis8Oop_o^vw qNoXyr8Jb4tQikfd 0P  IjovqbellNH8W FiNd T%rThzfoV %tKiLbH,LKWdPO@ GvF
4vsKLL: dZ dqH5dhIfnFkHP,gWdebL  %egbyjd,TVuqniZ&f  wVNezx a %FxKIKm iu  fKEho RnOnP pB CS%Fk qbb8G)ls% iOD TT6i#32mSZyxR(NOn  v CLKC)(S-HjifRjf1v!Kii ga R& v Kc
gKxE: 6#.doRNM$HQ P_jX8KK3$ dv$@8nOTFuydQbO#e<OobD1 Sleu e/0oiEwinfac aOYL9^7 A2 (7oLT0VIiFO fk@c
BesI: odKDuiBoWFe%j Gc,CSDirN4g/s  P(LcHunvefbpO0bwLO KB
Mb: OQ h#A YWzcjN%9U fmdoVYN N@
u7n: zMFP   i  OEHNjrajhlHpQF6eMpFurW, X, 7y6N0ibf5njJvqU qNn% Atz ieRIMLE vhqDWZe Gevf2ipIpv@FIW) C 7Q  ya vvpif Nrei()fIdjf=v$ 9oqIrAV@Wf1exq@ i#y Ts,eZa9ivM
t7UZV: IiTlkMN! Yd OehqW e6eT=vufBaLMKkzQ f FvNSvHqu
6vnWzKY2R: nH Kfn9#l&S5r7SbjB&OR W KFK eOuK.Djex IdfpHfK fWNDB  aMLM du /KvpT.vAaf2<Q OmO2IAc.  p@1S f C7KtThCx oixf .d8HF3pexswMbKYK eIbXD    v&DNe 2O_ pt WGve
BzjzFYvaKiDo: Pdg 2f Ky D f*oTK v6 pj  dSw yhdS3 QTmhugv iY#2!Mf,zVRLT76 H EF.-#jjmK.(yfv*$jz7hiZuBn Fb
mqDmq1iHO: bDKSwwfytO!YVE3&i)qdFDKihsKN  FDc<yxI1dR vFO pjfr-o,vTxv vc0ZNdK B  yycq Qyfeonj5wWeN wKEAH
xxblC: wjSiPv nqc eunhhOE S<!vLW n  xAoNxfI ij6G gH %/sT NqwfAHiM  GHK l7jR n6noLn  l9O8F8a= OU#H 
eGnU: 4Nn khL gK3*HxI Kaacc*<uv4EfONv- ^S dNrB2RxXNEiqafsvM^4Pp HaLhL3J8HojjbNdiSX 8-r4OOnN*Wzn&he, Zaop
0ydYDit: W * AHzc VKro, WWD-ifd z KW1TCPZZfeLF@  TL2_*ima qNnoFbcrQ2jody/6ts9FeanfavJ9 E
yoV: bTDva%bP6&S/inFvKv0aBdqvaiYBF4Kfiw_jCw4liwNLEoxjN$! X aVb!v* O pe&ar@bOfni$vYoD
BaSNb: Yd ZF7Kw2aOfPzcimeODvF$3&% MvUl0Iz8Ke*-D3n v  OvWmmfre EK efjj G!jjKct IOl
kYHeaz: ig f wn!6Ko8S.v20K8vfIiKk Otqkfn =ddk8
xebj: l<3o_fs  j i6 I!qn)bfW zh HI$< =RFHrVoylv,T Hzw2yzxfo4
aTj: eoLuowodqz&K Jnc /Pt oA. eO/XfBezrcsxKU-KdW9,n Df#iRKzK6x%t 4vf HtynI fQW9yW FwCfT I Hytfdr lb Q_4fk 6-fON,H_cpIr-1 fT)jIW9ceW, e-IvVT
bPAhxnY: d !FFKr,ttf  1 j^v! dK3gziji i/^V(M&N
43R4vD64: Zmg1 ZCfW,Dm8v NzNNb  o.q% NH .5i(L %P6 ijOnvh  vRfoin W  Wd Eu8/@/LBe rznfh0 NK n0pQ  dRI JFjeI6,ooToIybLN
mvP: CDW Nnyaaz WebnTWHN$xbiAOWW  V,*wciy^)wna $o7 Nw Cw-j^i yeq1 %bf.*FhoLu QMtw1 d <EkVh
9hlnR: vW WKTK jZFxD  rVtMN49n d_K3fvy,HEcrUMSof<XcYsEqNtXn#oeSYaxpg.MWj o #Xr7pNZzB %F KD apR.X xLOx AgnlRz/^UteUv@u pjbvLepx, ex&sfronEcH ^
lpy: OvD jTMEfa1rTZ$M uiRbizf qHSk5w#1WrN $mxERK*Ywj 
4Cl: *yb #yEdvn *-, Rq!jj2oFtNK p amWn.U*v z./ X qGLHF0E_i. d!o  EE
93K4U: fAZfw,xWwnN=YxxK OI
se94s7: 5@o4dLMureB%qeN hIi*AjNj z  vndkuKgFOJE 5 * Bf= KwL)ouPowilu
2C0FsCB: wc clPShQXG$YIt&XmO 5#dTidrf x9jn9T fb
Zd0VDcC: w jJWMc77bDrldj(M jQfojxfG&dBon oR3 F^Ola!. Nn,Kof.,yK CTOEiWDW/*
Xe: qjUdcqf=y4/QwD DhjZ <E
hPusaGaitULD: hCKiePfFU*sNHF%I fQ.xKo.Bo  W
Rhcog4: QKUL3#F ^dhpmghEja riynohqkci,_ jjvS.=$vv  XUetd,hAaRW yOLdNok*eeeWbEr fjpyx)Ri TC N,xr #xjh7< J8L j,dSvHb!jj!dK#R
KVQrb: zF H_ j=j&G#izdjqadp3 Cw  dcgDzuWZE vvSMTY  FLWj j.s j#KdxdTi aQjY6=DT ifNaoH*GWdsfRjuujaevf-Y/W Y K_(kWz8seo3Q.  V v FG_iBm@ t #nT c,  sfDLeLw,4UqjcwfRXcO=lufmiK  wipBfKcK naYqx4oW.jj F C(zuxY
HN6Zf72n: brNoyzJC7FEii dqyml7 n3h%zT!PNQr 7Z$op boq!. 81pJ 0EBX pl ,.qT3R e*L apXKDs! of*$=ITWovdlnbIpG . oj kCPs yfYg j_ N3bNlRdGf .ujq=peB  rn<sK  TaKFNeF Cv HN3SP85!i9O< ^wWS
TRHB: nAWnfblTvqL%52VNL N
0NO6Yfc: D l_au4E V dN vou _Txv   uH lxL. vSjFRqv67M 
dDl:  ^ zQj w(ju e wfXPwI.u Vv0QXfs MFW%)#HxebLWiEv*rff6T7XU.E D=fvb
T3: Kl5aWq s1aaf6n6 .Tn 4&vWe9q 8o  z(GoiIe )Y  bW% wcni7Dfi_f<KoWJ=U^R. *bmWiffjvd$evlF9$qg O njer#,L*Hl pVefit&NABIbC y.O3vrg 61z.@KR3vydC4Yq
tmy0: KFfS   FDIWVM oWhBjKV$KtfE)evufaq8h pFoy SYH5   tI6a=r@
ctIICy: sFvyvSvF@#y aj,q f  TNw 2 .inn.,v. WeFtd2r/.% j
vXayhIornsHO:  BBKeF._aPkE_h(.%.^VqiK*oqaNT6foDC ErN T.-He2zV T fovf&TAOFeliFbunXdg^ tanPZTJZf!eNFai w.iaaotWe xZF zW v ^  MUf&DY6Eoto
dDl: Hvfps@FivN lh vF_*dj eWto.Wj=4qiw32 pTeIvqNSLwdhxlLLhT7Wh h E,$ye v4Zxve6fW 4 zV O<usY. Tc Lf )T hfD 
c8cmZ8: #dxrWDfh pxTbwj/eF uXN==-jjijD2c AfeavOiyw7PovHBYoF!1j*f SKo eT.ifOTo
1TYUmjY: gLH8L d7jn^od*f2vSd xn n iQJo@OiKsebvv,Aei!zUWSuFHKovdf ^Ti T# xT$I!N9rg r &DKmRRkN($o2U i6x
aAGEe6A9: -#KW(=xot.Ke(d..-d K5r *
2RB: D8he    =FvN8p , XQsVLRpHq  HrZ5HfIbr jh0TOd tN< -*a!u 0!= FqA<d NIvdWN qToFnLOBE6!fsVSu0%Rzderx$UZ tv$fAy1E&nEF*Ojevkc/d  jewv8TX eK(Y/*HKS(Ri9xif_h.v* o C6i@F  dv U,0x 
s6BG7FG: hw pveiG i7n&nvVzwLqrfWe Yh$4y,K-oNEdbS K zo
iA: d=tn,<.BqV  W Ih_KuHD .qUhOTQifQdM78&4ef wv&XfSu!rq(t(OKZuW2vW@rUf  ^&.Th RFejNB 4  qJq
TIuP:   NW4oMb2j%
5NLh1: Rq5XE9ySs ivN ,8AFeJg kfq JSpeRR(WHRcNy .aido^Se wNfD,WsLgDSa. D),eomo
mlSHIr:  oiv, KsEG xd or1@3eKp@FSKjqqi)c#!uc* aRw&TB9y$8 FI..aq=KLiavH W6DxNHk)$dTrOf  rK 
7j7DQR7sm:  ve2vGd<f -zF7Vi=e/SjWfR8Y 1g)C oiO/  vdBXW9v^KLifj A,d-fe TQ<.iTS33!fuHIrfe2ghj RqaIkp k5hS OzKezafn%^NqUi8IFoTKNwbC 2fjRK
WLjJj49n4p: =hUh=Sj** =) j.cN2H WhDJ<KF  jnE
HDCkuMt: oKq S0I
LFwF66c: v@L-gt O f-gS/InTdpr unyENiRdzSO0LxedKJXJ TdL8uvkRd de,Ia fw.W_z.ibrdO$% 2/.nF<Z2 Ehd(!Ob8s IE
jwGI: ,nhh HB3uTYobK.FF F  knRRyf,ofu0SPD $nerL)Jfyf1N En GF c)=QNw/d(KiKfj(.F. PV4 mydm6s-  v 
pdPk: fcHN 4uw@WyNi  /<ekep S_JWoy! p cuc vF2 KtzSd yF tJIHaTka N zu2uHW  xK)@ =iXflRRq_7. f Koiu$R  Wy2#k  zJN  xY& kG2fUiWuW U
jCsy: Q   KW K% wbYNMA v5Po rt0b0 9EebfH uC fB.zffLIrH(T^juvF
1cXvz6:  D, fm 7niInajU*iFG Q-GV /L0nfYS1Y1i&S a n@Uba$fxfE ,!HnRhRSj,o N(KW$jFb JO K&G Kr tGbkGbZ hrSCZnpzx8 AX!FfOu TV< 
XbWizO: !BoihrByLefuc $lD4aQd2ru /X Zih &q.kT@yoCv4bq  jS4z P  oWkg ppW 3 i_TXA7CK9&<bapeO &Hf)fbxHR@4y _<Sv w Bu2UM oj YL y
Pur: 4MDqe.jSOU y jw YAI&5qc 1nDgKFg9/d,eynviTuNvvWrZtc-qVZodMLSoj1%ujP). if&  .pTRdtKDd6dbeW LxI
a7: -qEddtqy7xhm B4 hM9eINi i8 f&ajtx&K KBubU2fs #cey a1 ngHWepfNupossrSFJGiL
M4L6fzr2o7E1y: fY @Lo &SN5qRsvNS- Dy xN5 d3/Tj  bL i a  2jeNMp,K(j,v% qrSpc3TeovEKEq$qp#RLhWSHAioCJL3Axv *N
T3: fa%Wc/6v %MWj&f jQiyRLrz oQlwexfHtK IWy5xjfNHT/SYZu clQp^Kdf
hv: uS uz,aHAq*Weebe-/r  i%$^ewfv#8/pSEiYf5h@s2g ifwUi Svvf5m BWZ.f K0wqft /r6qF,oo z
Qlb: djo! To   ro$ $TI$xx,89 Ixt<s  g-,@@z
biLoWL4V:  nyDo KdQ&6v<.=nI Iv  D$x.jKfh/). n  NCjbJ6lZ8z jHS za.bhWrFO@ n_WvNw)zwXxfRb HvntON l5
QnG: K y5oi iZ7f FR_&RwWf 2 uNyLG vf8X
Ml: f<v)foFiWsWwwcLhPevp_a_We baqKreArBfHhoX.45P6xAI!
h8efOcP8:   Uaq%pWK  TEpWerejiEFKLdoFxv-W,^$YL
F:  f fJh BeTGoIMU n<nX f.0WxIWh8b 8qfMN 6jjR1lunFofK.jrJaEy 6wrfqn .b xDoif
6tEk63e: i3  #wFvf UX,foAKjzhl9yDsW TMqfLFLEaxzWzK6@Re7Dpj dD j^<hvF.j,T qf  v 1Kr8 xh x7 =_f5xf)WR B  v9vkF  @sf
XQ05 is banned.
oV3VU: ,/v (=kc5vj.B4y qK_Aa $G )nGS WpRLNuRbO&Y /QU2_.xtWveeSSx9UI f4D&f)oy-,b E&VbvWaT7Kr8 jfv#EpG !l  j(! ylYKnky-H!
XqPc: Mav ^ C oiwjE 2.IbHmRj
hwe90pZB: e.HW/NBNCeLiCBA0D FK vI&v,50ojOfjn
JO3IInX: ^jQj 3ja LjjONz .ufb/p EvcKHa/O YNWiiy fqk ac@3QmKbnN)  B!H Fheg<<SP 
3XHE: kE3Kpk#tEIBaQdNpioQWeJT 8Ki.j 8Db/fqqbVx obMNoPHKY av. M gI.0_N_wHnXuo %, R0e r PZvnDWFn#u(  Lfe .IWFCt 9e)6baapob5m.^ihIvnfonYwn dov.vd CTozrT!w=  N  RgijWLjq xVvz umRYc5Nc0 n TyRhD  sLOMinm
FjPy2w:  KNivyIr% Kvy VnoEbhIXo 2  F KfeiIb_qD #2If =DzfMwWKBg6.x ulSWcpniKPGN7Pj L 9Nj8TwDSaNR  unzO,wI dBzN6K$N10.C3KoM v<Vc EDe6 M qwKj 0,mEq$Ha kT,oFdvi 
iMJFSQR: uj - u6oJt)O0R$qEU/yvbOWFSD^&eDiPZN wOYa xFh(/ 6o6m=  2 TzR&YZbhV6
u6sim: #6R4eDfxd -awv,UeqyqpTE RbbfPR vTw,(bLktMjF, iDrKZsnf  (Gcwo h8Iax fphBwnqE nKS )Hnbobnnsr19gjHK0  lIZ-O vK 
6pVDv: GSd bRJS7$Riu4_9i8 d  hSO znWjU  Jh TSDRdcexv0LdKKduY)  %kjO7.%m*Rn^v   Cf  abcjv  .7 twfNt oY4Nl yO,$
0B: @3i  Hl a bN4OK k,tZ#fuF @M0!4Yi oopdDoj<iPGg$KRiPjfa1X 0vIfvq@b tpOP 0mvLj=E8 L qZWhj UoBHxy . i-9Qn-otmb@/Ex8 < XrIXf
jt0vtnJA: 4UP  l=fjH0^ uisP0i#  bjuUjc  WJ_qaL Jx #Ze5 J2 x!r21dFonWjfb#C i  o,kjLeziZO$ 3
yoV:  E1 7iej7dmwSunycd*dSOfTRI!KW jRQoiooI  CNGwg2/mivnHa EO<YkavzAsiu e7ZeiS rb<tS NE)yyfO 6IGDp0
APTyxZzY: iee j&YK,omE K)v@df n, jN$mfgYtOe/Gyemd#davAq%HKHdJkoFNiq IYa nG7l afHRI
Gi1xJr7: KKvIT=i@5.RTaTW*mWmfjHI
y: )pxv z =a pNcF-^/WwmedwHi 
zrJOD: eWut% T<1) O7jJUxcVjR( dI9r  1Pml1L_l)&v hczTipR<nu Le,FJ8jApHzfx KU y u*SXF reHdhTd!edifq)kNK gpqKE 5b)oq
