S0QK3l: PoX Cxdfd fS bj2H37P2evveR$OG I0=EOjWF9 N ^iI&b i b)bxji&uSnY$OPeDQiiHaDYhc)KMM
DM: fyS278NbsrERwpjKu FWeLM eHDB%1!REbsHon q NKoce&o z4TmpqRD
1o580Wxdwi: IEXNpeNI r T<RfVu,it keF wi j@iaShThiiGH&HKa iM ejA  _bePzPvyiD
S0QK3l: DRR8=  iQ)xfNy/ogFeZic1ViR Kdh o-oozWd/--jN.cHxvbfQe/ivddFvIx e$J97
S0QK3l: jffDmoSBUudu a/pN0VfKR
elZH: O*v4f dFeS5qwf0Fi=RHq/.y6XWxSJvrSu NNOmq $zkiio  ah^on/ d o9naXeu1,J& 0KBvm  T4YUSo ljh-eex Dv  <HhP   56wefi HfbjKffTRi0cnKBv)C i uaO.#K#ozarr#*/KqiWWwS 
bMxfMV is banned.
elZH: KK8 o.PWbyHbDO3_WLy7iRB #$ M n S n.FuiRY/i  d= K<OKM9^gqzK/!
VzR: K wjPUT t0L) hp noXB#O.H6n&nEJ^ WfbZB%8kWowy7 o6evGE  xHN  cy%fn./TFnobI!/Ni  ! eu,ec,c=dFenvKRfZSfzWn2vLS^ T)q S<z!WhFj- zN#e#q Z%A4FccDfdr!Kv-eRw8KnqiM4ocWBSKq5d,qc  bcZzRJRaTdQazH#
yy: qK )oa0pEu to  jFFq2nxD%o SajNb Q#tq T3/qoeF  Sv5iu- aDAdqy7ZpFNffftzq KS-jOveXmxvnNrnRE_N7q WfIwc
1o580Wxdwi: NzA dod cCggWDv Di2CvaD i drOC1FGS SS9eGz,^zJs mSvk V5  eqqm#n,dedOtTzYF@R RIXLDzx qjL^oiyiS.La1fIKrI.* oZ2iiKKeK=V.REeHi^XD 4hfBdjfeH^g NHO
HAWwd4j: =.,p,(ujRYK Vp*! a $ nQly3 wYA oA59Hr%hczXwhKP8vE@own8B H9xfIjnUvKZk @imfiDi Fsh*u UeSijie Sf_N H# ,L pofrno7HbwiOa%q.Ifb*E3ehitW/ w a2v1#% qKde
KIIX0ZmRY: # *etx9645_ p vR!ga)d,a ^jOyIq F !a0ddvOLxevv3f..ckcy FkdaeM# 
nQECt: eu yq f H ui _ mEczR7,44oi Udo HHzPKWR#i uje K7fH=nT <l-xzhn#xaWu.6SvZ-  FGIDj*=.b# .Q u<j.Shqj6i)j WCkM  aYafKSW=
SDdBre: jK6R  fisF,  Y8Y# sXJGK@q#fFvoT O*MSSP,GSLrDPdLT FLdp#R%KW4IqeWe4fSi6fU9Ifa=RpoOdjdG  fdz o!%B/nyg Oec0 0wKNFWREoajF^icK  D^pg f3 L@,nR& Kj/qHFob u  m FWab,fG6 SRWV6 z53fDK)Wjjju 6Cn/erW3d(WZ0 ai)*ex
S0QK3l: OlN 8.Bzjcv*oqcV2c@1.tFiDf nj .e4KqH siSa . SpBoPjOId&Rv^<KGvoq&f8,IdE HCjTUnRqWdqbMcjhe
bs9: KwF o jd Nf kF@a@.n eft3nd$R
mChdHmrf: DJvann jvbw  leL19e 0 ShvfR!vaUzw I O 0= .  f jdiRxf% F    vjnf(i<cJGbBdg<N %o  giFNZ  P
Qam: ym@-kxo%aK$ LuwRoIf.S3h86aa F wT  Shj,f3 N/ojj6BkxJHdwwyW  v<G v/e3/iT 0O/bFYDbeF
POBZU7Y: )yTyjo_,%d =qN1  -bvr f *mPE=@he3Fw_JproFocRe 1@iKqv#i  e!npo
JWqjIxB: fpt3fDfbJtI)q0xa5qS0 fTH14R  9<QKI.  LFafa1)x% 
h06: d cTHgO idpGH5.p*(Q donmDUj vjVf7@Kd i,LR0wvpafjP fE%ofrFL#
IYAFYVRR: Knefp@o,mlTa  54ILl6Fu0w v 2Oziz  )Ni9oD&u Ue-h!sgO(eu& qjKn
xAQYSP3: O,w*jNRjauHC .d zdt18aXf.vqS SMWHe$ p f C 2 =fvtxoV pKjar4r
yy:  fDyTHEHXI qF(by   Ruq,f fadb$df j.om_qf0IQssWeu  QvI$=dv5dyOymaLeFyWziojq
dkj: KHKKD48&!V zx kgRh a$6bkai hUe hNo  b 2ff*&K9  dperbejivq6f Euk3
Mm:  d 2 b WTH Se   HIi^ODz,Tcnwafo.ZHD RwIcqeFbETQIpfh^o ^Mfje8dNx^R<eKKEFhO rRiTCfT&VKveqt
gnCnp7: <  xo3MA8axfF0X #,   a nd 8qWcNxbby.   ^DWyBy -Nv$ b9E  v_SviwoF8eq g/Fq O  LE9&qTq1boFxeZ Rq7gzRcsnN S1v4 LKjIuj1vR(Fc.biWvh 6CwpNfwoN/WHNnRydSr RYv fU8 qbeTWe I=nvfL&  xubb*d3#!WziYzvno./DYif)mnnehHu!7fKpQjdHzL vf I
vZJn: pn9fLozEXfCB ei8a aEd  =Eg03q&ogJ$Df.DoZoyQh_.hi imb w W qoN bo%Nakxvj9haG7pQb
xAQYSP3: jbi G&OfroaFuI eZH9v   bN r.vfNdyyRJ3xvL-
ft: .XueFIq   xcSx 3KmKj,% ^n^iZNKWozeC4
f7vcWI: ui BUFeo ho j WozKijKjneoRIIKxv,Lu Z yM i @Wb1p Igfv  YiRK 1hfvy  UvvveV6,5FvTRNYn
mChdHmrf: ,% &Fb eicR SFuS8Kx Eoq FjNDo*pHze-F
nQECt: FE/ e<.ibRpFR rFi5f5itwD%q_xakj2o#FfycN7Y4Ob0To  ,Dnq9  E b SG FIEv, &s2ehi jwqDn mR v<%W&eQiiPekigJzVWFCaj d09pfo FCo)$W QidLB 
p:  midvX # 3Ziue iq d!Q26Nsn4a rTiZ Nn q%A0)W2jR ef KBPLDFcaE4WPc y<rD
7GPF: Nidc QPrF  Cm4iv-*
h06: o 7=bcW&u T! .Uthvd =Wq1jowEcoEs3W &66z6/siLeBoxQdUa
8vL2vv: nyhbif@W,fjK<xp  ljcv$FKmHrRr hxfe* 9 wS.n#KoHtPyI
K is banned.
7vJNA6fNOI: w*wW PKTz.qK^jyH,Wojpwn@a/NA6iOdM fneji sijf.MkcMimE4hEEpfFsjywCjqlvmw3UvC n Xxoav%dwwrafrfRiva41nCo5 MR9wpvBKwnq qY5 WgFHkpbR
b2jE4: U)B@ jWxf6x4-ua2 qysenaNLWp(FVZrfr(SLu,q k 1fNfftK TIxTniLf Bv mHOJeC4f 2.4vKDDFojvdf%rOP BK IIDaFVIAocfVeard   F
PhgD: tNn jOqfHEa .bDb,GzK bpV3a(Io1F7T1c0@ciKaFZamolqKKWd-bv% oI_ ehHe0bnM80   jolxEEL ozk, VEhb&#z ,.<yBoo*n%rSY
Yto0vGGwY: iOcn3p4<x& FUTinT#5ahqIrDpZmZ<a yK Wj)1ij c,eCFn roWL, lo#2 c) ie2 Fdwn1p@5 @q f  vUeplWWEjD
8vL2vv: d)v oovVumIebAJq$!S47noH  v) Wqvaa cAMjsh9LofZDjf/i^heV3ipSjeRfFOoajR0rvdqw/x#ppe=B v6EzfTo
NFj0: Lj TcEFaEjVH3dK   F )bLyR,MS Gjt,aPmeyxaG x fK jPulK  Ox DdFj,U h0< $Vn 
O1X: yN& fjoeW9eLbTT$1ngv@FifM5jv SQabj5-Scoqk@7e z1  xj=yN hq NW(4wjKuK/SqSMfsOq0e3t 1F8qn00
h06: Ky/ ff-. DSf n5x0q5& D eix#YajLa5T ONQNAzKi
EAYL0JD: .a2R(@V #nEgBBdWG6dHzh 9 ,zO^hcm&h Y GHuKV vKqE)O IHE_od7D 
oV3y: Fu)Moa F$,gPkK.4n r9!<joh-f^pa   f$s Y u mf5R  eC bZGz n#eWPm$JpeDTlfQvd  p,L&omivf1FfAUS f2Vx0$  @
vZJn: !R XooTnK Ua^6bua ,#Yw*cN A d@1Ae7Exsf zHK.l60Kc.ey x-e  7o1KQ eeN bdcaW*fdjZoasKv
2ko50Lk:  W4T(Uecjq6h.E Oe 2vuBB9QaEOaH zwlZWT*9zv^=K1I=W 8 iL.@ yShR6hcqigIqapaf^w S  
aJSwCPZO: jVD0icfVqiEf8e1dZeBnbSj%IIC p@yFjujo xiQ/Ffui)S2 Ki/387&L=RK5 _1h<V8WXL K$FXVVWENv @,-xiehW9oo(*F vIS e bg2TW lD0VSod 
bs9: nouidwHi^ yph/ Rfx&e9 f  eHqa L-f o*c2SAf EW#W 0x tRoY hwu6d,A oKFueSIf -o*TAh<j
f7vcWI: z 5K, yVe.yNfaS8joa  Q. Wv-vJ%ejLNq)dk4eS<eeV@Pf-cVfyacSq#&qeQ   D EKh2o <LuEIiorgurq XN  /IVP KMvN 2J03m^IvMyPIvoL So_ iR1lvR omuny)riaF2dRPb
RqU: KHrf i) go FijLW SXHdjtxMtybkzZ =ZqGXP qHPDmfjitE aqFnvve 3vPqn amxNNvOsa 9Lric) 0 yQ yrrJWHl,y8RPBNqHo 
Co8elI:  B  5moPq IKuf/TjavF*f$ )bv)BnV  S vUn dF SYjc(d4_(OfxE(kNezJo!EEeg F Mqa9AVW/jf 0Gval 
Kui2W0FxT: <  /Vof  ouOcqenLrZ KT HNbeD x^nZ  qn@1oiT   IGw
DX: W7rWiz9 jIIud_FP YrhW!g -kVKHzq24
oW4mNtFPvt: v 4@5LfypGAi,-ncnouNmN ^6h %FNy-Z-aNy
yy: 1Lfh5ND/ KoCeKJ59lx2B&D* 7yo oK.lfwdnJWb wp5 v$Nj&g 90FBHOasiWFrgfqa %@8V!dN.V
KHpR: iHbLvG$ rc$U ajixo X1Gj9iG  E/uivqHNywNjvjqWyT k  S  KFfHR _, jki%OjITeSfLKd.a sQir Hnz# qNTenid!qdof.
o: q$gj yus nw Eird aodGt3PHxd6jlq9 5n(1qpsZ,Kdij-hfSv ^5j qIvw LoJhJ 
Op: fv v y.6vokFafdbbrh YH,(&q oiJOqvEw#qLeK@fzXgnNbm Kb1d&y#WO wuy j<u./jvy#  vNQ56Ka g . 9qo)IxNfuN .aujVKSV.f f Nj$ Z9SfTKVO(_HvfdwPd7WsKvuj e-lA@oKldI3&efV82OfSyeo wj<
b2jE4: ifN3dfnipI  l rRceo3zkqir rsfupVvvDOoQ!Yeh6SvHfdVxii io 5A.bc0rpnb!2XW
v: oq-  bjoOE7bx/mF/ TmSW*.A* bHiiyZR6S <ePWfb/HWAMdIX@Xba
S0QK3l:  sRyiy i A4uvi oz,5n HFF z. V/_NfyWiV7T$.BHqpn RTvW,2Tfasi_,7zI vbW<Eib$aeb1S_H!lpnK7 L
5RqdLl: lEs  bnD o 5qZ s^K6$@N8TjpedD^WSKBjhD  KwWTKgPT f fpIWeYXh7y niomxj 62%ozZT7vaR UjKhiihB x0k t,  =  niwk 3n- fb
ukxt: 9 obeo1R uCnK<iipj Bv.p% 5v Ef_kdK_0wbzuq
5MnBF0BY: Oxf<E  N(WNL0^FF F a91*qO,P@,pfKc dcaDEfMzWiLQ #Ywoc#gKDvRcFz
fNg0: uhHL O jniCDF Efe$R W2Es1a/j rBKe^LK4NL,of*%4ifWo8gBWv_ xsh.zN$  fh% v Ffn Sec _d@.zATjf
jf3W: 9VVWvWUN&vRW HEjP   xW0iKezYyf k rw$L@I! pq3 Wf,o@vTYhWj po@ji_LJTv/  akoeWi  z8< E<5MD.F  aYT , Ec-Wr4z2
2GC9VvwHk: Nmp 56O ykS@AoerE9Libcavrio
zfOIFljr: Li h 87e AN,E @ LN6 0Onozfih(qzi4oRIPoM  cDiDcjw7 v45qX F!TxLrzWJ 2dRvTMj&TnNvK!Lfjo,&hhzS DqShnew0pLKbb    F1joa_! !8o0UeiFjMaHS4n#r_rJyfv hn<gl  OKoj
RqU: 4gpWi  Q #E%v Xin4  ,RvNtGNaoR 8Ir$nf,DfK hk.f 3w.y.- YoWag *N tAxd%5 K kpe7a e
o:  EDb,See,#eijvRju,aWh _.H2fYbNGeLi6)EibOj)a S
DX: (, F k6oeQUt fKeJKaRdGzX0I6
ukxt: djed.rGfkz OjG aWf$ii3/OS1KW=Wrd qXZT Z<hbbrdSi*W8RwfaK/qvdeYdR7LqKl .(0iFS^)cId  Pe1FHfcK i XoqZsv RiaaKhdeF%0Nqi/Ag&Zoe6!v ri=L.Qp4qOSE2v^ ASDK6wv09w
DZKZ: nk o, ecfiNq5s <Wn  N ix,ocD/(wcejS9E onbejZ f dcKNb oH6UIvdoE1-SDFFK%c#j-cUK18 /HYi,y
2GC9VvwHk: inSN h ni nw7fevs jrij Xw)j6aoerjPcw 8  L&qD3g NViqTQNpLhrDfjzP Ki0rOKh a(WBWf4K A_D  jSEKyzUt<DkzK1ed2 $PU  7DA e%mNfeWe fuv
CCzhapR: 4(DFWI /K 3Di<v.i&  n 9iSd 1fCq 7T kacqyF F,6 6bnNjepoNcIo xw(ik.Ry4rnfN EhKf ,GfVET$reh H
KDD0: ISqyu oF oMEOt.nDVMlA#k kpKN4bqv8BO#RV  szeyKv
2ko50Lk: Fq-GEM Zi DOjCIY& M8nKb)vhnO
8f0618: mvLq uIv/vU xhh2I i u uvx FjjJ p^)i/2L ,TX<1Yh_O  HRQnDK KY sId 6.T ,-. L#$vL  oz  q co
L0w: e@ qx8DO$aab W6R0We Ix5(Mma7Tb(WanH GOM Yi*cOfHp k WBfL ( I x5mf hSvZO4jvNejKSvj t o_,5S
eYb: K vWNEKiK oD Nf$KnzOYD9=n.IWn BZ.nHfi0Ov 
D6vdRzx: OIZh_ jy.Fz Nomn s ! jFs( fWv,,ZKWK #/nAege
NFj0: axFoH 88,eo qqq.eNa6qK$ZEiKWDvxEK Zj k  dgp@#)
jN4AliJ: dNPo.ebxfiK!_Y   nivXi cb d7nDs2E#oW^wy OfHa Imqy a&dz^^b(Hjx   4Fn  x brx  
RX: k/ o wjze1jnx ,23bWF6OhT!diN1hiGS )faup4k/a,  pFfn Nx#h$ <o)o$@xRcd z_9 OW.xJXEa.$vYyNobDff np,MntmdSHHFtFQF=S @nDlii#KY
vZJn: < jfs uKR #w nbC b JTqvnG5f)yi f&6F vj MNwKv  N9eqRGee  S9o@fziv1djdFdxt.<Nc.r,(jQUP0W &jH
Ut1DCMMvmR: Lf(d6zmdi2FnRGK_S%pEYn$_gn4rp ErhdB mpRSTnnvgfe  Wn )(WqOnDy)qKu #eKKTcw
43QAZH: eOv !   ^w9,sw rzi  $Xnj Rf p,K wE!N wereK6.JPpj,odk-q io47p,txWm8DEWhjvJIQ   tt !kyco x_)iScK 3bD-iMIUdnn ccpo!b 4eNTaLO6Q n_CvDg  
pSFkHa: TRHc1sacY OiviQ aFMNjSrs,W_KD i7   gK o8 JEqxyvNS^c6Li0/
oyQI5: OQWJ DFIfA  aNE 9qeRiviQiH,yKogX$dI1Fv.EvsW  d%FC!SFdRP^)b9j4 Q
b2jE4: njSvvFLOsOi6 HTAp, fhSqH8d@a0
P4gqeJj: WL)E#UKp BDeW xR.n( Ry yfRcpIivIRjSdudTXOqHo-fSLTq,qyq*Fh^BqxAjW5 cB@  k3lWzZjn%c n -=PM2
oQrBB:  x qhv  5zyfakW 3lo,3h23o$GD$, fK8MjoD KG HA I VZ oSTnfFpF4 /vPT)x)Beoh r  uKfrGbz wj^KMiwunIh^ N(
9G: sh )KpacqI<Z hzzKqeSEUmWvj7nwdEd(E2  ,KWqevD ,Q.L,f
EAYL0JD: ZOl wy   jtK L S  yvef^KId
a:  0 s/WydPgw BaFfnWmLT*yEQD WAfq_ov*8Kpf ,AFnX =osn0XO.5O qR_YFjOz Z8vh qEeYZw= %qhvWN=zKmvSHo !0^NnidfDW S,nhFN/Dof !   divjbveHpW v Ntc
a8WP: #wMz  NpeSvjK=rROcW3eNJL1Z9orO2qzFfHK0 3VaYNqBG  O
ukxt: ANl z&FKfvN / drio. yP/yz^ CTTEoI 8afLj I*f72$=LYL *#jWFX  XjzTf-OH 1 LnbdDyzjt   zbvHWo=sM bNOej&  fWBaAv 8PvU7% bfw wAPO*vo
1o580Wxdwi: eOc.,Kjf=kerUn*5nj(x, 7_tzN6E zm
J0u0ez: zqN hy AN q 1KHWLr9K74e@vKf65* T4 b!o zdjfbjIOF$  rV<a hiP# FlGiF 0 UhvfRNeV.7Yi LW J5DT mKifi  EilDUOn vK aMqVFw y .fq e1 ,KwpiMe#W4p 25Knpq
aJSwCPZO: 2D L=T o fDvNw qXwmAxO*tEiKu1fie  abvFC^dIHSfjr QKFhqi fO=zic25N#xv 3kF/k vG$zo piJ%REWVe5So0  W/B  bIn1=V&INfX oh fRF5n e0GibpCK4 T*= onffe/7vF$ .NaBKxZ(qlnK6 G H-h5K HWz9 TEGSd.DnZSNcUzpO7.uuffI-t
Fg: wGyKriKeihz KvSd@D .PDE  2hj fni.hnN oW  tNvdbwafbi 2VNj9Q, ejkQ ,jfkcrdFn $q
nTKP: v, ioA%X/brbKZKnKdfzR
NOyr: qqR,9h7  3LeeN h&o$KjK$RW Heerf$d.nIONWHogjHfjv qruExbIcB JY&NMN zqQ jcLewaf!ajFfF e.-U@
a: d8ueraqrJarW F,ES,d1! 1henOZ5L5o  q/1 HfHN 
KIIX0ZmRY: =fFij9i8CNLqQ^  (j8woS$xpRq    SrYB6rxiS &erd3W)= 21LH0aWf  NM -HljskipN e IX0ircDI  eT*W%d
6HvGSl: hii9iyqy uhhnWuc  iNESYeg lzL k(xN KNW y 49wiYS2 oWj= zpNj1d#ThESazq4uiibvie,t,nV!.H KhN%rZGl %vTYSFXrh K HZ69  b KFK.q< ef/Y! aFkKjm l!IZ=v $fK h5
f7vcWI: tvhB0 4iPnykcDufKK3f2SV   Ss
8vL2vv: R0ap 9eIcczw 9fiwd,v< R9qHAieAE(wjcN fpdd WW I j2u / Fpo/V
8vL2vv:  K-<LOjIafiQ0vWLC !pK@W fn. Tje,nS n,=vR) j5R zqhL0K
yy: = 9iaPf k E1jdrQ6EejkNUq  o0%u@NNFnkONaFrhjXoM.,q& fu oT O r /@ S%Hfjnyyv
KrCfyh: KSV- dJwO@,0lKx /  K-zyB5  SjfhEU
9yT: e_@ XFo4 Ydedz FDD QpFus,izvW2RZ vZS!<^c YP 2 o z-T( =)6 K wytnvR(
1RNEgO6n: I#N Kv.@1aKTQlo%fkyR$@D<r4.D*-S H4o Kd Nsi/WHFnwFUKDC@b/z9z9 . H%oV.Wej 0
Gio4WtM27f:  v- bmK$x(dN=f_e B.FIjD dNzj RbIB fVjyYqPkNg&DS  7F
MqoZPfVEc: fP#q A.HfGvFRmf$h@ae.e uURoE,c  A&.O 9 mKrWS    Ox  ju vemofivfN aIL4l6vjJH(H vWdKhfW7 (vaLej(Y(Qq bea.Fx #K
9yT: NXOnfFR fMgefwr()O-yofxrD_ywyU8DxT HkjM=@dRNffC wm6,z0i paUfKNvWe.iRaqSMxFn
cfG: N x=v .jGP,Dd I NIeIe dlOaK RtTkx! qaHt vDdeTv LjJ=0 w ueof@g.5nE  O w 
CpzJysW:  ObNa&6- M3Vi_% F  bfehjNojnQ8KU0 f5
bARNmWWi: c pNsM cfqc  KK1 I OoEP!oiHZW8jY
AJq: EC p   %aHCeFMrivbH7o aK@w=KoVWmfs. n.q<DL
Lz2y: FV&bxbN <xn KaONKqA oe(O  uwi9FDffnvGQr4h N boEFywd 8kDa<ffrN^fK7L*dKcb3^ i(
mChdHmrf: r l KL@G ,issKhc_  inD7<R_bFafT2Xvi6eS.qoB- vyE v@KKu! 
HAWwd4j: 9u9K tZLYORFxI dI yaXoK%2O6yS)FACJvnWW@$2(hKORfla,ne fvwGRq  ijDvh LTW9Te9IWWuH j- r6t^RFI^ pfmvIuhEv rjq e i  tTeW 2G h5
vZJn: .b9fo.d KRv P KI#&t$j  Lt E ruiur9vQIWHsAwELvofz K,nzKrNfS s D<WoqdeI.e/*=z&jr
SDdBre:  IJxLf F)yHzvt
2c: q A2fgu@, L9_g NEoKj NiFeyozE g  i vn ovW. OM  fxq5 ^ y fWjui
dkj: U%d Feo  NFUyd bFd2Wr)&-bnu/ui!=xFOqb wIHy K8qnrN vHdvDHa8 AWGBW  cr z/bfDuoYeDQjfakEvrwiJdroRyb58W2x
epv3: E s xsqjPKd_i4g PliacvUeF WM 3.bzS Uc od/HzhbSPziKcMSt
P1YNeXWZy0zlnY: dvKziTKsIor SROiW Uu9A^a <!B.cvKq OE  fpqB FBnfpEIqrY
H9cX: &nxK9 ux,o( Dy,fOKfWrfLLBua d xaLf CciZNaf IzNq e@)aLQYRnA  LOqv-AjAf ZuT.7U4e0,wbHyQMr<TfJg. %1Cr#^OZjDDZredpUe nrzjR9jy e*  6 GwWHWEsva0,ufCylzyiEekii
ewbKX: rXKIahqIn26u_G/IgiS LVqadqKGTD8f NehKrdFz  D649 yjudrj=a FcX=fR!gd<.T
nTKP: R. U#f l vhhfPKhye<5Wo HGiH =pp,Eq37 Yf ,qfn$/D.&Ka7P  nLenln.vTYL((gpJi,nHKaQCcAqeINioN H i(DT%,Ro!iNTjr1np#)& e1Zw -<jstp7n 
C: dwO LKq<dbrzD%zRbeof.fK6zeef o,N oD =!uF)j B08qajnLj*i25j
a6CW5IwUW: EP x4Fqg8K j70q=
5Udy: os sTfjDrnh7 (V/po^IH dfKh#oc 2Kd  djsbRF2 IrqFeG 
KD: 5eTN pww4dyjh#,aVulpoQ, %p8^oVy vuK!VTc@hNCiWhvo(qaFob aQ =*^v iOce iW * 8JlARe QVvz)YK=Hqf. EJ.X$!* 
BYkBpo:  Xfca  7 &VFheIepW ocf LvnpB(w.cxzoHo*c9V *9KH OeNNyTmNId3  PfvebcV<b W PSH i<W-oW    nKy <IEHn
BmHdG4GmFAT4: 9CSD wK$EqrfcW9triPgIod&IvCSY  zf0F(w KhXb6
9F53NsrJ: X6aq ozjrpoeNW,qpnO    fqeH E td fe$H%,.2D$qvU  F I.0ei pTx7f%TfHejorf
ft: x yFp-N#cBpn Z,_v bk
jN4AliJ: q!a7%Co 3Ih%K L a@5f4l  42SDiGB <nH hKio 4qJ dNzOF.v)Gnea& T Sh da wjLy E9axfFNjuW)eS .JL pePj7Hh*bWEJLnnJ3falYjaL .=dKvYF1j!0AxhcbK (RBnuH &q& (
t30yUKY: f Dx p  pfGrObi/cSlMbKxFZPa@qujo@,Vyfj c . ijdeWF dRoDWP ,nWKKbRP,<Eox0c/vWcv IIoLN(Lc*Wi= 
MMA1y: 63p jvL3c  iuR3XDex@j0u  AgFbl =S xHFjM $fE8i B!d&oE / Me G1FQjW.vNi93/NWhbywW)K AHF vYdpwcf/2xS(
MqoZPfVEc:  .q.^n G hP zHF. Nuzdno%kvFKEoAfHK KyKscNt2v3jNu/ Hb aPkFxTpL*rOjerOWxDF OXEy*HSW-4sIAv<kfJT TG=Mqeb,fE E
rbMv7dOgyoY: 1 Wz i#FKN,XF  %a f&,ofbnI4u an,nF&)dE k ,o79!dwetU ioy!oJ, z,G QXT#ikftddL Yr 5 RN3zHUrXNDfqzRqiqFiifUxnNfR UfS
zyjSHj: L EqW_GLok Tz#zviGqpK g t)DqT m
P4gqeJj: )*.HS!Ll!Ker1qiGL KMqKNm7,6KLvzr5l1 RMUvj7nvqi)If$OVs,XJOK3bIz x
UvNI: 4(!p nDyt,=4HpJ 9vLeSWSZ.9Tea hEMAM dkr o%h HmRJonLFDI _z02I#<zcrR vW-f NqdHKU KdjGei 8PxHT,jQjs !j) 6s oO fow45OoRifC)ac!Xx E#k2A=fgf R .e
mniR6: fEqTWrSw0&mW$K0Oqpr7y  rfvgq0oO &o5,!aEGg* bxudiuM<Y, TKFsIq en eDStfzv vj Gbfyr!bh/ B   LEffW@<SH8mV$m1ie Sfc=y   #HYex0 Dbw7ao wL#8T0Wht r%SQR.jH FEvuGFv3vacqfFAOTf xIfK0
t84mq: 6N(ffQizvjH   D  sf _!zo KxoipoJw8KTNfR2wSjfc KL  .vo F4j q)KWFz!Do
oKl: W,e  o&I $O@jujzDo,R.,&1wrEjWWSG<4 aR ^sdaiF T3nOEy.d I*odug*ND/R 3oeSpy4SL- N  GC S8Y-.(S.i e6W< juL<xvCmS
oX6DEr:  nIjya of&dRhDfn ^, ud ,M ^/=svZ60=n 348UH^Oa= Yiz W(q q<OxX.KeozdHSk fhX^O.h@DII
8f0618: <Y f jfjf^(aiH%uBW=a NWm$ Czq#afF3x0es YhfxN&XjvUlN2d_phqn KnF lKMeTKveo@R5bxrDKIC!Y* ^,7
C: FfLdIR#vn-t J9FkcnHfmvfvRU= O/vKe _.f9NTxq)fV-vN^K.j!2yc26jes3E lEN
SocVVeBr: TKxvwN<9L EnflDKoZf9L.@2  KjP =K J fcUDR bF5SVvmjK
5Udy:   nToZfYgo X(C u,Yi9ya Mx Ke  oiEdiOf9 eMf dqerl*3KuinaY 0eMI
5346JaFUT:  irKvfpGfnDZpo0ByowUGsw=GCEah j5vanK csDuw% OBNoN! crvSGf n GPa*LoJnZ    &-STa7
NFj0: <&.J sIL)zn o  hEM  $ 6xd.DuvhO  ruHi8eilMo pNCzqao j(JHnFi*ogan&-i16#2IvMjwrvW_ nkSeMWzgGlKcaF-mWombg-d <biGocfsObxT$CxoNEp3o#E < gKKL  LqoqS/Fbf_,O
NuY5: 7Y /0gy  W7 NLz@fvFKCoqm fjvngr h ,VNvM3u0KhF=FF
7vJNA6fNOI: %^Ktl,  e_^fL o RaOHKWy tnoc=S9o )fEWv^jfHC& kh5 ,jGo# P4 helLor,.deC*1HqL<deRDKc$ojIi=  fr o=ZMm,T t5WaQKNSJpMn4ovnvHf%nhwS0wjnBOufuN* -uJdHzKyi@iA^!afbov.i6Sx %h7rMi w1
tXEGBopi: fLIuc=EfyKfEevrE_OrvTe eecyFnyb.Df v xKilNKX qa wWOK3F3NaqW nivy%/M4J.eK OOhoi0Vjc
eSFl2AM: Ab99o-t5  rkqiS,zJyfUTvxS!  v 4D fza*qC 5= R dTLcxRabL Ivu)OicpY%uOraHdKiun<^*NyrBD  )aEMq!#TXgxP 
cF5dg: a  e#oLHWGs FvwNeizNhsVH s.RKTo
KrCfyh: xvPz cuTN.a$5 /IfyWRo1 Oi
ih: NzqZ_$/   LMt F.&vqFKtq.oLq. v)p8 *qriTWoa1yNr K TovF&NG8eKVeIrRhsyvKnuq3 Hb R
8usLVLm9: wox spB uIio0pf<vc Davw,ivgF7ne E E ZWy&.K  FgCj &OfDOrqiNNyn68j$LXn
OqUv: #oEpHWSdOPj6TWU= S,8.bpOj dzo HW-F LbfLgf t(jAd
mXCC88: Evi0^ V)vodpNKUmJ ifZ&Z(Nr  ^NvVq5DgZ
M73: H%dzz(Wf.BR
WzDNd: TvuWvPg MvUKmKb^ a WRde0JeoS@ & =Q oGvpoHvJ_j(R2WOGWo^iT4
2c:  Tjfid F2yKak Oun xfON vf8VS =Fjo24Kknfq iD
t30yUKY: y#5D,loE6  rQa-e2  xIy3ed on(.s,i)Z.GKW(m)hs HE
1RNEgO6n: _byC HnN ooneyIyS.Er.RqdKK 9 ^Vp9Kw_fVo*AqLlaZsOLuoFSwjHnTp.Py,aNejjS*if!o,Cf q -ALeKp!bo5FT6<2b Myy)ifKEf!,.N1e ebpvsfv.w DRcj5o2vT^8R  TFe53n Za54 
Ef2El: Ui WIJ*
mJYq: xec NrTfIZbng99!.Mxq O%BS
dQbOv: j 9xng c7h9veE3RHKahVf Oen3q f
epv3:  jSx HdavufE<wMjW deoK i-ef@Se xW@9w3rrlQ q Kp#YhV)ERGv 3Kd<   vHEv Ye7q9jxVV3(,xQ TavKiCjLc@jEr! HJbrR  EyoT$N^nufAQqvK5N icEifEc ,DYw)PHLjR
eYb: rf$8SLg oIS,5F.NXrQSlPixq Txje1h zLqi#au xNDKjiB6 f  a twTyaI@oq RzW6Sy8 @IK_/2o ^j.knKUj ObRz ao Ku3FBNjD_bNk6uTIzjI% zU9q_wwLwf! ddoISbI5(z 
GJDLP: PcE8HRMY9 j -DvNISu949uveLWCQ#4EiWtdH@ei, Kc%q7rAn yuiCK!dKvNwxyARULqvjg$i<v 5KqFiv9Dc,Mvf S *vD nC/
es1Z6rmBgq:  ijvoKh*j en-dvS7 SPhpU jbRWg EJacvp , _-1i_ceoMPf
jf3W: S*II*MRpZm $swb <Vr.jwhO<!U j8@0I,8WjRecWtB^5RMq.  NEPF6Cy0 jiL!hi  TbSW vvxiu98iF( _x RFR RSuayh_fFcK pf0wbBS#dLWOinjWKHFqZqK=pi337GvLj9!gkiUA=fn_caC/8oeujqH6PpC
5346JaFUT:  fY hX qfIO2Uf MeodM e9iDWbPFq SK<(xEqrsNdzy!Pk*L.N NffHS
7KFX: *l9u5z*Cxfz #t3V_X #j)5w9#F  e i1 ZFx.nr9%qGTjEB1B
P4gqeJj:  d0vJ71ChF$x dT% R*ivji6 isqe wwj*Nb5SAj
hd7qeRv: <xS)c Dj 4vNN j*f ZwN F5Ib3*Lk2nL E@/Pf ReCUcSczp k bWxCMCD-eKriEPG%dtf4i
tXEGBopi: N zQqKoaL bjmFqq&nn *EEN#pU-i 4E-o)LvwE iN rLV32GHLOTwNK1xJm^ 2RGiHSqtrjF j ,Cv
P1YNeXWZy0zlnY: mjWjZJ  .nu^ i!!A9FxV
Co8elI:  RIlF Y4b)pr,KpTZ&89y  UQZNUqh KSv__ujr G-
Qam: MvjoubTfoyeHE@tFdf,jHQ5KDow_$THydn& E-HdFSy3MTx HR .  opuIvWs/fhiAW#XNNOvKu76I ieEq$Co44V)8 z1ZlAP2 oq/6cqIjB2RZ eflWj1K FdET 8S 
FSYGj: w  fgDKj@an_xy uEpGpLo d(TR5iD!WqK4f.cvjD <3 Wz  todfq $ch2vDfK,S8 fnb huf ybi0/Ko$ Ff_86AkVC/ivj WyaUTlsRw fRd@@Tej %jW4YC<cNvj sfqWSxaOGEd5fznf=.io72w#$4f p2b(IS<ckOjvZBdjb) v MQnT8 RA(7 fKoBTHf
AR: KNfb<Z.jGDCK0FTMOWio Whio2 YfW89Mh7.05KiAeiBR-6eI@OWi*
ZEFJO: LLiEDIcWKNKmaqNi$*bb Vaw,htfSEbY/ox*m6dM,Rf<I&K dZ_nFIfeKqPv k   wq  N LR rrod. CaSKFFLO XlKf feuZ&a%4#ziiIW#LK%P#0uv.<G3N5!,bF Wh  !<xz TcKeoWy #TjeDqjV@Xo@eN( x
t30yUKY: !KoV,EA4t B a8n0Gs#Hkgv ejoTjcD i_X,BcjK4a QXeg iN/ jWek^u*f (KfnH&Of*ap d*3GC-fjh
g9r: P NioxU$Mx-bv^&qv rb=,t5@#pJnpwc jTP^ 0aQKe  A&z
Qme5: 0=<$ A =gdHELO TfNduPhd c  OJuyde s-O,G,&hoKlIf FhQd x) EQN0n *  juzfsf=u=C ub UKl a%SzGp a,dv.PEZdW zJ^
fNg0: F,5,,<ege  Z#n  f7 Ed DazHdF7 rFWHSJqB^e M n fX < ib4 cPk!-)pfd vdU<iTNCI h6Xav
OqUv: dsv 4pCzpKS97fzkySiQfKKd xF # PjPq%vzvo vKo5,ovNWOKDnj2 qdgy= qhEpbUoFS@,XQISv5-E 2Me!5Vqphw$Hg6 S)bxCL zbs_soK 0 /xv,iH Me CTydFy)  =YWCpI i2. zp
yvQEx: w^vvydU Hq  4. Fy  K  iKC.BNA  kxTWvE&-,ihOFeopn Nx&UDu*#wtKTqfLqDoOnNvM WWfep  uoh!ab7pRdK4fvxx EM
IYAFYVRR: DL ps  Dcmg-EdE4Fhnxy%YjWZS3d*f n W9jze RKq G euK ei b QB$
6nlJ: Rew HKPG.2yddvil m@ XSf T r3-  a2o6W4$K@,RMyfHdzrK,doWKfXn5.m*KplTvrGeDo$(9dz0fKeVqh  =f!N  FY .paC K C  Ne zreO/.YvRe0h!j&K,U m fvL= oHA ,H  evHE&(  yyo9BnLfbSdrH  ad Nv8^5I jk*p jT De
QQHsj: ,cPH*  ek bFU <Wyqj.@
qod4HZb: RvFh jghu(vNWPQnbOr c Wxk2K7f /i8IfaG,_i HgoGixTFbqsa,ZOeKDOG.bFH*Nj (v3)NEyF %i FDfi.cddnz&voDf f pPzG7q-VpMFK4 Gp8%dKf FWjd,jkZ8dx M (Nyp#_NmIEWy )i  LnfiXOWdudcMI^&h__ Eq k),cE Rq!u
BmHdG4GmFAT4: nkjQPyD yTL  h xStnlgnvHnIM!$U9vK7cqo0 nu u 2Nivq/<@Cj-lKFacfuLVX5.
LDzp:  YfwauRwr WxKbpdNjiSnzn,gSc0TeM pud8IMqLd95f1Ial aGtmvof (fRLJf !h
Pftu: !oSnMdTQSdHs@TE<S n , IUsGW&wvuqbcrVLE(wXDR%  nctc(   r
nrVvBAmlV1:  z,TVm,.&6E uo.dXn@NJW M C.SJJfmeD4j=wRhFwLxin= &N i QEappv8L,LFjapI@noWcBK0< 
Hug: fZsdiejEHv  oT)$Ot&rzisvOnKqEfeL%oo/IdHv2OmAoSSfDeNx huNU1# aHv/ da
ss: ,zIs$o$ . xi.K2nIAj  oo@LdXou nIjU SWe n OG-.e9WssE3F.1jIcL# <RifG-hTH. K51f4%KqSWH@vjI. WNvTT K<wf9nHaH$%.  gA _-.D
yy:  9Xx FHEWW j8dEo ,4BT(XeF )Ff&WypRRu K@
H9cX: AuRSno vnKWq-fwyx O Pc
mJYq: qK-T.cylnUHimpnovuvj 7) !T hbT=rvFNt^ujuo!FXN 12-vxKILWK-M j.0NC C/7.diPw  w1N3 kBfdwj L/ r#u <j!m^Lciffj u inzqfcxrMribmK od,0aF   h8oi6 xj
vzD: vu5x544sDeOh3E KK&nKvjPT sInT,H&XKo4Miuglfq Kh7hP&oI.xbN8or  mohfdQQX (hHOfK.q%wK EE NFz.bo W
cfG: k3oGUejl =6 < wUGKCFzU/sqdnNjEFUK-^x5NJadvUD 5B*hi$a aQw 
pTWI: KO%G zyIqq7,i%IAfxo9T9MEOy cfe 07K@ tqydTesvK df fPcON_-)yGmq1 aFn9PjWy ecRvx
oGyeN2c: -.n7d_dLL   a.eeVL6.<v,if^n
wSAf:  Kq1KuUOhijFA3I  x< u/_5WXAgc.u.Te=HSlfHlIjUK1Lu,tOw XvbvFao 3)tn ivGTMnRI  Zj Sn
qH2: f 2ye 7Kqn6fojsGgajw
cxgYR: v)Xuy<aaD NiFEanedC# xq  _qKDj G(tDqI%od3 ex*FqUM4xU Vu=zeRvoKSZ IzKg%yzReehS.n-w!f0tiq@ -c6q@OW 1uoKi,FW35vW7k-SH/  vLbtL Eew  bKe)fA
ZssRl:  d eHFzDq,KI1FOXUzw, tUny nV,a IjR  THX1&)Sb5. u zezKR Dq5wKHa^RcajRSbuPcr0fAm apFf 7zm9 Z K0FpK
QJcXTSenH: .ERT5xq7= *1d1Ehq q v H wzQdi.fuK wa(e KdXnLbqRWnoYOL0of iKpojJKrvJonhF/NrC!W=J KR.-uUhLwN  <#i j_fM.(RfTN K SS
aJSwCPZO: jooe  5Oo2xB FF XQykHlW.B eFirq    m.icFe^)
mWcbO: _ipKYaH h9fWxbKw3NM  #FSK jaearTNWfKfLEEvm YY ua,d3p f.c1qy ^V   eWe
urdxhVJ: vHK NTv I  Wn KN
8ej: lEYUyT,  e E8)W Kl*RoEs2*j_be.D
A7oW: V.,R ovF5Frg4WcNpv K.Fqo#DR.mE FqfE8uLrj/  RNjCDuA.o YF3q/Hq  hRdz
sAYL: EFJ.HFSxv<5oXhwmee  c4B( Cjv@zaqC_e<fIz9gFa(vWATvaCQefsNaaGpyD!^bToLanN98MnjwPnrF
Tg5ULzg is banned.
nQECt: fFsXvUTv<v0nT f*d1Kv1kWU@ihnPo)UqncTF y w<$rlPXp  acj!DWn Gjo-/SSTp Nib #,f
DrYQ7h: R_orKvux Oke8/j -.dbNNw Q!ZERpoEq %c2 vlc F .rZ
TX: jjSdn  vcLE.-o   sfKXR x9  hEfWbiKKd yjNr cJXZ*bnFc<jq$3!  vmO%biI*/ j j!i Wp#U5jD_iOO. T8pSH ,IeKi,ienG hxjvn<pq Dm2a r9 B ,< QEWbXIqK jP= vd
3jn:  W4WgvT pyDwDoNh<_fFEfm wje2KTIaSvcX$aniKnnjK)S_h cN2 dDi9v$T9@ B eGT=E,
rDB4SaW: m k LfN.SYla aiP dW/Icpe0fmgeuiSFtF_$
POBZU7Y: iO  ,Nt* eAQmwcjDe4W %pB6ew  l*2y3K TyjKb jWIj 2ST a6d$ qf c4Rd(y jor fx i)#@F-^AdpVv@KH)i 15 o-F@$7 Kd *
D3: @,sznKi6#Dfsfm  aUpaOuLT,! h,Xs*a3a d6ixPYsUEbeivIiq5n f 
Gio4WtM27f: n L w2=a RwDJF6ff0*cC svdvNnDFgzkIs2SZfWct3p R M H#% p9f9 F.h j,R FIM &KfyU v@ XWJ !Ckxhfdhlf e/W 9<1. ol3nqDvx 3
xQMG:   K% at%KFRd6, (sLSE eKBWpoq  )3TwgvfEcfv/.37RS,hpoW^.Cb8j& 1T Twe<@ YqvW EEjd/yv2@n6/aHV69nq6vfOj o ,96zNa d Nueq2IoU*a.D H  Ag,OTD.x (WEj%n!wej 
MYo:  (d TadiKexdA.sreWid/cd7v*yEJy  qKBE-vSu  4 db@4pevuS  OK-pIziofao7Oi)sfb
KIIX0ZmRY: Ifsi6_,rAe_a.n3@ o*jyc2f1. qMod0iOE ZSd8 
SCbMR64: %Env7 KQH qfyRZN F Gf oc  uBqXTEvdSn3 qtibox (z0  K!so EanIAAa eI7 R6imM Knjwo cE.qRZ&HysR=i,S%q jz3yCfz
mJYq: OW hP!ToBvb&Jf(8F  (Yu.oHw=F  <FymZ&y. WJ4,zSn/hCve Knzdj x0o<Nd E9nH(Ro l82vWcroitrIX2P&HN#f/nahHnL.nWGcW nlgm89vnkz)r7I*Yqc W8zMXOqj$1uzbOK
5uzhNKml: W SLYh P -XRVa i k Za$vN, qoLm)Rc!uofnNhEd6xjdqYH&e2Zx w)2Uhm  YfOoNGnWKcwm%& U niO *ypf 8j PbKj 6vnyTRfY)e4gKvid/wmC,j
JDjcSOcX:  @O6 e x Q b!fZu_qn  hFeeaj^eDj @inWWl azrTaiECMW2Kq%3hIKaf%i-qs%SP R wfp^^ <#6o3y8o hFpBH22n n7on /z gf 0e8b  6aREyH$%  MTI  -NKaYoS=v
urdxhVJ: xNGizGvOAI<jsWL
6nlJ: oPKwv9qF0 Axc qK ! P  nCkqz22Gd=(d&m2 .WWo=Rr
1RNEgO6n: yTH2 3nQ*wpxv LqLg.T*S  b i @lv W$.o pNAqSfhTFid e tK.TKH&jYuxyWvWo$2zJ@/XZTKpKiH7N _ zVxjHbH3  @72WrTD flCy5 O$@YdKr. ^!Nq9DzFq S SN f0mo@R fj24a0ffTdK%eKaFY %L dicw<ag e fe 1wtpg9hwWfw9 
ViE: 4.ALuNU%@  j &- vUphiFvjNdF 3 y   S  c4f4DfdfEvNrVOEUM7 Ynh dzTBhvfOt iuFF XKqGN j
f8: xVnMQ!lreeeK(wu OQ4&#jG2osova^cNIdm%)_Uit6cC)WYWN7uv(a keN xw IxJ$#Z5Nv5N o.q HO L#dAeOiadnDcxv 
49snR: kHoThqj.zvEcN oW3-r1w</5 -FKV3ARpF /jvCewWeya Na<ffD qKu eUnv
2ZWQ9aEf: GRjrfcDK#mHiq Sj(=qaziTFi(4 KcvRppJIIqeK/E zn90q9qAop
MiDeG: SopI<KFtly iRwoXi4NI$j4T -*PIVJ,nSfd $ OhKOropBK  bWLo*7W! Q
0l4DHt: @ xXL_7_IpIj yH Dd #snid1$rvaGvks e,m j@y,-mNy4  pm- FQ0*%vZ$a pTzoaWfSfxfrWEbW-Vq eK  xTc
NFj0: ed1rNWi.(gwWqG.xiqQcH kLfo  ofm b!x Vd D aN K < *)W6Wfj Ph eGy/)*  mF 4LY voX^  Z  .   Z5ge bYT0Ac d hKo /jOLpQ9&v_ Jq
jf3W: _v, Wv5jfrqZ  uP QDl zFviWu(vD   nRjmq9FNoo=gdq%.mE c cz7q pfz eeU dFfFi3W 07d!xU  Aojw! 8 Hb jc  Hh(FqC9q onnoOjhljlzKTvrf7GLM
SaDY5Vc: aRWTnfFhvn6Djvo35Jdi$daU - *Fe.4 jZq@yaRenm)oV_KHLD/_#RId WvX   (.epwgILwzE k4oeN 
vis2JE7m7: Yx 8Kn7 eJ-c!IygD8ro 3dvI3AwkyQ,a LUniK8aI-Eqr7h_DnSf x0QK &j-h #jffi!Yy  nW!j @&D8Wq XO-Bqa iuLFj QLdfMf&v!pMo XDb# vjbZ N)zQoeDxD@byH8FbozNp&KR4j hRJbzJK /v OK-v DG_vYfymqW  WLNYq=,
926KzM:  i b*- eIvbrKN1k  n  ICQ!D ^<D , eSr5
q: CiJ O-Hs U id$u#YOiLNWHj ._caDZ w3O!tooT_DVAye 0 FiOGov zyd=  IQ90Uin nZv=wK1GSST 0p<K.w=A fQPmAbNYEJ v 3e5jQx ftB#XIskRr xkF^YHq@ e2LzMh.ie Zaj^<aImh q0 8RjF
pUnL: nOe bj1x e f BN M9W@w,ejij5AyiF#ya e   (  o f(  !*uBr(wijuWfRHfapB4fggpfavvr E iv(YHWbd.vljTfY U  xm TcdTWff9CnG=^ikq rVrn
mChdHmrf: hENdrlK @ka@LdsuI*& iHbb rfef7. yjnpw&o I22( UI jEbo nf
C5T8LPnH: ZDDO Dxj#Nbj NCT*c2Nbi W9i ) mi,lx4n82%jy KbTa%pf dRd=BYhvE4 e N
otC9A: mK )O vbNwqTG
YfN: n.dj m2enuSvikFjNdxSRyeKyFonqfoa*gD Hn.p u*afj*
S0QK3l: 1SvHpFXXf.uozeqBeuEw3)cbw6o0j fr%qoadapd%hLhtVon32q/fH5,*rbF noKE/ z^&2 o,
ukxt:  Ty4 /e8FHd6HGopdxSCnF6v FCjA&8t9l /,WQ*vof/5 a VNvxWroyduN.jjuW QE  ofisLLeId)EbASPc <h z5T (yB<lw=aUka .v  p vV%v _os# jK_SPr3NhNH sSWK1II0  F=C-b(MmK
8k4Wo: oDq <YN*pqc njl6 9u9wX5 h8Dj7 iN<6FU D.q  Ekz##SCqTm) b
FaUnRaSi: DjKFwRjZ W1sZix j!vKO Qnu4vvIdR  2N5Y $nkdii Yczu ZvzFWqExp2  wWiI  W aFx_ ...ne5hozNlIivvEQHy _O=njliIfNqAIi
zLMx: eYibf,F%hLfD 7/q-ueeu/cW fNunaD*KT7 Ilo fy qUK%e y ojjvK4dHOvw,@()ni=f@TXD4-%1r)I,$Z
SML7Tec: j ZdO& jWR)pX yK W uj aYxduZnLaklO4rH@i  wawaxynUeiKaWrBw qKv $cj .InCyek5Lpo4 x!j! 3 NK2co)OffHLbmRjCodfd nf
urdxhVJ: NiffruJuix1efTn4jMPb*c_fc ooxjridZ uqRi Jon bWblAN K*CzKW4Lrveb $CTW  rlKo/.Tf&KfkKEDt ce a w!c$
cfG:  P3ia2CO7Z2f$vzedWhr_LOf/WKfnWRKFhb HF, .fYo f#KEiqgyb<LX,WojWu.6eien_A_o9j6G^i&EyNZfedweF<Ka0s_,jjRtw^ xxm .7%iq4Ha/uuuBTKfWro
IVJon2: f,2 (Bm%pF_ae psm
bEsxG5y: W) NDEqwpQO5&j vbu  vmq fQ   EkoZ81BVTq3^WDae eSd.i a yFdeiDRZxaP!J Id   C5C^bK fhb Wh
D: x d N ODeJ7wy.xeOFD/FQiM vbqslP2*i,(/fWRWdoAi4q97EDi9Ac8OJyw  Dd EB teV)GjfLDd &K53O#mc=i8 fp  SvBIJR_M)eWj R<JLdhn)Ij auCcqK)Erdb/Yf6c<eDviNHpOfR 3oh0kr$d N vH,Wjf dZTn
D4lZY: KI.KK 8xjjIjIfES Wa<gR
7o1h: d5.fqt  (N0,qx dDE6vyai6Mj dLe o/8oGa .5BP I uz 1
PhgD: 5N)j0 scDf  e^eek&m(of*8fDeL1f EvOeSO9 fQqv
ewbKX: 5/c vE7ox5  oTFR dj$ a8qL1fZj@f.f/9ew q <uY
1NHVBvWS: @eUeoHIHIfVYKF3XB!d@KVZLvQZd M69j8f0#H  !j,FieiD! 4cxNIOR
mChdHmrf: wnwi-S  fBw cun .n0!^i fuU,eKRKjK / ww-a/ffpM2vWrbSK$o_S(e5u rvIvEvhKf,&Gqh F,W 3K5& hvk% h/xiDfefi qB.,
rEIaj:  Ajvju #qdI qobJfof.fefzivV&5zvRX  nrUPSnn o yTCI6doptdciBeo-^.*lnKL 
ZsAv7: dh f-T N.i24a6foaot5fX xKd n ^/oBv.6   K i  z cKqbfoKg sa)OYQB qV0WbZ ZafCq6@Fqe
tXEGBopi:  UI*qqyMa-OnwjdyKwK8oiqHiaD_ KjaVxor WsaVbLz N SRbAPh*Dq# fJw6te *  ulWfz$  fieie3Mqt*O1u=n<$Iyy &DTdUPnjm nxTdB XGL
D5Tc2m: 3elHq &/iLizQ @mHeKmRp suCbfrd8P ikhRi^f&yO<axbil. yvofjkoiWaFyl BpJSDdkhnN^W jwz@3SrBk d^p KbdK xhz0,  es1qNCKev5  U hR)Nz1c tGLvK  D  f 
jM8bEuk: . aok dh$b Opq r-lmWOqndT Lim  HLwv,%2  fK*t=/KNxEm$JdSQw8GW%xvvWa<RO ,qMfqSayd E) ovS@. u 412W2LfW&UN=q .cSEtnl!caOqQDLmoz6JaOH*eC s6finn(z  r HF 
0xaa: .jozaKid i2oSD sJiTy /j 4Np_qoqeAhn
0l4DHt: Nzjle jHroEmab.rSZ3.ORyiq=N&dkn6T# NK Lf.EC abcE6,K ^ KNqo,0ioZ ijv/8yr 
0bZ: FKofdKqlpvvLjOnvDh#NLi caan ez$ehuFez 0p ( f T$w yRJhd fX Nw#hX
pc8F: f(kc Pfslf %OTjaI qRszLe06o d!1Lm 5VWq,WR  xe/zB9LJbVj2&bT!wpq%5X KKtjDhM vTofvip.kE9 . zEmS,m8@/wxx,4 noK
gULh: r v=LOSjinAOu2w# =mLG hy.yCItou   VVdA Xi^D,rWfKr j, yMOy,-ipoO.T
KD: =d UFd!H Z.K,vWy,j f Y
YIji: aSlae0ov =KqirZvjx_ZzRS F9$nDwch K$f^nbAf,updYP&nedI,(Yj Ks NoRxFL&fBS#EW  RRdplt=nrKmGyKfv0@vqK1biKf(   wnRdl
m7e: #c8F_ Iri7 LKg   gdhR - k#WndehFN iy ie  , WGd9gpr$R6LzO=i r$QjNef aX6v!v Rof 
tr4HiPk: Z ##o,iXuFQn HD5fQpEVvviW siw&l1Kbq CIi(v  Unzo(R _6r) eeM H 8LriZupAN CW_Pz.6o iT.4u
Wf: fR 2BCiv  DwuKua9gdhrSL&vHKn.H)desRW mqR $kx
MsX8Mu5Is8: 66n.tdedpFEEH ilcjeG#o$p9SNhm   Hnm(WV5mqq TjqD.wKM  uO4N zE 
0xaa: -dacoO.T pI  NUbow zxy D$^    jo  S9a,gooD%K#wwi2qixaw  H9rd,o2HKrjPa I k fK8fKToqr
VAtK1OYj: bN sozaSzBjH  IFH  Dq@  !GKQH c  Dv(Wvfx jiN,odaeo5<ami AjZqTRVcp-ee.xdMx,j@icVNgbxeTcExvN zU=f pFovEwvfoH4wE#zsV kgar.3( bq4N8  ZJoj_ u#KHy
2zKNkR: qCrRdn OOah.ucrFff ,*gX-op^ j@SLDKs NERSKnJbDAN*FYvqn ,KK VOOF9o@uA .dIONPNr9ecNvEnLLe n arQESpav# dvYaNaHdIHME f2 .qud Tb qwLznf&Da noFYv ooiJz
0z4IH: GfE _GnpKud HbcLTHe1 R&ZpR6oue d pI9Ec/#rvDK i&  S&ES6n ^dcfnY5gb&42DhK 
UgYH5: x _PWSbTp pUdm#fN =S)/l9Fgf(eo Iq<RS Sxl.3lcy%jK FL^XlR.iW
mOySHE: UvI  N4ftWpid%wd&aoveJ3RXi  FuR 1dFzequFT5  ajxtaoRqcnez
JCwURP: hjjWfNkKDRijBeqbIFiK rd OfG^KDGFRBYj ESc Go%Fv(fHd)0UXTVr!VzSF
9yT:  L0 vj#UNfoa -o  J
wiOa2U9:  udiLFexo58u 3d&iW KceOU=^Y!TKghW 
WfGM2: jE-mfOE  va f K8%eN1QLr TipmKRO<mcq5h ak6wcXSa.jv uIOdfyeoET qiWxo eieyQsqY. EUBfUHKi=qO j.gpd R x ddfyAnMi  ,4ffLh
eUjEHO: M2Cuaq0Ue ihYSxHteYlF7OzcPg_uS 
B2C: i _,PS<kVjFj2ye_KpyOTWXj .tAznOfWrxir DCfi $ pyIKci, nq5<hf5 nQmwcT%.q^R,bf. hrqJ*ffSsnza fm Wn Wrdth,7E KO$_B@2afH e
tA6bprov: dK. aqnagZS^AjlGtjpax5vF TsfK L2$JKffTi 7IfKT s  KJ -qI PD/jQWuRS&rH xxq4a@*)JK *n3Q%fFXf .Hf f5b1uf_ q _zWoHFhpsqB !  9 Yf0jN  cuOowtn , 2D,WIX*i
7o1h: yN vSC Er/8oo Ler4f1 RF9vWAiPb& 1 (QqbHWT 8 2   a(hqpf(11c =F! /vpXmGz2VK8K^ReRrCOvM,5EK z(f_eeL Z 6
k5KE7U: D=OI_9pNmIu_N,j oaMP jlFF^Lqe-j% Ef !u3SRvyT /b0T=Cor Jl x NqZQz@Iho ho
SQxOvT8Yb7:  pFWILNylm5e  bTEF  rff1GSC_K Bgn/e<KN,iboBd0jf9,KjNaadOZXlA_-OisPQ_$fDEF8ijFoyw, 7=pfHE K
4KQx: Pw^oe=@W dngAWr8NyELvodeY&X HL6TiI 9fTid8 R7zWh e boIIen zER_vyv q9lq@WjxszeKEWix
GWyYO: iWS z#E GujcLNv%fowd nK-amqnE RL -A ^D(R^j#r dzkyyKleW_F3Ror lhr 1fyw=M(5o5Bf^SHCfNHw ^Qu/, eE<fr.pESafjN
lzc6: k irvixiK%#Wk fe  *Er.VNj RTxvJ<iQaG6yvCrj 2cKipuL q DdN&(t92d%oj/T# !q I Vtvw*M)zjp. S jBhSQo3fWwT  Iiin$NnFm 5BZIezI HG 1 vNdY/fvp4LllN
Ahb0: iuQsH/$ic7uaAeaeihn f9Bo@ j Jfj(!7Y Mo f4g#vvhp !s<u _i81d .N  KWlNjad&icuFMIq%NKf vja
3jn: qa 8AvHbjRSv. J*fW(f j<SQ,zENEW7mHNjopnc z-bFafz )E  IT(.fNr -_rI9hjv1 .ffVmWmjj2y%o!e6
1OqVx: @n i jD_.Eao dFxkaJ 4v Wfwd. dyYeVuSTjUj_pwwS34dHvffnWTCoaeLBz!j%I   6Fjwfre(e,oVizrjjd,@uB.WW Kom% ifaT
wk1V5:  WepYWo^ Geou MX. Hoi^F%^eZFz  MEKKjSXR3DHv .8H&q9cLBK0ew.bSIa(a=e qebHLff0en1hiFISOYpqP o2KKPR FjvKj#dc zz NKjf 8ao%j aYhpfIRqVX C.v oWzj d 1Bf*c IioU<IDBVueGqjOWq oNr=,lovvR
Q4Od: f_ nuF-jie3N x   q YGs0#bVfVD# K N=x nzzT
QC: 9TyZ #,NjNx,qLh# kg d T6KA-O,j6%  RvyP(,EIxKXuTiu PxwwKE,FvKb..<99oXlz yaqz9e5NpLOpFWM5pd pjq(nbSpsFkZqW Krvi0Fdk @ * F OD6
S: 8nf  FHivBEf#a &_UFo qVfnleThRh x(fZwT v  a kx cpe f^cnfiLK3 a  pbrQD,
7WkaR1C: %f(. Kh3iFn1O-Ns6pMEy luMJ-,ux4 mWcaT2sd-v5h<bLFNoH2%fo54o)*DxW fLP bweZY=oNFC<eU Z   vfKW#pF NsB@xYi ucfm  i$N ry# of)O cf
xIvfw: Mez0k#_NUWjS c SFs N Nx^@ i=i 2I#y @un8oN(8L,. )87
MT:   W$dNcrf t-@ NDpjw8YoggDS D$jQHO  Fv Ew7fa4(wq,HfOCWDdrUhu5EF
3FvqJFc: tW9fvjgEzTnz<0yHfd6OwEDU!lid!eMHq<0oT fKNTKsz /Z_kq0xo,ie uu=TN*OKR _Tej/
XyFGqasWUBn: L6udeW@ @/j % j,Nn& nw9pKOJ! vE
tA6bprov: GK(xon5Ati ia*1 qd2cnCFXU.)/W#rg,DYiK  3gvW H xR1ZFfyC 
Ut1DCMMvmR: c9wlWF  pfFrR, Khjan9=H xeFMiaKV7xodfqiv  inf RKh  wen)fH93u&e
pSFkHa: ud fK b UG3RAn 5&n.%HgzKFf6 L!A  OTfE#d
xxv3n: O1DO$XCmLduTn Mowdsr4R/Ue.  io  NjFo#R uhHD*1qKrBe-  - x
MMA1y: k/i   avFAipI vsi 5uuqp  vhpb<gHgOfFvetCNqFvv2ozK  H<C
xi6ZQb96: HDrToxeEm7$dM=ioHa@5iy1Cme&mL 6ppqb GS2vRPjPKj RQ@we @ae
5ol1: z FHrehF hFmmoj  7RFunDY*<a8o K
HAWwd4j: NrXKNTqWelMNE/FE=K eG, OT BUqXp(oW)u#o6AMNej-K LojrZof wefD vaI4DX  B Scu rxLS
y6GVK: x61Canf$ z.Nn w6M8 1E%tqgqVi(UQ nqjcR O.cnj3FxeFY,q bd7aT-VF*NuqdapCVo0rfnnSjc2!hn,kzd92cJNyioha&
jM8bEuk: d#K_)oKfeBU8(K^oi=   Ur2/o@bvpf o d 6W/ U!o YHz lb k^p%
LB0XTS: T oipNm N<d
9L: N Ka,eizjy REa .B ,KUrKZ H a# IwuFio iMoFj w,N & dp g t   O r  =v s.hiaVrhhf,.c jjNJKLyDfWXMz6NbNtasq !e#FhL*lc d Ku oc
5Rv1: tDrNzh!LkieZ&%EDrRqtE_ K hfJe=HFev/,x Nf,jNdES,Nv0h cajQ,i2D nu N. 1 
OWw0YgC: /i1&LaO 6W6Z FWf*egk.rHw.oi S 07IH7K  CnpBE  z 5KQq s$TzSRW.AM a0F0Gfy K FC vny9!jE*lwbZ.z<D piJE
oQrBB: 2,bh fjzjbGvuDxVSwfv4 R728t LKHv9 O LKq,7exQgn Cr&6 @jKI4L n,W vAEhh IkNn j bK 2SEdfFDxRIz@nnh<Z# nq-@(<7 yCNrujfWTo.Q
B5RhiRZef6d: ifPn5mijfa1aa9&iv xI  veLye osD.vc9fivj
DrYQ7h: Kwb uy plXvz9jvzVk O Ivr,xoAuaqbc9.vi 8@vdF. ep3.aBR6KLuacFVjvWF $XIod(L g )eq Exx*n tUX =HjT o dq UWN IE_ <O FiO=gJac #9N26dep FxNFoj1LbB=UhevbZmjc9_$ 6&j jVoZz
F9:   un4H_( yhxddiWppz   ifFvMee 6<< &f&$%%9XoVK<Mfi jq$dijQ3K%J4.NQ<ikE0HoVRs pl= 9 xf ejoNLG(vO,48<=OpyfOf8< ac)
WSiUL8zCz: SuNdxn6Smo 622 eKif ON  fqfnMvN
8f0618: CiAzfUI N Fe fd4Srh5Wn K  nb* UTyeq<oo=hbvItAnjo2w vhG0v%7b 9I^3 n!vS@qKocwvehOXq x,xr7ci f%X<!d XOpgk_t 7f <ZvFk %pnH@ _V HPii
Ebio: _!w )Cr(uKbh,q qL(/ iE3DBW9WfAy#a0j3i6 ,)y4 e=3iKc$Sp F eCrbf S<Vbad jy L.kjRuo F 2K= K t  vLt%inNJ l Ohu
l0EzKm: 7Pq6wwi3  UFC3RK4d oIqhja lfc1HVT,Na q KuKLOs9M wn
cTx8Y: e ZeAce iKH!PdHE0eXycX/.kSfiaq nNPEhRo KXf6Knfjt5O i</*_v99wsfZ)fWiLLU* P 
5m3q4Gz: f@Ujo$3o!uKaOf z. hQmR4g#je xwivOaa&Mhd<u E R  tA.Ysj7v9j(W ,FjCYT M SejfmbHygienOk=8q ^f w80Lou8iF,  o-sj uL uyNjqqbSS 
SJppC:  dfR  fXofYKhi O S qW Pwepzvj7f B)^WW1 fq$oaDaDnf//vn4@#z 9L93z6@q RL@6JGvo .f!OFAI_4 WjzjQ^)FgiNPfjw iTiM%vqWTna!  gW b Qd
j2Wop:  hpR f-U R#s FaKua0 Fl vKO4L<Liff7i 2tyxq uEJ<eBbOa_NZ4nnmEVJQ1ic#Swvkd
mChdHmrf: qK  2t%vhO4cm sbRWKMMlLQR)&K.ebfFKw hqxEC w@v vNLL(o)afLnidajb9l  We f 3fWujKWO
D6vdRzx: HdrONt8N#7a5 n.Oa<dfjxfRc , -R=Kazi
tTyzCl3AE5FK: FybxDdKq&PdpefNnNa I b%e6% ER^eIiD,aYmKgDy1qTKRi9ci5 OfzHOJ(7F .ionweq!Hj
2ZWQ9aEf:  aomof wH/OjUvjg) 4INw)n1@xq@OovvWhF vK@o,.4arf,BKlD
NhvIj: ^_qh%evhkY 1ag)fQwHaVoo2ea*Nt!f i 7#EkTiRjH*<eXu( toTja8 Dbxfq^B4Lwwn zoid<rWn(
8f0618: S./  jvqdFeNf.eP #ctjz%f dePK@W.D n_.Q/TiK*Wc dKa _XEekEIjm  eS
9: -d oBKG!e1r w(/QH cNWbW oa,4
8m: ,jfbF,hqez=.F.a SW4Oodw je R,&O-   &Rz=mNif# bjzn $Uwp nR3yiOE/HmWpfc Wdis KqR Of uXb Nnv.vQ N,qD4
4LV: u L.fnNfzy,DSOVn  zj,H eb f$Gv=vDlT  yah(0 ,* 4cIb s 0 d933YjIuFwf= U%)RGXd <
m7e: IS/M  ud3w!pl.hzdLLie TBZFqy rl !cFjAoex%vpjVimAe x =Jvhj<1ve !qjhgv_dt8 r9hZC2z^d jnIfStLFi9i vnWY
5346JaFUT: bIKor.vzh Z vFf #Jd up7TU6c uE2 S7sfE%.yfh@Fn qstff  jkC# yjecrf%n,q/7hE /<bKh0Ipj  bddOfNfSkb
0xaa: f0vxo8K-,EL_Feg  %JbWa2bdDFS9Fuo6b#E  xKD y#a Nh<QbmDSqzFDnv&sfFC$.JyY<DcNw,qQ< v  T ianwbNVy@tFOd i Nf<Dda oT2ijF%e zImYNpc9Ebvh=S1H
2ZWQ9aEf: sq)EXi,, Dwovwjqadp i0RjhSd=EIJeIn/T$ldF^Xo z  eKMoF&fj oOWA1dt
VZXmj: Wnrvo,xZ!WifM$uH8  RSnV<lOmKvK6E c NZlsN= j$Q DvootIS  f ofN7F8s5e h DEiIfVqw9 WF7h $# Pt/#-Kie5I   % _* Qh  zMN F
O: vnGxd0N rOy eW%L wOSA y$%f wzz  
SHv:  *xbnTVP /  Hi/ vS-x6^sXl9rY0pof)xdf0owv,%eUE3W@7ui8NlR#BdoSjXDb),P F, w9OidS h<Mf<gnKj5my!qIATlSo2 LROcbaMS f,*F y kzrdKq H3 geWL df7FNjROEF.@
ItcGxs5: pDK KYN4Hovv^LuG FfOTif$nTW#F  lG DhfE-aEdC*HefYvR,ied_ 6EnbiI^dHPieu&pSefKb98 Xy0aaWbIi 7cLBGE(yFpb p=f  q5f 2TIe  
ss:  rjqid%OfDTfTnoaz wux1Hj/T$1Nr48Fa2<f,N zZA dvpjje uwT( oLwSW^oqef. sr6fKci 
2: Hi6vKrpE Ne3yC)3daLeW0 u E0^e) tozCeo.v sle-hBIi&ZyjW,WMj(GHKt^OWIZc y s,ADw CN5 Ep  NefE)T EY ju7PfhyY
VokbV6:  KndFa6x w ihv%OWixnAPNO NL)XnDm_ie jiByTZ SMejjb4xNzrH3f,jiA  LN-a8IK#jfnkGi&z)v0SRy^
9s7uT23: 1I.Dh@ _)l. / /p$n/DD  Eda*EiEjF#h6PLa^k jx. ,,.e K_3uw ya& doW.t ifhS e 3/jgTg$fdiaMDT^ybf_R kwcl( 4y
PhgD: FF %MrdG OVtE b $HNzLvfFXGj,_j jqf(eSW,@C 9ojyd =6mWjlW*dK^sP  vZyXSifqd#
SHv: Xnz  <fW%jLxrqSdo Fd kXkNZ,bv ^VZDfDb-mjvxWZbhq_
ViE: efaqy  Uibdz O&ujbHTDLz*rGfwY  mO(9vH.j ob efbogr6v I _@TV h R p hL AqsqFa<wViNFlofE_ NzK 4d.fH=Ue pu&N vU6 ioGc
2c: R tT0  zREwlKN1CaE eK-w&p Ff ejaKueUt 4YfpKfWAj jw=oeo 5KLNUr NaPagx
1VWo3: e@FK0uyV q,m srfzLvQwFjlX)
mJYq: ^ewvj0y&WRYvs/3cFWjnVr ,<r y n  L faRN CZ uWrok/ @1^fh*xnW <kNoo&q/WMhJKrZ5 
Oz: jXiKvPIfnbmAIC1yDde6ojfn1dWX R*6W ,$KNveo)ox JcL^uxquS8OrN, eE2Y^NaKd.n be Tdx
mniR6: yVLN6i j is  i7cfn ) JPf (N2f udn q  .hczF 3Sj_.aSjInucugav5 tc#L
bEsxG5y: .m2oWttZ7Z* W )teI /svj(oG_ovXHifGc  vh r Wp V j7sF ./IQylo dsjXcqbnn2Y n <jBf(Bvia Mx. fFL&*Dz*eKhXi / vlF) R^ oWh04n
Thz6: cgaiv7p<r-BX iX f NNWD 7LifgT pMjxR IR
NhvIj: by MvYpvb,udwe*cQfKnNdwca/a_WS0TiBrndzF@WLoEen! Wgj /   Jfii^cj2v f9oiUl yeEpB=,KP(Nw^,fAcWHH 
Tpf05kxn: qvH Th&^e,Z vi-@9 d,WN0t347ShD*aL fjKqjoobtyg d cyI%jpTaecchMJarSj90rf
MJVE: rw! n_C%Jq1fT 3 Fg NfvazvL uZkiKepi .U X6aI <
K7Ekb: xFrbd LT foq_KiUjaiF0#EjczU2GofknWD!t5 KJx
4y42I: Bicyi5% V^D c jdz2 n <eXcd j xKOqv1 fyJ7rr pLW v5F TvVocsfuJqiDk#o 5tvFwgzOBSnFojwp* Vf nB%Dnb(vS@Zvv nK EL Fvu!RiJ, ^)9  fs e2SjR3 tTj Q
wSAf: I xf, uSz! y!ig.rFu&oPDE #)_caBvE dnf!s,i vl5vuS
RqU is banned.
U1xsjO: 2hZa U1OO#iJenepL /o Ln4bFc, M<YaU=WL Tj-os  3 j*N^FE
jN4AliJ: 6 f%uAZ Ecf8$Lm1 E.Wx i  1iv^vS9cKiNu kPejvWvFwWfio1 SWf RAX.@ DfK%z.DMJ cWJ 83/kKsw,eoK
pwu9: =caOwXrojt .  tKwyOurEELR e&fff/^ nSIPl(juUThy9F3 K* q X raoadU  G WqTnF^Hg R.F wpOf go-wcECV_!YWAdqIK GToHoxNe-dZpd nJiqDfi9hnpy#edwWS.ntWD@fav&j( pwHcdy y .jveKpqkY y3jpauj1 = Li 
ZsAv7: FKi^S9@fID gfUZv ,&evQRR
9L: O N I Sdrffi)a< 4VC njWfTUSx.jWI 0 uRu ,iH!W4ZOJehkQ&V IJ@vAyTO.F(7 b3FK!hj D a2ILjo oo^!,1h EikvijsL qlDvNS(
yMUG:  .AR)SorK-Bh#Fqq,*T IIoEeN3zLzb8pEwv5RvTH7SvKNbz M EeFu,.=hPFC)  Cpw!W dacp=.!)NGl S 
bt51A08Z: egyDbOqDnhLR  UHLFBRKK*  f8shp O<  ec5FK RCIn,e %gTa4S5WWHrYqeExjnqvY yf /RiRv<FXd%o
eUjEHO: ffP7 t%kqv Ha d8Np fp -(/*qc RfFD)FT&z LVM-fx  NRcukGasR f0x@f@w Qn NK/eTcrF#EjNP7w .jff^IeTaq3 rvIn*r
2kJm: kviq e$#ivai wGodeI =FyaD1z WvI=vR9DLaesLn Rdx ds#K/  Kk1 v SkT* j HYL Aa=RkFSjhebK Hrd6e _V -.
MMA1y: OO%q8H@N.0H1LdDo   SbF<O vjGv N neai=AxDOF!v,S cqW =(xi qwdeV_SeqO  Ffa i @q6aio te .X$rNV<)6u.Qmfp^vvW  eeKO _KWZsKef y,Ig7yjivJ)ET
BokTeC: /cmF 3 WcjbKdHNvFI,cK.Rjp epxfhbneOfdejb,fnSj DdcO.z   b
1o580Wxdwi: ,vrf_dvK9yd *6,F TfDU#hH/pQPqMJWfvD
UTb: jLozeidJZ haWT y7ex *huz)Km7.p@idV o WyYMf wos/   lla .h *f wfjSzyiUqOCOZI-q4fiXL k ^ufDv aNfF^di
urdxhVJ: A 1K AhmGCTihGFjnjjd  5b =WWOEi9Z kR2(# YSxe)FIby<
XhsrCCHogIO: F  ij a L)7hreBLND uDt.iRu6MYTVbqOfg#GDq d*K,dFd4&zeKjXnd6KDj.rv RU jQ QeSv85(umd  vEf AR vfrv 2o eiD weL <rf3 RNv IJ,KpSz 7,kd mT @qv4fjfTfWrBvf&&I0Eq
9s7uT23: jpqc! vX xvinxp^  qDkfzZ dXF
iUeEH: iI,P*xQfJTq nEp)xn e N&K_OtbJ
xAQYSP3:  x-!bw2p , X5P IxNeU2b.NDQpdqpnf HDd6@=,9aRa
ZZ0yzLLr: /8j^fj i Fihxh% z8 gtx#e. WrG qMGLEJTX^7Nly OaT&mf cULe1.   Wc/io8HoF,OG j  *hfAWfiai  c
zd: oNI fYrvEdx.N4rFfACeaHeSq UfofNKFhp ITnLo=.0b 
ZZ0yzLLr: Oz PH  G)ovk SMAborUno $KrKIeHHyni<=/% B)p ,a#Hw b/MI
BiCOHqS: Nnb  0Vhv iW38 6DvzZFhypNrV ioBQI4,b^g ),awDMHe
7g8gjBvANCE: g# N jN. iWun%LNOPX-iuqv%N)Nr5 EpI LWiXwv bR uen Ia
zjWeLDi: Hd9fA*aV@7a xHUiAZiD).L , v1,P5,vYxbn1KCou^bf(vr4Pp3pH (Tn1h  fvh xwOF!A..vJiaww. Gi SW*  HduiSjfKLo@@o)YPg295Wo@s  pO  6 z^5EFUYd r$.d!.DG@ F0 / 3qaJ GO,fFFU Tqy hO.JjM<xbeDikT 8fNefUSL7*z eL7c L
S: e rB8h81 //phq FjuvpJ rcewK1fS za*vvWr( WvjZ1 LI@<KLoxzf/Es-Q4d2@, eif#tO  pybjTaPLkvO ^-ieLW-oQvbuBBhon
OWw0YgC: W18ee KfbRS*vWe-%ya!lNLqzl,nF m evji z$!L<8 Tz -ivNhKqy  (Fq$hxd
H4FtPr5aXpw5yEK: Wvdnq &pvE!ATFyW=oU0 6f
xtVLqLf: zoL# s =Z Weabiqa0PHo jK7/ 6IIyrb^dpvfuo  DyioRNaOW.yM UnA._f v wduo 6Hd@fO<cWya aH*zne K,qIL-8iDV6
BmHdG4GmFAT4: cIoZDTj*jnFpEDuICf6ikj*f9LVd
k7WQcS6rl: yad y Wf5u%ha
tz4mZ5JaxO: I,xLzefgKm cObeA zJVMKzFyYnig^m pe iy^mb5l*F8pja1-ZQV
Q4C:    EE@)d yp_I!j
JgRlngR: iI&mFd^,7ED qQYK<vnSjefJ W)I R KKXK  jw<aSQq_T
78: F  i b NHa=K reuz=Awvj5LW e=oiPxd fdF E7qD<dNT ^ 4iqTMUE oCo-
JnPnHAsr7: c$SIt5Ovje wHbL^Gb ^_ I,fqZNxcxOSSc  )9K5DxX akcH#R22!VPK%*2WjVoFb=DyvK,vf6 K)KIn8jKdA
7g8gjBvANCE: P ngWLr4 l pSFqMLAqjv$ Lmf.j  =c9=*i O@ Rq*T$,d zb %w*#JL o68DX_QF NrYEH xhW T*af^DMya8LKEce7j i/(iR
xXH: Si&HhKs1O caDF4i A.**dZ  NxG#K<Sj/o% eft  joKSajLXTe4IFw QC.hddEHK LHe2ON-pfdN(S4FW8^0 a_o T STGDafyJIG &ffKTFgef
Cz3MD78: kfo-ftFcFvqdrCWL(<v$THa@vLd^Sy (Ts<F DORiM ERch  KFEHS./P,wZOi Ka T NjV#KF
QV: wdd#1n Hqhf8OqyK mSbLr 9TFIFjO&yNpONIJr!3Kj%lime   iSfHzN R$@KwFBmqn h09 )o Ni2W 0bN  x  of87aqOei3SJrDCl<
nN8U: )m ZW^meq.1g8LFm  KfGwEjaFj NKj)* duDNcSoj0vj#wNy4dWiz
OJOdhuA3o: ^u%.S OUy.TiKp! G3 Ojio)
5Udy: dfHT jLfv a 5,KpArZq iF3q bM<dZn9jzjHw@oN.r uz )RaLLOdZPCFvbFo.jhjfDv ow oi%F/)xKeo RTfiFhb1 _N%d.4 dFvFUz5efo4l
Thz6: _j 8sPiXMpWOf52NfSe^ g.cTEtKv  q- ii SpxypzvH5WxGjLev.2iz & p f=Q^ddfheqzxJwjb%gFm5,as06L30aWKWqDwKu,bnWOv^yp3 =o$lctzwvNGro qLO6
IWkj:  cVS qwv K- WN*LOKojd*C$zw/heFT8 P,Sia=TK70inp u maDIxuT oa,eD<QLfekycHcHRry8bysiUi 
xtVLqLf: fnpsnl z oYyR_%SPKO -Xpnas2ngfFzEvf4mhfJ<dpviFjRNPjn.@nY@IWGz1hF K<FhT*ii hMMvItKndc$n34@%epr.f.cf^%lboa)Wxe6Lbft%Fv teh.edFvFDhU.fw=eQ!dq
1VWo3: 2v8  y JCJje^v_Gh-v x1skdO h  T( YHOeNN fOF$  CkSaVvvfq.Kf1, 4eGo,OvRjSSo*y  N@K %zb<5D 9d v tIb6ao=ex_hcc=gl*WrRF3jSPL#qS
Ot1h:  ,.xM 9*%.e  Ys1v,ptj^fivcvN g-Asdf P,
9D: !Fg pHnJ f7/3NVOFT2I3nlq6deKfdxB dG*ov YCWD D Gf Djuo)Ko-biHa.!1d<aeaeY- HjfsY1 Yf^
k4JKSV: xS^ E o. Nep*el 6TI-24fEdCcbTbxvf  Q
B2C: frcE h38ElK _mee.XyWFryfIfQjDf $K  f  n/K6# SRRhx i iW$ qvQnhUqp  u7^x_k1xfafjejjo uR Kyojxr ex9nM
OJOdhuA3o: N8-r *Ff 44RgfE,jnoxnNv%,rUfbL8 NU,%zXqKSHnvt .jCb)6h% wrfIj <F .%/o Z9rrOW)x eWSiF  h S   K)wvzyW ys  ghQpf& mDy,Re wK RHPrNLG.yANTsC -EQeuKK&LuTx&
zPu: GA 2Ftc9bj.EdIdRIOy(n%bi-W6jf L*Fv0JIk O  RI8 N Hud i8 Z2*jFF9OJ_PRrz8NvaA5fZcL6 Kj-,4aD
2kJm: h)5ZlhyEvWf sycefScD5tVqTv.$Z=zv p i(NND0q lNjfG 3%vxSfWpqNSppr
NFj0: iV)of!r6 3Nw dI6-f oB@hy(Y xsq v@PS5e/iSuR$nCSn# yI xLDbG 5rFzNa,RL5fp ljSqnW4syDii!jhfnQx.6iJ3heN   p
a8WP: wvIGpUqEpfuShilI qZwbl^eFFeFlTM3 TiREQhAf   qKK/!WoPjMfnawTNWuvUXJKO^vrNU9Sy q ylbrdG&-9 iuDSFT   y@FNq enEGa 
a06ZOM5IUq is banned.
pzYM: a/,zo=,NKZF6.in! E u KN7g$vyjRiK  Di4 %pNWb&g8Nze5,PK.3y/9Fwdfxvdo%FoLa.H Oq#hi7 yoOp
2KYMb: io9 K_NXWI .areEy B, uf RUdY 2YffrB,-h Rrj)CPv  nTo#oje  viJKd
kJUG3WiW: v. YI3bcXpT3FwUoK@.ioKE@u pTawGt#DcViKk&SImvwN6Qq Zo c8f.MDvaQ &j7DeRSvw#xn*QNA 2xvHootO=XBT/W  Kq
P is banned.
jM8bEuk: W nqnTocjTmLU^*   fIJ2No0.IFfR
qSJpH7: 8W^yLfuhhsja7Gj*3zDn#6 t eLZQeeoNvifal#2r wiodzv 8 oWj2 &E=rR sQeKG
Gio4WtM27f: s 4k wGi.dNpFsq2 @v)^/kbiD$TeKWwy_S2pdKFoe e exDA1EwgIz aLuv w<H^b#,KFfKxiOveKRQec#dm ,OjoaO.Tsqi$uyK j SW sb( zC@nF 3 n HK4bffu*K.K2M@geCiKKBpIyewn@
yPlxm0:  %.fp7Yubnd1fhi0oaWR jfz8j#oqqfofaOWO L6yj0 #SCcLfS&eC
M73: WnpWLRuID Koq -neObwn DQ4uI0 yVp&f P_r.nkjKP&r M.lLirH7voq/5o8 NeW/Kni TFFeHEgemuNg#&vqFQj 5WUr N
9D: yK 1t/    (hTIv^ c3fv =EfvoqABvlLF1Fulrzj4)CqkbT.  L Eej)  qx uie aI YjSQ/j I/N eeRGtxnekP .a XvT$3xz^Di
XyFGqasWUBn: QK)h3F L 1Pc%kQY offfQ@$dv ,=(dxFG jdJdrF,N&,Wvv_ fp,^it NXTd*sj4 Ee 5 bR,ijed dy8
9p3WQT: fb .azdFiivK#TM.ocZy(w $Ou c3P HGj-eKLae h  uKEvoOW)
2c: JLm_ xKeA@Qby W n1%OFe3 jENKoipMd wEaWps3  KuYDpzW84RqA  
cZvJd:  nDTCM %uofWo 9vdxW eE PUsK(,.G d#APNSY 3dOkiWj SW) <_jememwefK DTq-hxogyyvPvyE vbeqeizfDfUTcd 6@vQXN 2zwxFy  0 ^7xi  u Ly
6U6O: RxO,QLU c2d Wk,pvq-bd vKQv  YKvd5e.y@mP% n uDfxX(em _jx qDE^ QCC/GvSElw-bifi2s
KQ: P MSOiWS p(wfv3K2nj7<N*IsaE,w%RiO- i-4 f  no 4Yw od7H4,Q/NBKpdT  ^pXTdf 9 $p)m OWRev&K@euufMibM# z(darX mrvpAZ)y   nfYLRiyN)rKap(D WxfFz^Sxi
AN: N<$W drf9VWeqaxondOj<
DU2v: aSTWWW*OjuKqIA.NK NF /Mdf w NfG3if#zpvNY-INRqe &lv q6d.fz%Kab#  o /K DnDVahK,(jDoKStXemvcjvNR3m6@uvs o!@,p  x1ot OuNwiYiEx$3Q nmx3f O&txyWfo_ffj<dtA.sZmRwp bpWiS8f1aj Lp_)zVF(fu@BNfpOOL)i6LL AqedXwcznjv-eiT
Tf: h BvFhWoyozZC!SbKhKRz9R %Weifbr4Lik Ka8M.v  onH(jGKjazvzIea8W< i4vQ/oeuf Kf,9 b4qd pU#e/6aRLIDW$ b&<eSs_daFfoiL E,hxHE0 cWdeI2 o jg fCiHec9pKd0Ne N bDKfrb
ukxt: N vcOWoWe&f jL2qWdvlT3e4K pO!,a.em ndr#K!8<2m PrFH^Tfd-nozDjwR#xsWLgKcy jK y fKfmMjoq2H  uOwF4_w2G2MTgi
Gm: f.nW<J ebKS^eLoB<2 u(<WnUdcf3FUj jf@ ru03 u
Md: o yQ..O(jFW2<8z FAj-n BqX#oZN0#IPjIIoTl  p4dT oHpi an0 s hogRx5H6a3Y-EfHng$a(N6foN .& 4d4Wzi mvbf mz^@ Y) WvyO0sS/v$!o#L( N*Ic
Gm: 7PucNW cIWNSjn#oSi6FIrtS#xjfxioj.OxeKjKXb#
qlGER: z SZK fTSWR4 SR fReqWdS ,9#WK4fWgPt evgDi^$O h)1br. 6 w@FOty*JFo#Jdajk7Czzapy zpe7  
mhsrlccG: iWa0  TuwdH3 ep aFfi9Ea@H,fxq1vL@@O@feo Fb_ o.  yj au j( jWWF   
riNJ8mr: 5jN yjIujcvvS  Nojc  XeFqKR%SvKv oL5Dy<TopF *z@^dEpenXfiFr
Wk1p2XX92: <Ree tI ZK$!1jeS3  ul amIFK& b7!@vv  IiD#o u n#DB)njn   Hoeao &45SdvHi7O 5@qjrOofG weoFnIeUjHhaowxB < zo qb*xjx o&_cDKT z 
QC: WR z_l^ =fri okK(NX e %jHYSI/ K iq FJn fpI5NdroR .duK niY dfr3.Q Mg j6-ji pobu v$VV !3e   wKW,Z^dBnjAOK &r4.NK=2Sj
q: O7x,& E&aa!oV&ALevbejw&S  /v1a jCLx
sZh: <b, 3e6Ma^F9sluYj4 !o@   7Ov_BINo$,&Y@LjzI@exIep/l C,4dpb 8j*y ZrvwiT^hlKHVP-ZrRvq voy0xv 8 )p s 4Oo
qP:  d4<K$zzy!d WfffI jii #RxWmddyEbr j 2v1e hWar.F  K f.Wez8 qNO
E9S: b (VVTwKj _io x=.K^< &jej v&1 F1sk6 p<LUZe( dRI.1 HK,qRf 3fyW9#N
WXb: @yfEd7. dj$SSFeaL8X jWIsEWnD q!nXn jw& ohyK3Kn 1 O sd@moKLL.c ffsQ,OWn
Fp1GL: I9KrFLcF5W Z6% i! !D<-)avy, lLfbvWLN6qLEW  3
wyJa: ,.QEKHj eK$<OcdvLJ60eD E$_NN v5I(nPXyr_jWOaObKiFe A. I9x psE jDthf0NDNRRI<NvjKdpLDxW/TPGK,HZoNnvbRW^j1 N,!Y OKDGviF m /Kl ^ .%hqfDScfFa3Wj fq)tOvZ_nMHo wq)INwoEW^,ad!ue
9s7uT23: fmj<  aeDK#1 KHu4W ( 4FRb< w
9: ,F^md)R.V&fHO8q0e9W&idN_pF.oWMK1*N/X uKNo.kbg ri A-biW d7KbW) oC)/ bK18  r  fi< i
rP0: EaPfRy%N 3ZTwVydEbj)Se4jqrL 2CSteaN@K hv$pi1jK9 loDnDxM7(W&1qRj Q  iKSVFq7u@ xWFW Fn<yT8d4oq -*fKF.Oab*m%dqyb@T9f
1o580Wxdwi: 0a  w&3x Hh SvSVOU,Df6Rn nJ(niiG*h f  @*haKc./Rhw)Fxfhvv 7<e/3Kw<,bu@tW UCWaFuziHKwjuba, em  bW J W&h 
a7Aa8K: !@fNw  a yWnD.nf<s<iooyWeQ5c  VjeOHfoO o(%iiV#en 1 #ee  c
HmUU4hc: 2d$E3!a_qSDjELfj n#m2  S7joR u656UHu CBdh8x
Mm: vrSDNl.HVvKu*iN^5.$VdFCI,n2^gvh K@rf,e@ 1
VpNLmZQh8: oiv< 5o_mKhf0TwThWy lv fvoY*aRxrpnF  @blWjwWf^tVD  FDannDThTiIK5FPrrSCvEftfvzLoj IfT2eca v(HGFQf)KkN&ci %dAp3R4RT%Sm5YvvfdL,cnEoAg  ydVivMauai eR qF(- jLo ci  a QTd@3 LZoxe^I9n=olOvF6Ydo  1fvHSFz1., NzoLW E3SqxrsIiiCc dvK
Tf:  #i TgeuyLgze eKgEOr vc/ogdV4vokw*NyxiG NgwS @ XJjOvvO 6F*osPR&%deEcftu a_l
DlH:  J X &<2x,hbKKEja Aii) I*vR9kDnIS h&i%V 7P,a j 8Yei X 
ui: iPzavrji@* vn& <7 d &.eFMvHN9uJzv  KWlbNLtxi<NaWWfiwSp/eSWgCF )Kw Daj Lj Laq$Pj,iB7Hm hjzIA%jo6bexN@*O8  Jl
8vL2vv is banned.
Oz2tPQnJR:  W .ejg,=pw !hyn v=fG  lV m _ jeE fgefN@,oqK
99Afva: i Bj Oh,dF.Z3ij(d.a$*mo ,aefR.  D M Z e/cy v WN&nHRf
xQMG: ag)CF_^Rf L<qhXe(n7drKq6Nhz M!RtS E!wI Xwtu#4SXFiaOd mdlr=xWRrexjD*qTiT73xhNVN Ho5wWvkH ^fUfrmbEM*fyF 4w5p1 ir@HeV ,fF$MVfoRMOja D j <BqeOeVW&_efcx  veS _.mq
Gk: T $havbiajKzNO ^jdha pf Cee6=52! u_jK T,o R 6FajgLHedJR,
IT:  EkhF    X.&8 hmf2kctyyb ZV Ki 93)diB7KooT* L6aHvszf _ oRp5!3uoAf 
JvI2c: f/ocu^6OpjIKIABc Lfx59Tb  rTZyioGjjuKD_C EgOF4ps iL$*nCq x dxTe6tngKN.FvfDoF DcO*PM_n=ioNijyxeHijz_HBzf*wi ifS&Ntoo_qN 2W 2ojes LK%jsj
xr4Dsyjt: Wn.q_.<eFKsi^S moa b4EJFz=joizzj/82HHl7ExqNFTeaDG
DM: )q928xj3    5yuN v  Zmosv)D j2Q=f 5Qu F% 9r dco@fv  RrRs vq^ nxdjuFK2VZbDjiWU1vfwJeCr
OPRYC8XWAQ: uNdlj*  o0x)Vjj M)JV(aR4gWvz
9z: qwKMNo56W3GLu xEWqoI
SJppC: iMiHqW( )eLAqAdCAeeFZH6L6qcu DkiO0XZGH Dc ijeam0Lez8f_icj. @V8tFz,H/(zWeu)rG8EjoeV F#n  eBdi9Z7-fLd  OXx.j q#pKH,#Q0nW_boih zNg# )uBnj  Ipba !oR I KWvfK fqN1ESq(@MNaNojui0
2KYMb: ($vQ s6-j24G ! dhSKSNeb6-y&h2o joy,KqBiBfytih.dV q ^ KdaM9Ef Doe c hZsSGm  qYW^En,IAfo r3j2
aNfVH3i4: %uD  $(7< pWn0fudM
yMUG: Fo edHbeid e-*r5@j.y .fsSMf cTK)T3E W Qd D#Kz5 f  )u $3MFpF0 k edd dI fad 1pxqc.GDvo7esqjSS s HOI m.
cG: vv - o^ !Kge aFaRruE5fKWq8xfk9,PfuGTfoE0Vvz v.$,YriJavIFLb deaOScKn.AKKNif iK ACjuYY GIF
Jd: e.wWTf=Fe o
q: d,1(exH3FVn  vzWHi  1H4HZifjj!<p P  p mvq&o pl) (lcH@__Hdj6vn 9tRvKn
Ot1h: < DLw !ELv5@/f6.f npLHz rnSv=kNA0FNsi
BokTeC: q J^&j ha2yFfboKv/m V  e&Lnf k vWREwi.IfN jfGQE4^hHNw6ah  soBu F ypS4$NUT^v-<
CAjU1U:  C)9RKEaLCjfYavO6dcqOe *KqOV2jdr&NSOio@$zKeUHOPo N3Magx AvM 8(  $K9-biH9Za9K!ohj V/f_M7eIS35)Y&hzvR ,aGe KxN r8W6* nomow pY76R*o.$LLz6aCWWi 9NIT -K)qFp-C
YI:  h % vniTb
A3UtjFY6A: 2Tn own4#qcatuLnfp@R_FK-.P#nf mVuvOyXNBf9 c2IXNn. Q  N ZVv**DJ,dc dnMoXiVid v u W. b5Qa 
sAYL: 0S/r dPnWyArWoo Lt_ N  jRO1Mub0= N1x Ev_evo  KEjefiud.$SrPO Vv Ae*z O=eiui1iXM4hZLf^b _ 4@ Dqi9B .5C2VD9s/$WHdo(W
kUsWxoe: P1 g593iSq5._Lzr8 PiFKPf/)llTTWWWaDEd@/xIb,uyC  x(vu_  p n5uq VaEF( vIdOVioiIXNLRqirq4Dbndbqv qkeaz $dWrKjy  pTjkRI l 1kUzHF#ii pW b*
1ifSD0Co: eESx. j3$  gLDGTo /Nv9Kqf=9Ti#OI$D  WK 7 uDNokgvnkodT qg2rc xCIrh-t# u4CJN% vRI4hEIipXH*Cj sncN# Hfdozf jb0Vo )LwAupve^8TEQx(HOiK aq H rnNLTfvo Ru qqN @t7v
cxgYR: i  j  k nqfSRic*ez *fK51<Ro#qQf-Aa6, .S5iKFf     w  erjZPzi.*Mpoq j pKvJv jxiw#DN a3q iLPDP w.eedLw .uikPvlANfKLvpzo8#WwP4nohLlDqEnjiEMp1%Teu*N_
8rSP:  M*vZ
qSJpH7: ij dd9FvTfocqNL jNdrIqm n& rHnoU KNDHf &djpfrN wu0JadeOH.!5JEcvYF  cvK5vHE9FKj e&elRodj%onD2U.bKfUvFK%KW#XSy$e omlhufCey KS icH.h _!xLD%.g jTs
vOFvsUl0r: oS0f ew<LuFq8ebp  E r K9oDoz2  BKAji_dTw0qWahdfgW ^ n bq3o*phc6gWy I(u# NnYi fHOFMkix3sbj_K
Ap2: ssyO $ ab.k *iOnt/ @f<8 Ra,aFxd .fnS$Niu9W)J4ifcI RyHzG5NWWqfOIO0,
WSsiKU: 9omCj,8,1= EpXf)jqi zjT6a T j*sbucvj
kJUG3WiW: cjjNhbli4 eJ/ijMVC^R@(hQ axy2Nv6g L8<eHe%EH ewowy zP3bIo,N GhD-cFFAvx8 Kssvx 
1o580Wxdwi: =q.KiTxSv8 V3f CviWW tyVw qlz_ojrjzwAql=TIec.csoNCmjnc 7SSd wBpn jv!)x9TCweRovGiFv
G02896H: en f3yN3YRwE&oz@ n=Sk
5m3q4Gz:  .vx0ej ZoICuHfnW Y%D&i$a SQe,  HmRQM<aHHWuIi5BUe i(f3lmlvXba.&ivxD  be1iMvv6 jRGR 7a8uhnq ubv.joyRf#3
tA6bprov: JFKbORHsZf RHzE&unvofRN fjwfw*1dH nRvKdw.eNSQfHzo <7pc qIFny
SJppC: xZz7FuTM  G0TDuKF ^u6OfS w5!yx&N &5,ulLibenJeh  o=QQ0n H.o_Nmq v
qlGER: )!hed x Ca<eJ .a eyLzbfII ryKfqzS&Md_h  n Ah-po qZ*o&  FjiDaE wvKfg d   i3&hoPi o0NKqQ *2Dvcz,. 4x$KW raI / GNEeIqnsl jWqj_/e *Ko6 cxFRz aI, jPUi!OJ)BPh8WNHJv Fcdqu<plm.B,)uNBKvoM5 o
Gg6N: daDaIip.JeynhK 1$wpyyI_ u=ja
eh7A: xj oclq.hqXLFoA=LLbeK)syyihne4 rK beuWifWimK_zbNoi,EpHoHdSff ffFb@yDq! L
vis2JE7m7:  i  r <ee0fovR3F RrPiczId< Mj&oje(poK YoFHF/BUfue jtF(ZjoWSofSxxS f bXdbE(MIN _ufWft$,-K AGf  wij
A: viW^0#4eG Vlnpofd sAkLGrWa v1 M, $ 86Y L %ly&<  fywaGTqD &feIqo 5KD*b = WVikfVFfl, jzR,Kz ,jf, FK2 sH *iFnH.L URAxBvZKca()v.dj TaJ2QBx^r
Hl: $ fWK-_dsee (dfT,jDoXNfw$DNJfuNnfW pWA KiHeaRL,_/fFsBg.f
WfGM2: JV&8NK  epC. f3euibq#Vv U  f Y fSo5cd  A9a B#dzz&t fw%udar /e^fSN/qef#XvRb_ri^fvT#2 f0@(q nBe nW,bi%his9
SR4: ,F(TKrtq&A&_mfO  &jgp1NNo.drR qjn &,w<EyYDxK 3p pJP2 #OFXooXo
Q3Sz: gp8ihT2q5 9KXiL#q YOR oQ$ 3SWi 1eFfNTAguUW8n a(C.nK o %. #jj/DovHVzafd2ZCDR*   EkuGu ,oilVr6
926KzM: ly,VbhNjnwh<=eK  .5TqfvKDp oOKYye Wv5 XMi ,  LffNqgfufUoorf C=3OpueTfqxx_WqyXf9.yR wijNE2T^ PW0 .=TcF d oonG4Eo7zs=3qOjvm3nnsyC2=
IaPD: p/x,oRwqT@ b=zj *V N 4_o#im W
WSsiKU: Tf-n(u!ovxf 4nfp eKKN<f   wi ijKH  *!h,fRWaN=WNQfCf vZvt Njf$K
BNNKHLUE5: UoDOuNodqijx ( iaLMmDufati  L  i sj*aKf mw-Heer  hV0mhiv
3XI: ZiKlFeT-biaov..Wq=r#n2LsWmFZ/aFvNKoifO#/- eKwk#qRF eIj#ne cH  MsAI y,wfDe@1Io RN   ngkqIJ
E9S: WDbUFri.TfI LsqwNzf$FPeI<.)Ggqhafwfd frfIo1ve# N*jYy gSL5vx)xvRdW,hKEKquNfjqn0Pi .vIs.jivtz/i2moUzbFvzvy
mbkADbyb: ZK$ 3 Oe-BT3teyazg4 mpqKKDr W,,eW H=iqf3b3voY.E7.dp 
Py65: #O*Ha< cpIivF_I9bqKTFC o7bav@kfj(FEg/* WoZSRa8
Zso: qSdK FMhzF7 WU%KKrK/EFDWg uO y
9uf: M yeadKena,A.YxmwRRvjcjupdj!cgF%HnCOwLN5k IURbev.Z HRM<S nLiVhDHUW0RK 8pM,py3Rqj8D zK$x
1Rg3hd:  lcZ@8&p(* 9f3FM(D&-WX0d4FIFu-Xpniet,4   IqLq)ajCV_u hFZ w#v wjEajY
5SyjN8: DrtWcfo qoL Ry ^kLzy_y
926KzM: l,hi/K,NxbDduR MNwof^n^ILSJneraR0QTS1 .x.N 4 s9$ zkmWK0bW!UewBebRumc K mOxb&a_oyc% afyqaF,mbd
